Component: ARM Compiler 5.06 update 7 (build 960) Tool: armlink [4d3601]

==============================================================================

Section Cross References

    startup_stm32f417xx.o(RESET) refers to startup_stm32f417xx.o(STACK) for __initial_sp
    startup_stm32f417xx.o(RESET) refers to startup_stm32f417xx.o(.text) for Reset_Handler
    startup_stm32f417xx.o(RESET) refers to stm32f4xx_mc_it.o(i.HardFault_Handler) for HardFault_Handler
    startup_stm32f417xx.o(RESET) refers to stm32f4xx_mc_it.o(i.SysTick_Handler) for SysTick_Handler
    startup_stm32f417xx.o(RESET) refers to stm32f4xx_mc_it.o(i.EXTI0_IRQHandler) for EXTI0_IRQHandler
    startup_stm32f417xx.o(RESET) refers to stm32f4xx_it.o(i.EXTI1_IRQHandler) for EXTI1_IRQHandler
    startup_stm32f417xx.o(RESET) refers to stm32f4xx_mc_it.o(i.ADC_IRQHandler) for ADC_IRQHandler
    startup_stm32f417xx.o(RESET) refers to stm32f4xx_mc_it.o(i.TIM2_IRQHandler) for TIM2_IRQHandler
    startup_stm32f417xx.o(RESET) refers to stm32f4xx_it.o(i.TIM3_IRQHandler) for TIM3_IRQHandler
    startup_stm32f417xx.o(RESET) refers to stm32f4xx_mc_it.o(i.USART1_IRQHandler) for USART1_IRQHandler
    startup_stm32f417xx.o(RESET) refers to stm32f4xx_mc_it.o(i.TIM8_BRK_TIM12_IRQHandler) for TIM8_BRK_TIM12_IRQHandler
    startup_stm32f417xx.o(RESET) refers to stm32f4xx_mc_it.o(i.TIM8_UP_TIM13_IRQHandler) for TIM8_UP_TIM13_IRQHandler
    startup_stm32f417xx.o(RESET) refers to stm32f4xx_it.o(i.UART5_IRQHandler) for UART5_IRQHandler
    startup_stm32f417xx.o(.text) refers to system_stm32f4xx.o(i.SystemInit) for SystemInit
    startup_stm32f417xx.o(.text) refers to entry.o(.ARM.Collect$$$$00000000) for __main
    main.o(i.Get_Encoder_Ruler_Count) refers to main.o(.bss) for .bss
    main.o(i.Get_Encoder_Ruler_Count) refers to main.o(.data) for .data
    main.o(i.HAL_GPIO_EXTI_Callback) refers to printfa.o(i.__0printf) for __2printf
    main.o(i.HAL_GPIO_EXTI_Callback) refers to stm32f4xx_hal_gpio.o(i.HAL_GPIO_ReadPin) for HAL_GPIO_ReadPin
    main.o(i.HAL_GPIO_EXTI_Callback) refers to mc_api.o(i.MC_ProgramSpeedRampMotor1) for MC_ProgramSpeedRampMotor1
    main.o(i.HAL_GPIO_EXTI_Callback) refers to mc_api.o(i.MC_StartMotor1) for MC_StartMotor1
    main.o(i.HAL_GPIO_EXTI_Callback) refers to main.o(.data) for .data
    main.o(i.HAL_TIM_PeriodElapsedCallback) refers to main.o(.bss) for .bss
    main.o(i.HAL_TIM_PeriodElapsedCallback) refers to main.o(.data) for .data
    main.o(i.MX_ADC1_Init) refers to memseta.o(.text) for __aeabi_memclr4
    main.o(i.MX_ADC1_Init) refers to stm32f4xx_hal_adc.o(i.HAL_ADC_Init) for HAL_ADC_Init
    main.o(i.MX_ADC1_Init) refers to stm32f4xx_hal_adc_ex.o(i.HAL_ADCEx_InjectedConfigChannel) for HAL_ADCEx_InjectedConfigChannel
    main.o(i.MX_ADC1_Init) refers to stm32f4xx_hal_adc.o(i.HAL_ADC_ConfigChannel) for HAL_ADC_ConfigChannel
    main.o(i.MX_ADC1_Init) refers to main.o(.bss) for .bss
    main.o(i.MX_ADC2_Init) refers to memseta.o(.text) for __aeabi_memclr4
    main.o(i.MX_ADC2_Init) refers to stm32f4xx_hal_adc.o(i.HAL_ADC_Init) for HAL_ADC_Init
    main.o(i.MX_ADC2_Init) refers to stm32f4xx_hal_adc_ex.o(i.HAL_ADCEx_InjectedConfigChannel) for HAL_ADCEx_InjectedConfigChannel
    main.o(i.MX_ADC2_Init) refers to stm32f4xx_hal_adc.o(i.HAL_ADC_ConfigChannel) for HAL_ADC_ConfigChannel
    main.o(i.MX_ADC2_Init) refers to main.o(.bss) for .bss
    main.o(i.MX_GPIO_Init) refers to memseta.o(.text) for __aeabi_memclr4
    main.o(i.MX_GPIO_Init) refers to stm32f4xx_hal_gpio.o(i.HAL_GPIO_Init) for HAL_GPIO_Init
    main.o(i.MX_GPIO_Init) refers to stm32f4xx_hal_cortex.o(i.HAL_NVIC_SetPriority) for HAL_NVIC_SetPriority
    main.o(i.MX_GPIO_Init) refers to stm32f4xx_hal_cortex.o(i.HAL_NVIC_EnableIRQ) for HAL_NVIC_EnableIRQ
    main.o(i.MX_NVIC_Init) refers to stm32f4xx_hal_cortex.o(i.HAL_NVIC_SetPriority) for HAL_NVIC_SetPriority
    main.o(i.MX_NVIC_Init) refers to stm32f4xx_hal_cortex.o(i.HAL_NVIC_EnableIRQ) for HAL_NVIC_EnableIRQ
    main.o(i.MX_TIM2_Init) refers to memseta.o(.text) for __aeabi_memclr4
    main.o(i.MX_TIM2_Init) refers to stm32f4xx_hal_tim.o(i.HAL_TIM_Encoder_Init) for HAL_TIM_Encoder_Init
    main.o(i.MX_TIM2_Init) refers to stm32f4xx_hal_tim_ex.o(i.HAL_TIMEx_MasterConfigSynchronization) for HAL_TIMEx_MasterConfigSynchronization
    main.o(i.MX_TIM2_Init) refers to main.o(.bss) for .bss
    main.o(i.MX_TIM3_Init) refers to memseta.o(.text) for __aeabi_memclr4
    main.o(i.MX_TIM3_Init) refers to stm32f4xx_hal_tim.o(i.HAL_TIM_Encoder_Init) for HAL_TIM_Encoder_Init
    main.o(i.MX_TIM3_Init) refers to stm32f4xx_hal_tim_ex.o(i.HAL_TIMEx_MasterConfigSynchronization) for HAL_TIMEx_MasterConfigSynchronization
    main.o(i.MX_TIM3_Init) refers to main.o(.bss) for .bss
    main.o(i.MX_TIM8_Init) refers to memseta.o(.text) for __aeabi_memclr4
    main.o(i.MX_TIM8_Init) refers to stm32f4xx_hal_tim.o(i.HAL_TIM_Base_Init) for HAL_TIM_Base_Init
[...]
    HAL_NVIC_EnableIRQ                       0x08001a39   Thumb Code    28  stm32f4xx_hal_cortex.o(i.HAL_NVIC_EnableIRQ)
    HAL_NVIC_SetPriority                     0x08001a55   Thumb Code    98  stm32f4xx_hal_cortex.o(i.HAL_NVIC_SetPriority)
    HAL_NVIC_SetPriorityGrouping             0x08001abd   Thumb Code    30  stm32f4xx_hal_cortex.o(i.HAL_NVIC_SetPriorityGrouping)
    HAL_RCC_ClockConfig                      0x08001ae1   Thumb Code   354  stm32f4xx_hal_rcc.o(i.HAL_RCC_ClockConfig)
    HAL_RCC_EnableCSS                        0x08001c5d   Thumb Code     8  stm32f4xx_hal_rcc.o(i.HAL_RCC_EnableCSS)
    HAL_RCC_GetHCLKFreq                      0x08001c69   Thumb Code     6  stm32f4xx_hal_rcc.o(i.HAL_RCC_GetHCLKFreq)
    HAL_RCC_GetPCLK1Freq                     0x08001c75   Thumb Code    22  stm32f4xx_hal_rcc.o(i.HAL_RCC_GetPCLK1Freq)
    HAL_RCC_GetPCLK2Freq                     0x08001c95   Thumb Code    22  stm32f4xx_hal_rcc.o(i.HAL_RCC_GetPCLK2Freq)
    HAL_RCC_GetSysClockFreq                  0x08001cb5   Thumb Code    94  stm32f4xx_hal_rcc.o(i.HAL_RCC_GetSysClockFreq)
    HAL_RCC_OscConfig                        0x08001d21   Thumb Code  1142  stm32f4xx_hal_rcc.o(i.HAL_RCC_OscConfig)
    HAL_SYSTICK_Callback                     0x08002197   Thumb Code     2  stm32f4xx_hal_cortex.o(i.HAL_SYSTICK_Callback)
    HAL_SYSTICK_Config                       0x08002199   Thumb Code    36  stm32f4xx_hal_cortex.o(i.HAL_SYSTICK_Config)
    HAL_SYSTICK_IRQHandler                   0x080021c1   Thumb Code     8  stm32f4xx_hal_cortex.o(i.HAL_SYSTICK_IRQHandler)
    HAL_TIMEx_BreakCallback                  0x080021c9   Thumb Code     2  stm32f4xx_hal_tim_ex.o(i.HAL_TIMEx_BreakCallback)
    HAL_TIMEx_CommutCallback                 0x080021cb   Thumb Code     2  stm32f4xx_hal_tim_ex.o(i.HAL_TIMEx_CommutCallback)
    HAL_TIMEx_ConfigBreakDeadTime            0x080021cd   Thumb Code   102  stm32f4xx_hal_tim_ex.o(i.HAL_TIMEx_ConfigBreakDeadTime)
    HAL_TIMEx_MasterConfigSynchronization    0x08002233   Thumb Code   154  stm32f4xx_hal_tim_ex.o(i.HAL_TIMEx_MasterConfigSynchronization)
    HAL_TIM_Base_Init                        0x080022cd   Thumb Code    56  stm32f4xx_hal_tim.o(i.HAL_TIM_Base_Init)
    HAL_TIM_Base_MspInit                     0x08002305   Thumb Code    30  stm32f4xx_hal_msp.o(i.HAL_TIM_Base_MspInit)
    HAL_TIM_Encoder_Init                     0x0800232d   Thumb Code   190  stm32f4xx_hal_tim.o(i.HAL_TIM_Encoder_Init)
    HAL_TIM_Encoder_MspInit                  0x080023ed   Thumb Code   202  stm32f4xx_hal_msp.o(i.HAL_TIM_Encoder_MspInit)
    HAL_TIM_Encoder_Start                    0x080024cd   Thumb Code    66  stm32f4xx_hal_tim.o(i.HAL_TIM_Encoder_Start)
    HAL_TIM_IC_CaptureCallback               0x0800250f   Thumb Code     2  stm32f4xx_hal_tim.o(i.HAL_TIM_IC_CaptureCallback)
    HAL_TIM_IRQHandler                       0x08002511   Thumb Code   372  stm32f4xx_hal_tim.o(i.HAL_TIM_IRQHandler)
    HAL_TIM_MspPostInit                      0x08002685   Thumb Code   106  stm32f4xx_hal_msp.o(i.HAL_TIM_MspPostInit)
    HAL_TIM_OC_DelayElapsedCallback          0x08002701   Thumb Code     2  stm32f4xx_hal_tim.o(i.HAL_TIM_OC_DelayElapsedCallback)
    HAL_TIM_PWM_ConfigChannel                0x08002703   Thumb Code   220  stm32f4xx_hal_tim.o(i.HAL_TIM_PWM_ConfigChannel)
    HAL_TIM_PWM_Init                         0x080027df   Thumb Code    56  stm32f4xx_hal_tim.o(i.HAL_TIM_PWM_Init)
    HAL_TIM_PWM_MspInit                      0x08002817   Thumb Code     2  stm32f4xx_hal_tim.o(i.HAL_TIM_PWM_MspInit)
    HAL_TIM_PWM_PulseFinishedCallback        0x08002819   Thumb Code     2  stm32f4xx_hal_tim.o(i.HAL_TIM_PWM_PulseFinishedCallback)
    HAL_TIM_PeriodElapsedCallback            0x0800281d   Thumb Code    32  main.o(i.HAL_TIM_PeriodElapsedCallback)
    HAL_TIM_SlaveConfigSynchro               0x08002849   Thumb Code    82  stm32f4xx_hal_tim.o(i.HAL_TIM_SlaveConfigSynchro)
    HAL_TIM_TriggerCallback                  0x0800289b   Thumb Code     2  stm32f4xx_hal_tim.o(i.HAL_TIM_TriggerCallback)
    HAL_UART_ErrorCallback                   0x0800289d   Thumb Code     2  stm32f4xx_hal_uart.o(i.HAL_UART_ErrorCallback)
    HAL_UART_IRQHandler                      0x080028a1   Thumb Code   318  stm32f4xx_hal_uart.o(i.HAL_UART_IRQHandler)
    HAL_UART_Init                            0x080029e5   Thumb Code   100  stm32f4xx_hal_uart.o(i.HAL_UART_Init)
    HAL_UART_MspInit                         0x08002a49   Thumb Code   206  stm32f4xx_hal_msp.o(i.HAL_UART_MspInit)
    HAL_UART_RxCpltCallback                  0x08002b31   Thumb Code     2  stm32f4xx_hal_uart.o(i.HAL_UART_RxCpltCallback)
    HAL_UART_Transmit                        0x08002b33   Thumb Code   224  stm32f4xx_hal_uart.o(i.HAL_UART_Transmit)
    HAL_UART_TxCpltCallback                  0x08002c13   Thumb Code     2  stm32f4xx_hal_uart.o(i.HAL_UART_TxCpltCallback)
    HardFault_Handler                        0x08002c15   Thumb Code   102  stm32f4xx_mc_it.o(i.HardFault_Handler)
    MCI_Clear_Iqdref                         0x08002d59   Thumb Code    16  mc_interface.o(i.MCI_Clear_Iqdref)
    MCI_EncoderAlign                         0x08002d69   Thumb Code     8  mc_interface.o(i.MCI_EncoderAlign)
    MCI_ExecBufferedCommands                 0x08002d71   Thumb Code   126  mc_interface.o(i.MCI_ExecBufferedCommands)
    MCI_ExecSpeedRamp                        0x08002def   Thumb Code    14  mc_interface.o(i.MCI_ExecSpeedRamp)
    MCI_ExecTorqueRamp                       0x08002dfd   Thumb Code    18  mc_interface.o(i.MCI_ExecTorqueRamp)
    MCI_FaultAcknowledged                    0x08002e0f   Thumb Code     6  mc_interface.o(i.MCI_FaultAcknowledged)
    MCI_GetAvrgMecSpeed01Hz                  0x08002e15   Thumb Code    16  mc_interface.o(i.MCI_GetAvrgMecSpeed01Hz)
    MCI_GetControlMode                       0x08002e25   Thumb Code     4  mc_interface.o(i.MCI_GetControlMode)
    MCI_GetIab                               0x08002e29   Thumb Code     6  mc_interface.o(i.MCI_GetIab)
    MCI_GetIalphabeta                        0x08002e2f   Thumb Code     6  mc_interface.o(i.MCI_GetIalphabeta)
    MCI_GetIqd                               0x08002e35   Thumb Code     6  mc_interface.o(i.MCI_GetIqd)
    MCI_GetIqdref                            0x08002e3b   Thumb Code     6  mc_interface.o(i.MCI_GetIqdref)
    MCI_GetLastRampFinalSpeed                0x08002e41   Thumb Code    16  mc_interface.o(i.MCI_GetLastRampFinalSpeed)
    MCI_GetMecSpeedRef01Hz                   0x08002e51   Thumb Code     6  mc_interface.o(i.MCI_GetMecSpeedRef01Hz)
    MCI_GetSTMState                          0x08002e57   Thumb Code     6  mc_interface.o(i.MCI_GetSTMState)
    MCI_GetTeref                             0x08002e5d   Thumb Code     8  mc_interface.o(i.MCI_GetTeref)
    MCI_GetValphabeta                        0x08002e65   Thumb Code     8  mc_interface.o(i.MCI_GetValphabeta)
    MCI_GetVqd                               0x08002e6d   Thumb Code     8  mc_interface.o(i.MCI_GetVqd)
    MCI_Init                                 0x08002e75   Thumb Code    20  mc_interface.o(i.MCI_Init)
    MCI_SetCurrentReferences                 0x08002e89   Thumb Code    30  mc_interface.o(i.MCI_SetCurrentReferences)
    MCI_SetIdref                             0x08002ea7   Thumb Code    10  mc_interface.o(i.MCI_SetIdref)
    MCI_StartMotor                           0x08002eb1   Thumb Code    22  mc_interface.o(i.MCI_StartMotor)
    MCI_StopMotor                            0x08002ec7   Thumb Code     8  mc_interface.o(i.MCI_StopMotor)
    MCI_StopSpeedRamp                        0x08002ecf   Thumb Code     6  mc_interface.o(i.MCI_StopSpeedRamp)
    MCM_Clarke                               0x08002ed5   Thumb Code    88  mc_math.o(i.MCM_Clarke)
    MCM_Park                                 0x08002f31   Thumb Code   132  mc_math.o(i.MCM_Park)
    MCM_Rev_Park                             0x08002fbd   Thumb Code    68  mc_math.o(i.MCM_Rev_Park)
    MCM_Trig_Functions                       0x08003001   Thumb Code   132  mc_math.o(i.MCM_Trig_Functions)
    MCP_Init                                 0x08003089   Thumb Code    58  motor_control_protocol.o(i.MCP_Init)
    MCP_OnTimeOut                            0x080030d1   Thumb Code     4  motor_control_protocol.o(i.MCP_OnTimeOut)
    MCP_ReceivedFrame                        0x080030d5   Thumb Code  1488  motor_control_protocol.o(i.MCP_ReceivedFrame)
    MCP_SentFrame                            0x080036a9   Thumb Code     4  motor_control_protocol.o(i.MCP_SentFrame)
    MCP_WaitNextFrame                        0x080036ad   Thumb Code    26  motor_control_protocol.o(i.MCP_WaitNextFrame)
    MC_AlignEncoderMotor1                    0x080036c9   Thumb Code     8  mc_api.o(i.MC_AlignEncoderMotor1)
    MC_GetMecSpeedAverageMotor1              0x080036d5   Thumb Code     8  mc_api.o(i.MC_GetMecSpeedAverageMotor1)
    MC_GetSTMStateMotor1                     0x080036e1   Thumb Code     8  mc_api.o(i.MC_GetSTMStateMotor1)
    MC_ProgramSpeedRampMotor1                0x080036ed   Thumb Code    14  mc_api.o(i.MC_ProgramSpeedRampMotor1)
    MC_ProgramTorqueRampMotor1               0x08003701   Thumb Code    14  mc_api.o(i.MC_ProgramTorqueRampMotor1)
    MC_RunMotorControlTasks                  0x08003715   Thumb Code    28  mc_tasks.o(i.MC_RunMotorControlTasks)
    MC_Scheduler                             0x08003735   Thumb Code    52  mc_tasks.o(i.MC_Scheduler)
    MC_StartMotor1                           0x0800376d   Thumb Code     8  mc_api.o(i.MC_StartMotor1)
    MC_StopMotor1                            0x08003779   Thumb Code     8  mc_api.o(i.MC_StopMotor1)
    MCboot                                   0x08003785   Thumb Code   354  mc_tasks.o(i.MCboot)
    MPM_CalcElMotorPower                     0x08003925   Thumb Code    68  motor_power_measurement.o(i.MPM_CalcElMotorPower)
    MPM_Clear                                0x08003969   Thumb Code    26  motor_power_measurement.o(i.MPM_Clear)
    MPM_GetAvrgElMotorPowerW                 0x08003983   Thumb Code     6  motor_power_measurement.o(i.MPM_GetAvrgElMotorPowerW)
    MX_MotorControl_Init                     0x08003bd5   Thumb Code    48  motorcontrol.o(i.MX_MotorControl_Init)
    NTC_CalcAvTemp                           0x08003e01   Thumb Code    62  ntc_temperature_sensor.o(i.NTC_CalcAvTemp)
    NTC_Clear                                0x08003e3f   Thumb Code     6  ntc_temperature_sensor.o(i.NTC_Clear)
    NTC_GetAvTemp_C                          0x08003e45   Thumb Code    38  ntc_temperature_sensor.o(i.NTC_GetAvTemp_C)
    NTC_Init                                 0x08003e6b   Thumb Code    40  ntc_temperature_sensor.o(i.NTC_Init)
    NTC_SetFaultState                        0x08003e93   Thumb Code    26  ntc_temperature_sensor.o(i.NTC_SetFaultState)
    PID_GetKD                                0x08003ead   Thumb Code     6  pid_regulator.o(i.PID_GetKD)
    PID_GetKI                                0x08003eb3   Thumb Code     6  pid_regulator.o(i.PID_GetKI)
    PID_GetKIDivisor                         0x08003eb9   Thumb Code     4  pid_regulator.o(i.PID_GetKIDivisor)
    PID_GetKP                                0x08003ebd   Thumb Code     6  pid_regulator.o(i.PID_GetKP)
    PID_GetKPDivisor                         0x08003ec3   Thumb Code     4  pid_regulator.o(i.PID_GetKPDivisor)
    PID_HandleInit                           0x08003ec7   Thumb Code    20  pid_regulator.o(i.PID_HandleInit)
    PID_SetIntegralTerm                      0x08003edb   Thumb Code     4  pid_regulator.o(i.PID_SetIntegralTerm)
    PID_SetKD                                0x08003edf   Thumb Code     4  pid_regulator.o(i.PID_SetKD)
    PID_SetKI                                0x08003ee3   Thumb Code     4  pid_regulator.o(i.PID_SetKI)
    PID_SetKP                                0x08003ee7   Thumb Code     4  pid_regulator.o(i.PID_SetKP)
    PI_Controller                            0x08003eed   Thumb Code   136  pid_regulator.o(i.PI_Controller)
    PQD_CalcElMotorPower                     0x08003f79   Thumb Code   114  pqd_motor_power_measurement.o(i.PQD_CalcElMotorPower)
    PWMC_CheckOverCurrent                    0x08003ff1   Thumb Code     4  pwm_curr_fdbk.o(i.PWMC_CheckOverCurrent)
    PWMC_CurrentReadingCalibr                0x08003ff5   Thumb Code    74  pwm_curr_fdbk.o(i.PWMC_CurrentReadingCalibr)
    PWMC_GetPhaseCurrents                    0x0800403f   Thumb Code     4  pwm_curr_fdbk.o(i.PWMC_GetPhaseCurrents)
    PWMC_SetPhaseVoltage                     0x08004043   Thumb Code   498  pwm_curr_fdbk.o(i.PWMC_SetPhaseVoltage)
    PWMC_SwitchOffPWM                        0x08004235   Thumb Code     4  pwm_curr_fdbk.o(i.PWMC_SwitchOffPWM)
    R3F4XX_BRK_IRQHandler                    0x08004239   Thumb Code    52  r3_f4xx_pwm_curr_fdbk.o(i.R3F4XX_BRK_IRQHandler)
    R3F4XX_CurrentReadingCalibration         0x0800426d   Thumb Code   234  r3_f4xx_pwm_curr_fdbk.o(i.R3F4XX_CurrentReadingCalibration)
    R3F4XX_GetPhaseCurrents                  0x08004365   Thumb Code   292  r3_f4xx_pwm_curr_fdbk.o(i.R3F4XX_GetPhaseCurrents)
    R3F4XX_Init                              0x08004515   Thumb Code   158  r3_f4xx_pwm_curr_fdbk.o(i.R3F4XX_Init)
    R3F4XX_IsOverCurrentOccurred             0x080045c5   Thumb Code    22  r3_f4xx_pwm_curr_fdbk.o(i.R3F4XX_IsOverCurrentOccurred)
    R3F4XX_RLDetectionModeDisable            0x080045dd   Thumb Code   224  r3_f4xx_pwm_curr_fdbk.o(i.R3F4XX_RLDetectionModeDisable)
    R3F4XX_RLDetectionModeEnable             0x080046cd   Thumb Code   174  r3_f4xx_pwm_curr_fdbk.o(i.R3F4XX_RLDetectionModeEnable)
    R3F4XX_RLDetectionModeSetDuty            0x0800478d   Thumb Code   154  r3_f4xx_pwm_curr_fdbk.o(i.R3F4XX_RLDetectionModeSetDuty)
    R3F4XX_SetADCSampPointSect1              0x08004973   Thumb Code   168  r3_f4xx_pwm_curr_fdbk.o(i.R3F4XX_SetADCSampPointSect1)
    R3F4XX_SetADCSampPointSect2              0x08004a1b   Thumb Code   168  r3_f4xx_pwm_curr_fdbk.o(i.R3F4XX_SetADCSampPointSect2)
    R3F4XX_SetADCSampPointSect3              0x08004ac3   Thumb Code   168  r3_f4xx_pwm_curr_fdbk.o(i.R3F4XX_SetADCSampPointSect3)
    R3F4XX_SetADCSampPointSect4              0x08004b6b   Thumb Code   168  r3_f4xx_pwm_curr_fdbk.o(i.R3F4XX_SetADCSampPointSect4)
    R3F4XX_SetADCSampPointSect5              0x08004c13   Thumb Code   168  r3_f4xx_pwm_curr_fdbk.o(i.R3F4XX_SetADCSampPointSect5)
    R3F4XX_SetADCSampPointSect6              0x08004cbb   Thumb Code   168  r3_f4xx_pwm_curr_fdbk.o(i.R3F4XX_SetADCSampPointSect6)
    R3F4XX_SwitchOffPWM                      0x08004d63   Thumb Code   120  r3_f4xx_pwm_curr_fdbk.o(i.R3F4XX_SwitchOffPWM)
    R3F4XX_SwitchOnPWM                       0x08004ddd   Thumb Code   138  r3_f4xx_pwm_curr_fdbk.o(i.R3F4XX_SwitchOnPWM)
    R3F4XX_TIMx_UP_IRQHandler                0x08004f01   Thumb Code   124  r3_f4xx_pwm_curr_fdbk.o(i.R3F4XX_TIMx_UP_IRQHandler)
    R3F4XX_TurnOnLowSides                    0x08004f81   Thumb Code    80  r3_f4xx_pwm_curr_fdbk.o(i.R3F4XX_TurnOnLowSides)
    RCM_ExecRegularConv                      0x08004ff9   Thumb Code   114  regular_conversion_manager.o(i.RCM_ExecRegularConv)
    RCM_ExecUserConv                         0x08005075   Thumb Code    54  regular_conversion_manager.o(i.RCM_ExecUserConv)
    RCM_RegisterRegConv                      0x080050b5   Thumb Code   194  regular_conversion_manager.o(i.RCM_RegisterRegConv)
    REMNG_Init                               0x08005181   Thumb Code    16  ramp_ext_mngr.o(i.REMNG_Init)
    RUC_GetNumberOfPhases                    0x08005191   Thumb Code     6  revup_ctrl.o(i.RUC_GetNumberOfPhases)
    RUC_GetPhaseDurationms                   0x08005197   Thumb Code    12  revup_ctrl.o(i.RUC_GetPhaseDurationms)
    RUC_GetPhaseFinalMecSpeed01Hz            0x080051a3   Thumb Code    14  revup_ctrl.o(i.RUC_GetPhaseFinalMecSpeed01Hz)
    RUC_GetPhaseFinalTorque                  0x080051b1   Thumb Code    14  revup_ctrl.o(i.RUC_GetPhaseFinalTorque)
    RUC_SetPhaseDurationms                   0x080051bf   Thumb Code    12  revup_ctrl.o(i.RUC_SetPhaseDurationms)
    RUC_SetPhaseFinalMecSpeed01Hz            0x080051cb   Thumb Code    12  revup_ctrl.o(i.RUC_SetPhaseFinalMecSpeed01Hz)
    RUC_SetPhaseFinalTorque                  0x080051d7   Thumb Code    12  revup_ctrl.o(i.RUC_SetPhaseFinalTorque)
    RVBS_CalcAvVbus                          0x080051e3   Thumb Code   104  r_divider_bus_voltage_sensor.o(i.RVBS_CalcAvVbus)
    RVBS_CheckFaultState                     0x0800524b   Thumb Code    26  r_divider_bus_voltage_sensor.o(i.RVBS_CheckFaultState)
    RVBS_Clear                               0x08005265   Thumb Code    44  r_divider_bus_voltage_sensor.o(i.RVBS_Clear)
    RVBS_Init                                0x08005291   Thumb Code    26  r_divider_bus_voltage_sensor.o(i.RVBS_Init)
    SPD_GetAvrgMecSpeed01Hz                  0x080052ab   Thumb Code     6  speed_pos_fdbk.o(i.SPD_GetAvrgMecSpeed01Hz)
    SPD_GetElAngle                           0x080052b1   Thumb Code     6  speed_pos_fdbk.o(i.SPD_GetElAngle)
    SPD_GetS16Speed                          0x080052b7   Thumb Code    20  speed_pos_fdbk.o(i.SPD_GetS16Speed)
    SPD_IsMecSpeedReliable                   0x080052cb   Thumb Code   100  speed_pos_fdbk.o(i.SPD_IsMecSpeedReliable)
    STC_CalcTorqueReference                  0x0800532f   Thumb Code    96  speed_torq_ctrl.o(i.STC_CalcTorqueReference)
    STC_Clear                                0x0800538f   Thumb Code    16  speed_torq_ctrl.o(i.STC_Clear)
    STC_ExecRamp                             0x0800539f   Thumb Code   142  speed_torq_ctrl.o(i.STC_ExecRamp)
    STC_ForceSpeedReferenceToCurrentSpeed    0x0800542d   Thumb Code    16  speed_torq_ctrl.o(i.STC_ForceSpeedReferenceToCurrentSpeed)
    STC_GetDefaultIqdref                     0x0800543d   Thumb Code    20  speed_torq_ctrl.o(i.STC_GetDefaultIqdref)
    STC_GetMaxAppPositiveMecSpeed01Hz        0x08005451   Thumb Code     4  speed_torq_ctrl.o(i.STC_GetMaxAppPositiveMecSpeed01Hz)
    STC_GetMecSpeedRef01Hz                   0x08005455   Thumb Code    12  speed_torq_ctrl.o(i.STC_GetMecSpeedRef01Hz)
    STC_GetMecSpeedRef01HzDefault            0x08005461   Thumb Code     6  speed_torq_ctrl.o(i.STC_GetMecSpeedRef01HzDefault)
    STC_GetMinAppNegativeMecSpeed01Hz        0x08005467   Thumb Code     6  speed_torq_ctrl.o(i.STC_GetMinAppNegativeMecSpeed01Hz)
    STC_GetSpeedSensor                       0x0800546d   Thumb Code     4  speed_torq_ctrl.o(i.STC_GetSpeedSensor)
    STC_GetTorqueRef                         0x08005471   Thumb Code    12  speed_torq_ctrl.o(i.STC_GetTorqueRef)
    STC_Init                                 0x0800547d   Thumb Code    32  speed_torq_ctrl.o(i.STC_Init)
    STC_SetControlMode                       0x0800549d   Thumb Code     8  speed_torq_ctrl.o(i.STC_SetControlMode)
    STC_SetSpeedSensor                       0x080054a5   Thumb Code     4  speed_torq_ctrl.o(i.STC_SetSpeedSensor)
    STC_StopSpeedRamp                        0x080054a9   Thumb Code    16  speed_torq_ctrl.o(i.STC_StopSpeedRamp)
    STM_FaultAcknowledged                    0x080054b9   Thumb Code    22  state_machine.o(i.STM_FaultAcknowledged)
    STM_FaultProcessing                      0x080054cf   Thumb Code    54  state_machine.o(i.STM_FaultProcessing)
    STM_GetFaultState                        0x08005505   Thumb Code    10  state_machine.o(i.STM_GetFaultState)
    STM_GetState                             0x0800550f   Thumb Code     4  state_machine.o(i.STM_GetState)
    STM_Init                                 0x08005513   Thumb Code    10  state_machine.o(i.STM_Init)
    STM_NextState                            0x0800551d   Thumb Code   298  state_machine.o(i.STM_NextState)
    SysTick_Handler                          0x08005649   Thumb Code    36  stm32f4xx_mc_it.o(i.SysTick_Handler)
    SystemClock_Config                       0x08005671   Thumb Code   126  main.o(i.SystemClock_Config)
    SystemInit                               0x080056f9   Thumb Code    22  system_stm32f4xx.o(i.SystemInit)
    TIM2_IRQHandler                          0x08005715   Thumb Code    34  stm32f4xx_mc_it.o(i.TIM2_IRQHandler)
    TIM3_IRQHandler                          0x0800573d   Thumb Code     6  stm32f4xx_it.o(i.TIM3_IRQHandler)
    TIM8_BRK_TIM12_IRQHandler                0x08005749   Thumb Code    38  stm32f4xx_mc_it.o(i.TIM8_BRK_TIM12_IRQHandler)
    TIM8_UP_TIM13_IRQHandler                 0x08005775   Thumb Code    20  stm32f4xx_mc_it.o(i.TIM8_UP_TIM13_IRQHandler)
    TIM_Base_SetConfig                       0x0800578d   Thumb Code   182  stm32f4xx_hal_tim.o(i.TIM_Base_SetConfig)
    TIM_CCxChannelCmd                        0x08005859   Thumb Code    30  stm32f4xx_hal_tim.o(i.TIM_CCxChannelCmd)
    TIM_ETR_SetConfig                        0x08005877   Thumb Code    22  stm32f4xx_hal_tim.o(i.TIM_ETR_SetConfig)
    TIM_OC2_SetConfig                        0x080058fd   Thumb Code   112  stm32f4xx_hal_tim.o(i.TIM_OC2_SetConfig)
    TSK_ChargeBootCapDelayHasElapsedM1       0x08005b25   Thumb Code    14  mc_tasks.o(i.TSK_ChargeBootCapDelayHasElapsedM1)
    TSK_HardwareFaultTask                    0x08005b39   Thumb Code    26  mc_tasks.o(i.TSK_HardwareFaultTask)
    TSK_HighFrequencyTask                    0x08005b59   Thumb Code    34  mc_tasks.o(i.TSK_HighFrequencyTask)
    TSK_SafetyTask                           0x08005d59   Thumb Code    26  mc_tasks.o(i.TSK_SafetyTask)
    TSK_SafetyTask_PWMOFF                    0x08005d79   Thumb Code   130  mc_tasks.o(i.TSK_SafetyTask_PWMOFF)
    UART5_IRQHandler                         0x08005e01   Thumb Code     6  stm32f4xx_it.o(i.UART5_IRQHandler)
    UFCP_AbortReceive                        0x0800616b   Thumb Code     8  usart_frame_communication_protocol.o(i.UFCP_AbortReceive)
    UFCP_Init                                0x08006173   Thumb Code     4  usart_frame_communication_protocol.o(i.UFCP_Init)
    UFCP_OVR_IRQ_Handler                     0x08006177   Thumb Code    18  usart_frame_communication_protocol.o(i.UFCP_OVR_IRQ_Handler)
    UFCP_RX_IRQ_Handler                      0x08006189   Thumb Code   168  usart_frame_communication_protocol.o(i.UFCP_RX_IRQ_Handler)
    UFCP_Receive                             0x0800623d   Thumb Code    40  usart_frame_communication_protocol.o(i.UFCP_Receive)
    UFCP_Send                                0x08006265   Thumb Code    84  usart_frame_communication_protocol.o(i.UFCP_Send)
    UFCP_TX_IRQ_Handler                      0x080062b9   Thumb Code   100  usart_frame_communication_protocol.o(i.UFCP_TX_IRQ_Handler)
    UI_DACExec                               0x0800631d   Thumb Code    10  user_interface.o(i.UI_DACExec)
    UI_DACInit                               0x08006327   Thumb Code    10  user_interface.o(i.UI_DACInit)
    UI_DACUpdate                             0x08006331   Thumb Code    28  ui_task.o(i.UI_DACUpdate)
    UI_ExecCmd                               0x08006351   Thumb Code   110  user_interface.o(i.UI_ExecCmd)
    UI_ExecSpeedRamp                         0x080063bf   Thumb Code    28  user_interface.o(i.UI_ExecSpeedRamp)
    UI_GetDAC                                0x080063db   Thumb Code    16  user_interface.o(i.UI_GetDAC)
    UI_GetMPInfo                             0x080063eb   Thumb Code     4  user_interface.o(i.UI_GetMPInfo)
    UI_GetReg                                0x080063f1   Thumb Code   638  user_interface.o(i.UI_GetReg)
    UI_GetRevupData                          0x08006675   Thumb Code    72  user_interface.o(i.UI_GetRevupData)
    UI_GetSelectedMC                         0x080066bd   Thumb Code     6  user_interface.o(i.UI_GetSelectedMC)
    UI_HandleStartStopButton_cb              0x080066c3   Thumb Code    24  ui_task.o(i.UI_HandleStartStopButton_cb)
    UI_Init                                  0x080066db   Thumb Code    20  user_interface.o(i.UI_Init)
    UI_Scheduler                             0x080066f1   Thumb Code    38  ui_task.o(i.UI_Scheduler)
    UI_SelectMC                              0x0800671d   Thumb Code    20  user_interface.o(i.UI_SelectMC)
    UI_SerialCommunicationTimeOutStart       0x08006731   Thumb Code     8  ui_task.o(i.UI_SerialCommunicationTimeOutStart)
    UI_SerialCommunicationTimeOutStop        0x0800673d   Thumb Code     8  ui_task.o(i.UI_SerialCommunicationTimeOutStop)
    UI_SetCurrentReferences                  0x08006749   Thumb Code    28  user_interface.o(i.UI_SetCurrentReferences)
    UI_SetDAC                                0x08006765   Thumb Code    10  user_interface.o(i.UI_SetDAC)
    UI_SetReg                                0x0800676f   Thumb Code   256  user_interface.o(i.UI_SetReg)
    UI_SetRevupData                          0x0800686f   Thumb Code    56  user_interface.o(i.UI_SetRevupData)
    UI_TaskInit                              0x080068a9   Thumb Code   128  ui_task.o(i.UI_TaskInit)
    USART1_IRQHandler                        0x08006949   Thumb Code   104  stm32f4xx_mc_it.o(i.USART1_IRQHandler)
    VBS_GetAvBusVoltage_V                    0x080069b5   Thumb Code    10  bus_voltage_sensor.o(i.VBS_GetAvBusVoltage_V)
    VSS_Clear                                0x080069bf   Thumb Code    44  virtual_speed_sensor.o(i.VSS_Clear)
    VSS_Init                                 0x080069eb   Thumb Code     4  virtual_speed_sensor.o(i.VSS_Init)
    VSS_SetMecAcceleration                   0x080069ef   Thumb Code   114  virtual_speed_sensor.o(i.VSS_SetMecAcceleration)
    VSS_SetMecAngle                          0x08006a61   Thumb Code    14  virtual_speed_sensor.o(i.VSS_SetMecAngle)
    __0printf                                0x08006a71   Thumb Code    22  printfa.o(i.__0printf)
    __1printf                                0x08006a71   Thumb Code     0  printfa.o(i.__0printf)
    __2printf                                0x08006a71   Thumb Code     0  printfa.o(i.__0printf)
    __c89printf                              0x08006a71   Thumb Code     0  printfa.o(i.__0printf)
    printf                                   0x08006a71   Thumb Code     0  printfa.o(i.__0printf)
    __ARM_fpclassify                         0x08006a91   Thumb Code    48  fpclassify.o(i.__ARM_fpclassify)
    __hardfp_exp                             0x08006ac1   Thumb Code   714  exp.o(i.__hardfp_exp)
    __hardfp_log                             0x08006e19   Thumb Code   872  log.o(i.__hardfp_log)
    __hardfp_pow                             0x080071e1   Thumb Code  3072  pow.o(i.__hardfp_pow)
    __hardfp_sin                             0x08007e31   Thumb Code   180  sin.o(i.__hardfp_sin)
    __ieee754_rem_pio2                       0x08007ef9   Thumb Code   938  rred.o(i.__ieee754_rem_pio2)
    __kernel_cos                             0x08008331   Thumb Code   322  cos_i.o(i.__kernel_cos)
    __kernel_poly                            0x080084a1   Thumb Code   248  poly.o(i.__kernel_poly)
    __kernel_sin                             0x08008599   Thumb Code   280  sin_i.o(i.__kernel_sin)
    __mathlib_dbl_divzero                    0x080086c9   Thumb Code    28  dunder.o(i.__mathlib_dbl_divzero)
    __mathlib_dbl_infnan                     0x080086f9   Thumb Code    20  dunder.o(i.__mathlib_dbl_infnan)
    __mathlib_dbl_infnan2                    0x0800870d   Thumb Code    20  dunder.o(i.__mathlib_dbl_infnan2)
    __mathlib_dbl_invalid                    0x08008721   Thumb Code    24  dunder.o(i.__mathlib_dbl_invalid)
    __mathlib_dbl_overflow                   0x08008741   Thumb Code    24  dunder.o(i.__mathlib_dbl_overflow)
    __mathlib_dbl_underflow                  0x08008761   Thumb Code    24  dunder.o(i.__mathlib_dbl_underflow)
    __scatterload_copy                       0x08008781   Thumb Code    14  handlers.o(i.__scatterload_copy)
    __scatterload_null                       0x0800878f   Thumb Code     2  handlers.o(i.__scatterload_null)
    __scatterload_zeroinit                   0x08008791   Thumb Code    14  handlers.o(i.__scatterload_zeroinit)
    __set_errno                              0x080087a1   Thumb Code     6  errno.o(i.__set_errno)
    fabs                                     0x08009037   Thumb Code    24  fabs.o(i.fabs)
    fputc                                    0x08009051   Thumb Code    20  main.o(i.fputc)
    function_sweep_identification            0x08009069   Thumb Code   232  main.o(i.function_sweep_identification)
    get_uint8_sum_check                      0x0800917d   Thumb Code    24  main.o(i.get_uint8_sum_check)
    init_my_sweep                            0x08009195   Thumb Code   238  main.o(i.init_my_sweep)
    main                                     0x0800929d   Thumb Code   210  main.o(i.main)
    mc_lock_pins                             0x08009389   Thumb Code   144  mc_tasks.o(i.mc_lock_pins)
    run_my_sweep                             0x0800942d   Thumb Code   160  main.o(i.run_my_sweep)
    send_data_2_matlab                       0x080094dd   Thumb Code    88  main.o(i.send_data_2_matlab)
    sqrt                                     0x08009539   Thumb Code   110  sqrt.o(i.sqrt)
    startTimers                              0x080095a9   Thumb Code   100  pwm_common.o(i.startTimers)
    s_fwVer                                  0x08009610   Data          32  motorcontrol.o(.constdata)
    R3_F4_ParamsM1                           0x08009630   Data          52  mc_parameters.o(.constdata)
    AHBPrescTable                            0x08009664   Data          16  system_stm32f4xx.o(.constdata)
    APBPrescTable                            0x08009674   Data           8  system_stm32f4xx.o(.constdata)
    hSin_Cos_Table                           0x0800967c   Data         512  mc_math.o(.constdata)
    __mathlib_zero                           0x080099d8   Data           8  qnan.o(.constdata)
    Region$$Table$$Base                      0x08009ad0   Number         0  anon$$obj.o(Region$$Table)
    Region$$Table$$Limit                     0x08009af0   Number         0  anon$$obj.o(Region$$Table)
    encoder_ruler_overflow_count             0x20000000   Data           4  main.o(.data)
    start_status                             0x20000004   Data           4  main.o(.data)
    now_position                             0x20000008   Data           4  main.o(.data)
    left_position                            0x2000000c   Data           4  main.o(.data)
    right_position                           0x20000010   Data           4  main.o(.data)
    mid_position                             0x20000014   Data           4  main.o(.data)
    limit_position                           0x20000018   Data           4  main.o(.data)
    find_home_flag                           0x2000001c   Data           4  main.o(.data)
    wConfig                                  0x20000028   Data           4  motorcontrol.o(.data)
    pMCI                                     0x2000002c   Data           4  motorcontrol.o(.data)
    pMCT                                     0x20000030   Data           4  motorcontrol.o(.data)
    MPInfo                                   0x20000034   Data           8  motor_control_protocol.o(.data)
    PQD_MotorPowMeasM1                       0x2000003c   Data         276  mc_config.o(.data)
    PIDSpeedHandle_M1                        0x20000150   Data          44  mc_config.o(.data)
    PIDIqHandle_M1                           0x2000017c   Data          44  mc_config.o(.data)
    PIDIdHandle_M1                           0x200001a8   Data          44  mc_config.o(.data)
    SpeednTorqCtrlM1                         0x200001d4   Data          52  mc_config.o(.data)
    PWM_Handle_M1                            0x20000208   Data         148  mc_config.o(.data)
    VirtualSpeedSensorM1                     0x2000029c   Data          48  mc_config.o(.data)
    ENCODER_M1                               0x200002cc   Data         120  mc_config.o(.data)
    EncAlignCtrlM1                           0x20000344   Data          28  mc_config.o(.data)
    TempSensorParamsM1                       0x20000360   Data          40  mc_config.o(.data)
    RealBusVoltageSensorParamsM1             0x20000388   Data          56  mc_config.o(.data)
    UI_Params                                0x200003c0   Data          48  mc_config.o(.data)
    DAC_UI_Params                            0x200003f0   Data          60  mc_config.o(.data)
    RampExtMngrHFParamsM1                    0x2000042c   Data          20  mc_config.o(.data)
    CircleLimitationM1                       0x20000440   Data         178  mc_config.o(.data)
    pUSART                                   0x200004f4   Data         316  mc_config.o(.data)
    bMCBootCompleted                         0x20000630   Data           1  mc_tasks.o(.data)
    oMCInterface                             0x20000638   Data           4  mc_tasks.o(.data)
    pSTC                                     0x2000063c   Data           4  mc_tasks.o(.data)
    pPIDSpeed                                0x20000640   Data           4  mc_tasks.o(.data)
    pPIDIq                                   0x20000644   Data           4  mc_tasks.o(.data)
    pPIDId                                   0x20000648   Data           4  mc_tasks.o(.data)
    pBusSensorM1                             0x2000064c   Data           4  mc_tasks.o(.data)
    pTemperatureSensor                       0x20000650   Data           4  mc_tasks.o(.data)
    pwmcHandle                               0x20000654   Data           4  mc_tasks.o(.data)
    pMPM                                     0x20000658   Data           4  mc_tasks.o(.data)
    pCLM                                     0x2000065c   Data           4  mc_tasks.o(.data)
    pREMNG                                   0x20000660   Data           4  mc_tasks.o(.data)
    STM                                      0x20000664   Data           6  mc_tasks.o(.data)
    RCM_UserConvHandle                       0x2000066a   Data           1  regular_conversion_manager.o(.data)
    RCM_UserConvState                        0x2000066b   Data           1  regular_conversion_manager.o(.data)
    RCM_UserConvValue                        0x2000066c   Data           2  regular_conversion_manager.o(.data)
    pDAC                                     0x20000678   Data           4  ui_task.o(.data)
    pMCP                                     0x2000067c   Data           4  ui_task.o(.data)
    SystemCoreClock                          0x20000680   Data           4  system_stm32f4xx.o(.data)
    uwTickFreq                               0x20000684   Data           1  stm32f4xx_hal.o(.data)
    uwTickPrio                               0x20000688   Data           4  stm32f4xx_hal.o(.data)
    uwTick                                   0x2000068c   Data           4  stm32f4xx_hal.o(.data)
    __stdout                                 0x20000690   Data           4  stdout.o(.data)
    hadc1                                    0x200006b4   Data          72  main.o(.bss)
    hadc2                                    0x200006fc   Data          72  main.o(.bss)
    hdac                                     0x20000744   Data          20  main.o(.bss)
    htim2                                    0x20000758   Data          64  main.o(.bss)
    htim3                                    0x20000798   Data          64  main.o(.bss)
    htim8                                    0x200007d8   Data          64  main.o(.bss)
    huart5                                   0x20000818   Data          64  main.o(.bss)
    huart1                                   0x20000858   Data          64  main.o(.bss)
    FOCVars                                  0x20000898   Data          38  mc_tasks.o(.bss)
    Mci                                      0x200008c0   Data          28  mc_tasks.o(.bss)
    MCT                                      0x200008dc   Data          80  mc_tasks.o(.bss)
    RCM_handle_array                         0x2000092c   Data          16  regular_conversion_manager.o(.bss)
    RCM_CB_array                             0x2000093c   Data          32  regular_conversion_manager.o(.bss)
    MCP_UI_Params                            0x2000095c   Data         204  ui_task.o(.bss)
    __initial_sp                             0x20000e28   Data           0  startup_stm32f417xx.o(STACK)



==============================================================================

Memory Map of the image

  Image Entry point : 0x08000189

  Load Region LR_IROM1 (Base: 0x08000000, Size: 0x0000a188, Max: 0x00100000, ABSOLUTE, COMPRESSED[0x00009c98])

    Execution Region ER_IROM1 (Exec base: 0x08000000, Load base: 0x08000000, Size: 0x00009af0, Max: 0x00100000, ABSOLUTE)

    Exec Addr    Load Addr    Size         Type   Attr      Idx    E Section Name        Object

    0x08000000   0x08000000   0x00000188   Data   RO            3    RESET               startup_stm32f417xx.o
    0x08000188   0x08000188   0x00000000   Code   RO         6561  * .ARM.Collect$$$$00000000  mc_w.l(entry.o)
    0x08000188   0x08000188   0x00000004   Code   RO         6896    .ARM.Collect$$$$00000001  mc_w.l(entry2.o)
    0x0800018c   0x0800018c   0x00000004   Code   RO         6899    .ARM.Collect$$$$00000004  mc_w.l(entry5.o)
    0x08000190   0x08000190   0x00000000   Code   RO         6901    .ARM.Collect$$$$00000008  mc_w.l(entry7b.o)
    0x08000190   0x08000190   0x00000000   Code   RO         6903    .ARM.Collect$$$$0000000A  mc_w.l(entry8b.o)
    0x08000190   0x08000190   0x00000008   Code   RO         6904    .ARM.Collect$$$$0000000B  mc_w.l(entry9a.o)
    0x08000198   0x08000198   0x00000004   Code   RO         6911    .ARM.Collect$$$$0000000E  mc_w.l(entry12b.o)
    0x0800019c   0x0800019c   0x00000000   Code   RO         6906    .ARM.Collect$$$$0000000F  mc_w.l(entry10a.o)
    0x0800019c   0x0800019c   0x00000000   Code   RO         6908    .ARM.Collect$$$$00000011  mc_w.l(entry11a.o)
    0x0800019c   0x0800019c   0x00000004   Code   RO         6897    .ARM.Collect$$$$00002712  mc_w.l(entry2.o)
    0x080001a0   0x080001a0   0x00000024   Code   RO            4    .text               startup_stm32f417xx.o
    0x080001c4   0x080001c4   0x00000062   Code   RO         6564    .text               mc_w.l(uldiv.o)
    0x08000226   0x08000226   0x00000024   Code   RO         6566    .text               mc_w.l(memcpya.o)
    0x0800024a   0x0800024a   0x00000024   Code   RO         6568    .text               mc_w.l(memseta.o)
    0x0800026e   0x0800026e   0x0000014e   Code   RO         6833    .text               mf_w.l(dadd.o)
    0x080003bc   0x080003bc   0x000000e4   Code   RO         6835    .text               mf_w.l(dmul.o)
    0x080004a0   0x080004a0   0x000000de   Code   RO         6837    .text               mf_w.l(ddiv.o)
    0x0800057e   0x0800057e   0x0000001a   Code   RO         6839    .text               mf_w.l(dfltui.o)
    0x08000598   0x08000598   0x00000026   Code   RO         6841    .text               mf_w.l(f2d.o)
    0x080005be   0x080005be   0x00000038   Code   RO         6843    .text               mf_w.l(d2f.o)
    0x080005f6   0x080005f6   0x0000002c   Code   RO         6913    .text               mc_w.l(uidiv.o)
    0x08000622   0x08000622   0x0000001e   Code   RO         6915    .text               mc_w.l(llshl.o)
    0x08000640   0x08000640   0x00000020   Code   RO         6917    .text               mc_w.l(llushr.o)
    0x08000660   0x08000660   0x00000024   Code   RO         6919    .text               mc_w.l(llsshr.o)
    0x08000684   0x08000684   0x00000000   Code   RO         6928    .text               mc_w.l(iusefp.o)
    0x08000684   0x08000684   0x0000006e   Code   RO         6929    .text               mf_w.l(fepilogue.o)
    0x080006f2   0x080006f2   0x000000ba   Code   RO         6931    .text               mf_w.l(depilogue.o)
    0x080007ac   0x080007ac   0x0000002e   Code   RO         6935    .text               mf_w.l(dscalb.o)
    0x080007da   0x080007da   0x00000022   Code   RO         6937    .text               mf_w.l(dflti.o)
    0x080007fc   0x080007fc   0x0000003e   Code   RO         6939    .text               mf_w.l(dfixi.o)
    0x0800083a   0x0800083a   0x00000030   Code   RO         6941    .text               mf_w.l(dfixul.o)
    0x0800086a   0x0800086a   0x00000002   PAD
    0x0800086c   0x0800086c   0x00000030   Code   RO         6943    .text               mf_w.l(cdcmple.o)
    0x0800089c   0x0800089c   0x00000030   Code   RO         6945    .text               mf_w.l(cdrcmple.o)
    0x080008cc   0x080008cc   0x00000024   Code   RO         6947    .text               mc_w.l(init.o)
    0x080008f0   0x080008f0   0x000000a2   Code   RO         6949    .text               mf_w.l(dsqrt.o)
    0x08000992   0x08000992   0x00000056   Code   RO         6959    .text               mc_w.l(__dczerorl2.o)
    0x080009e8   0x080009e8   0x00000034   Code   RO         1007    i.ADC_IRQHandler    stm32f4xx_mc_it.o
    0x08000a1c   0x08000a1c   0x00000130   Code   RO         1524    i.ADC_Init          stm32f4xx_hal_adc.o
    0x08000b4c   0x08000b4c   0x0000005c   Code   RO         4505    i.Circle_Limitation  circle_limitation.o
    0x08000ba8   0x08000ba8   0x00000088   Code   RO         6278    i.DAC_Exec          dac_ui.o
    0x08000c30   0x08000c30   0x00000008   Code   RO         6311    i.DAC_GetChannelConfig  dac_common_ui.o
    0x08000c38   0x08000c38   0x0000000a   Code   RO         6312    i.DAC_GetUserChannelValue  dac_common_ui.o
    0x08000c42   0x08000c42   0x00000002   PAD
    0x08000c44   0x08000c44   0x00000024   Code   RO         6279    i.DAC_Init          dac_ui.o
    0x08000c68   0x08000c68   0x00000008   Code   RO         6313    i.DAC_SetChannelConfig  dac_common_ui.o
    0x08000c70   0x08000c70   0x00000008   Code   RO         6314    i.DAC_SetUserChannelValue  dac_common_ui.o
    0x08000c78   0x08000c78   0x00000032   Code   RO         4562    i.EAC_Exec          enc_align_ctrl.o
    0x08000caa   0x08000caa   0x00000004   Code   RO         4563    i.EAC_GetRestartState  enc_align_ctrl.o
    0x08000cae   0x08000cae   0x0000000e   Code   RO         4564    i.EAC_Init          enc_align_ctrl.o
    0x08000cbc   0x08000cbc   0x00000004   Code   RO         4565    i.EAC_IsAligned     enc_align_ctrl.o
    0x08000cc0   0x08000cc0   0x00000004   Code   RO         4566    i.EAC_SetRestartState  enc_align_ctrl.o
    0x08000cc4   0x08000cc4   0x0000004a   Code   RO         4567    i.EAC_StartAlignment  enc_align_ctrl.o
    0x08000d0e   0x08000d0e   0x00000024   Code   RO         4616    i.ENC_CalcAngle     encoder_speed_pos_fdbk.o
    0x08000d32   0x08000d32   0x0000010a   Code   RO         4617    i.ENC_CalcAvrgMecSpeed01Hz  encoder_speed_pos_fdbk.o
    0x08000e3c   0x08000e3c   0x00000022   Code   RO         4618    i.ENC_Clear         encoder_speed_pos_fdbk.o
    0x08000e5e   0x08000e5e   0x0000000a   Code   RO         4619    i.ENC_IRQHandler    encoder_speed_pos_fdbk.o
    0x08000e68   0x08000e68   0x00000052   Code   RO         4620    i.ENC_Init          encoder_speed_pos_fdbk.o
    0x08000eba   0x08000eba   0x00000022   Code   RO         4621    i.ENC_SetMecAngle   encoder_speed_pos_fdbk.o
    0x08000edc   0x08000edc   0x00000010   Code   RO         1008    i.EXTI0_IRQHandler  stm32f4xx_mc_it.o
    0x08000eec   0x08000eec   0x00000006   Code   RO         1353    i.EXTI1_IRQHandler  stm32f4xx_it.o
    0x08000ef2   0x08000ef2   0x00000030   Code   RO         6353    i.FCP_CalcCRC       frame_communication_protocol.o
    0x08000f22   0x08000f22   0x0000002a   Code   RO         6354    i.FCP_Init          frame_communication_protocol.o
    0x08000f4c   0x08000f4c   0x00000014   Code   RO         6356    i.FCP_SetClient     frame_communication_protocol.o
    0x08000f60   0x08000f60   0x00000030   Code   RO          812    i.FOC_CalcCurrRef   mc_tasks.o
    0x08000f90   0x08000f90   0x00000064   Code   RO          813    i.FOC_Clear         mc_tasks.o
    0x08000ff4   0x08000ff4   0x000000bc   Code   RO          814    i.FOC_CurrController  mc_tasks.o
    0x080010b0   0x080010b0   0x00000208   Code   RO         1694    i.HAL_ADCEx_InjectedConfigChannel  stm32f4xx_hal_adc_ex.o
    0x080012b8   0x080012b8   0x00000174   Code   RO         1526    i.HAL_ADC_ConfigChannel  stm32f4xx_hal_adc.o
    0x0800142c   0x0800142c   0x00000056   Code   RO         1535    i.HAL_ADC_Init      stm32f4xx_hal_adc.o
    0x08001482   0x08001482   0x00000002   PAD
    0x08001484   0x08001484   0x000000ec   Code   RO         1394    i.HAL_ADC_MspInit   stm32f4xx_hal_msp.o
    0x08001570   0x08001570   0x00000052   Code   RO         2971    i.HAL_DAC_ConfigChannel  stm32f4xx_hal_dac.o
    0x080015c2   0x080015c2   0x0000002a   Code   RO         2981    i.HAL_DAC_Init      stm32f4xx_hal_dac.o
    0x080015ec   0x080015ec   0x00000060   Code   RO         1396    i.HAL_DAC_MspInit   stm32f4xx_hal_msp.o
    0x0800164c   0x0800164c   0x00000024   Code   RO         2304    i.HAL_DMA_Abort_IT  stm32f4xx_hal_dma.o
    0x08001670   0x08001670   0x00000028   Code   RO         2717    i.HAL_Delay         stm32f4xx_hal.o
    0x08001698   0x08001698   0x00000058   Code   RO           15    i.HAL_GPIO_EXTI_Callback  main.o
    0x080016f0   0x080016f0   0x00000018   Code   RO         2195    i.HAL_GPIO_EXTI_IRQHandler  stm32f4xx_hal_gpio.o
    0x08001708   0x08001708   0x00000258   Code   RO         2196    i.HAL_GPIO_Init     stm32f4xx_hal_gpio.o
    0x08001960   0x08001960   0x0000000e   Code   RO         2198    i.HAL_GPIO_ReadPin  stm32f4xx_hal_gpio.o
    0x0800196e   0x0800196e   0x00000002   PAD
    0x08001970   0x08001970   0x0000000c   Code   RO         2723    i.HAL_GetTick       stm32f4xx_hal.o
    0x0800197c   0x0800197c   0x00000010   Code   RO         2729    i.HAL_IncTick       stm32f4xx_hal.o
    0x0800198c   0x0800198c   0x00000034   Code   RO         2730    i.HAL_Init          stm32f4xx_hal.o
    0x080019c0   0x080019c0   0x00000044   Code   RO         2731    i.HAL_InitTick      stm32f4xx_hal.o
    0x08001a04   0x08001a04   0x00000034   Code   RO         1397    i.HAL_MspInit       stm32f4xx_hal_msp.o
    0x08001a38   0x08001a38   0x0000001c   Code   RO         2585    i.HAL_NVIC_EnableIRQ  stm32f4xx_hal_cortex.o
    0x08001a54   0x08001a54   0x00000068   Code   RO         2591    i.HAL_NVIC_SetPriority  stm32f4xx_hal_cortex.o
    0x08001abc   0x08001abc   0x00000024   Code   RO         2592    i.HAL_NVIC_SetPriorityGrouping  stm32f4xx_hal_cortex.o
    0x08001ae0   0x08001ae0   0x0000017c   Code   RO         1797    i.HAL_RCC_ClockConfig  stm32f4xx_hal_rcc.o
    0x08001c5c   0x08001c5c   0x0000000c   Code   RO         1800    i.HAL_RCC_EnableCSS  stm32f4xx_hal_rcc.o
    0x08001c68   0x08001c68   0x0000000c   Code   RO         1802    i.HAL_RCC_GetHCLKFreq  stm32f4xx_hal_rcc.o
    0x08001c74   0x08001c74   0x00000020   Code   RO         1804    i.HAL_RCC_GetPCLK1Freq  stm32f4xx_hal_rcc.o
    0x08001c94   0x08001c94   0x00000020   Code   RO         1805    i.HAL_RCC_GetPCLK2Freq  stm32f4xx_hal_rcc.o
    0x08001cb4   0x08001cb4   0x0000006c   Code   RO         1806    i.HAL_RCC_GetSysClockFreq  stm32f4xx_hal_rcc.o
    0x08001d20   0x08001d20   0x00000476   Code   RO         1809    i.HAL_RCC_OscConfig  stm32f4xx_hal_rcc.o
    0x08002196   0x08002196   0x00000002   Code   RO         2595    i.HAL_SYSTICK_Callback  stm32f4xx_hal_cortex.o
    0x08002198   0x08002198   0x00000028   Code   RO         2596    i.HAL_SYSTICK_Config  stm32f4xx_hal_cortex.o
    0x080021c0   0x080021c0   0x00000008   Code   RO         2597    i.HAL_SYSTICK_IRQHandler  stm32f4xx_hal_cortex.o
    0x080021c8   0x080021c8   0x00000002   Code   RO         3881    i.HAL_TIMEx_BreakCallback  stm32f4xx_hal_tim_ex.o
    0x080021ca   0x080021ca   0x00000002   Code   RO         3882    i.HAL_TIMEx_CommutCallback  stm32f4xx_hal_tim_ex.o
    0x080021cc   0x080021cc   0x00000066   Code   RO         3884    i.HAL_TIMEx_ConfigBreakDeadTime  stm32f4xx_hal_tim_ex.o
    0x08002232   0x08002232   0x0000009a   Code   RO         3899    i.HAL_TIMEx_MasterConfigSynchronization  stm32f4xx_hal_tim_ex.o
    0x080022cc   0x080022cc   0x00000038   Code   RO         3195    i.HAL_TIM_Base_Init  stm32f4xx_hal_tim.o
    0x08002304   0x08002304   0x00000028   Code   RO         1399    i.HAL_TIM_Base_MspInit  stm32f4xx_hal_msp.o
    0x0800232c   0x0800232c   0x000000be   Code   RO         3213    i.HAL_TIM_Encoder_Init  stm32f4xx_hal_tim.o
    0x080023ea   0x080023ea   0x00000002   PAD
    0x080023ec   0x080023ec   0x000000e0   Code   RO         1401    i.HAL_TIM_Encoder_MspInit  stm32f4xx_hal_msp.o
    0x080024cc   0x080024cc   0x00000042   Code   RO         3216    i.HAL_TIM_Encoder_Start  stm32f4xx_hal_tim.o
    0x0800250e   0x0800250e   0x00000002   Code   RO         3224    i.HAL_TIM_IC_CaptureCallback  stm32f4xx_hal_tim.o
    0x08002510   0x08002510   0x00000174   Code   RO         3238    i.HAL_TIM_IRQHandler  stm32f4xx_hal_tim.o
    0x08002684   0x08002684   0x0000007c   Code   RO         1402    i.HAL_TIM_MspPostInit  stm32f4xx_hal_msp.o
    0x08002700   0x08002700   0x00000002   Code   RO         3241    i.HAL_TIM_OC_DelayElapsedCallback  stm32f4xx_hal_tim.o
    0x08002702   0x08002702   0x000000dc   Code   RO         3262    i.HAL_TIM_PWM_ConfigChannel  stm32f4xx_hal_tim.o
    0x080027de   0x080027de   0x00000038   Code   RO         3265    i.HAL_TIM_PWM_Init  stm32f4xx_hal_tim.o
    0x08002816   0x08002816   0x00000002   Code   RO         3267    i.HAL_TIM_PWM_MspInit  stm32f4xx_hal_tim.o
    0x08002818   0x08002818   0x00000002   Code   RO         3268    i.HAL_TIM_PWM_PulseFinishedCallback  stm32f4xx_hal_tim.o
    0x0800281a   0x0800281a   0x00000002   PAD
    0x0800281c   0x0800281c   0x0000002c   Code   RO           16    i.HAL_TIM_PeriodElapsedCallback  main.o
    0x08002848   0x08002848   0x00000052   Code   RO         3279    i.HAL_TIM_SlaveConfigSynchro  stm32f4xx_hal_tim.o
    0x0800289a   0x0800289a   0x00000002   Code   RO         3281    i.HAL_TIM_TriggerCallback  stm32f4xx_hal_tim.o
    0x0800289c   0x0800289c   0x00000002   Code   RO         4153    i.HAL_UART_ErrorCallback  stm32f4xx_hal_uart.o
    0x0800289e   0x0800289e   0x00000002   PAD
    0x080028a0   0x080028a0   0x00000144   Code   RO         4156    i.HAL_UART_IRQHandler  stm32f4xx_hal_uart.o
    0x080029e4   0x080029e4   0x00000064   Code   RO         4157    i.HAL_UART_Init     stm32f4xx_hal_uart.o
    0x08002a48   0x08002a48   0x000000e8   Code   RO         1404    i.HAL_UART_MspInit  stm32f4xx_hal_msp.o
    0x08002b30   0x08002b30   0x00000002   Code   RO         4163    i.HAL_UART_RxCpltCallback  stm32f4xx_hal_uart.o
    0x08002b32   0x08002b32   0x000000e0   Code   RO         4165    i.HAL_UART_Transmit  stm32f4xx_hal_uart.o
    0x08002c12   0x08002c12   0x00000002   Code   RO         4168    i.HAL_UART_TxCpltCallback  stm32f4xx_hal_uart.o
    0x08002c14   0x08002c14   0x0000006c   Code   RO         1009    i.HardFault_Handler  stm32f4xx_mc_it.o
    0x08002c80   0x08002c80   0x00000012   Code   RO          817    i.LL_GPIO_LockPin   mc_tasks.o
    0x08002c92   0x08002c92   0x00000002   PAD
    0x08002c94   0x08002c94   0x00000058   Code   RO         6084    i.LL_TIM_OC_EnablePreload  r3_f4xx_pwm_curr_fdbk.o
    0x08002cec   0x08002cec   0x00000060   Code   RO         6085    i.LL_TIM_OC_SetMode  r3_f4xx_pwm_curr_fdbk.o
    0x08002d4c   0x08002d4c   0x0000000c   Code   RO         1010    i.LL_USART_ClearFlag_ORE  stm32f4xx_mc_it.o
    0x08002d58   0x08002d58   0x00000010   Code   RO         4753    i.MCI_Clear_Iqdref  mc_interface.o
    0x08002d68   0x08002d68   0x00000008   Code   RO         4754    i.MCI_EncoderAlign  mc_interface.o
    0x08002d70   0x08002d70   0x0000007e   Code   RO         4755    i.MCI_ExecBufferedCommands  mc_interface.o
    0x08002dee   0x08002dee   0x0000000e   Code   RO         4756    i.MCI_ExecSpeedRamp  mc_interface.o
    0x08002dfc   0x08002dfc   0x00000012   Code   RO         4757    i.MCI_ExecTorqueRamp  mc_interface.o
    0x08002e0e   0x08002e0e   0x00000006   Code   RO         4758    i.MCI_FaultAcknowledged  mc_interface.o
    0x08002e14   0x08002e14   0x00000010   Code   RO         4759    i.MCI_GetAvrgMecSpeed01Hz  mc_interface.o
    0x08002e24   0x08002e24   0x00000004   Code   RO         4760    i.MCI_GetControlMode  mc_interface.o
    0x08002e28   0x08002e28   0x00000006   Code   RO         4763    i.MCI_GetIab        mc_interface.o
    0x08002e2e   0x08002e2e   0x00000006   Code   RO         4764    i.MCI_GetIalphabeta  mc_interface.o
    0x08002e34   0x08002e34   0x00000006   Code   RO         4766    i.MCI_GetIqd        mc_interface.o
    0x08002e3a   0x08002e3a   0x00000006   Code   RO         4768    i.MCI_GetIqdref     mc_interface.o
    0x08002e40   0x08002e40   0x00000010   Code   RO         4769    i.MCI_GetLastRampFinalSpeed  mc_interface.o
    0x08002e50   0x08002e50   0x00000006   Code   RO         4770    i.MCI_GetMecSpeedRef01Hz  mc_interface.o
    0x08002e56   0x08002e56   0x00000006   Code   RO         4774    i.MCI_GetSTMState   mc_interface.o
    0x08002e5c   0x08002e5c   0x00000008   Code   RO         4776    i.MCI_GetTeref      mc_interface.o
    0x08002e64   0x08002e64   0x00000008   Code   RO         4777    i.MCI_GetValphabeta  mc_interface.o
    0x08002e6c   0x08002e6c   0x00000008   Code   RO         4778    i.MCI_GetVqd        mc_interface.o
    0x08002e74   0x08002e74   0x00000014   Code   RO         4779    i.MCI_Init          mc_interface.o
    0x08002e88   0x08002e88   0x0000001e   Code   RO         4782    i.MCI_SetCurrentReferences  mc_interface.o
    0x08002ea6   0x08002ea6   0x0000000a   Code   RO         4783    i.MCI_SetIdref      mc_interface.o
    0x08002eb0   0x08002eb0   0x00000016   Code   RO         4784    i.MCI_StartMotor    mc_interface.o
    0x08002ec6   0x08002ec6   0x00000008   Code   RO         4785    i.MCI_StopMotor     mc_interface.o
    0x08002ece   0x08002ece   0x00000006   Code   RO         4786    i.MCI_StopSpeedRamp  mc_interface.o
    0x08002ed4   0x08002ed4   0x0000005c   Code   RO         4696    i.MCM_Clarke        mc_math.o
    0x08002f30   0x08002f30   0x0000008c   Code   RO         4697    i.MCM_Park          mc_math.o
    0x08002fbc   0x08002fbc   0x00000044   Code   RO         4698    i.MCM_Rev_Park      mc_math.o
    0x08003000   0x08003000   0x00000088   Code   RO         4700    i.MCM_Trig_Functions  mc_math.o
    0x08003088   0x08003088   0x00000048   Code   RO          692    i.MCP_Init          motor_control_protocol.o
    0x080030d0   0x080030d0   0x00000004   Code   RO          693    i.MCP_OnTimeOut     motor_control_protocol.o
    0x080030d4   0x080030d4   0x000005d4   Code   RO          694    i.MCP_ReceivedFrame  motor_control_protocol.o
    0x080036a8   0x080036a8   0x00000004   Code   RO          699    i.MCP_SentFrame     motor_control_protocol.o
    0x080036ac   0x080036ac   0x0000001a   Code   RO          700    i.MCP_WaitNextFrame  motor_control_protocol.o
    0x080036c6   0x080036c6   0x00000002   PAD
    0x080036c8   0x080036c8   0x0000000c   Code   RO          488    i.MC_AlignEncoderMotor1  mc_api.o
    0x080036d4   0x080036d4   0x0000000c   Code   RO          500    i.MC_GetMecSpeedAverageMotor1  mc_api.o
    0x080036e0   0x080036e0   0x0000000c   Code   RO          505    i.MC_GetSTMStateMotor1  mc_api.o
    0x080036ec   0x080036ec   0x00000014   Code   RO          511    i.MC_ProgramSpeedRampMotor1  mc_api.o
    0x08003700   0x08003700   0x00000014   Code   RO          512    i.MC_ProgramTorqueRampMotor1  mc_api.o
    0x08003714   0x08003714   0x00000020   Code   RO          818    i.MC_RunMotorControlTasks  mc_tasks.o
    0x08003734   0x08003734   0x00000038   Code   RO          819    i.MC_Scheduler      mc_tasks.o
    0x0800376c   0x0800376c   0x0000000c   Code   RO          515    i.MC_StartMotor1    mc_api.o
    0x08003778   0x08003778   0x0000000c   Code   RO          516    i.MC_StopMotor1     mc_api.o
    0x08003784   0x08003784   0x000001a0   Code   RO          820    i.MCboot            mc_tasks.o
    0x08003924   0x08003924   0x00000044   Code   RO         4975    i.MPM_CalcElMotorPower  motor_power_measurement.o
    0x08003968   0x08003968   0x0000001a   Code   RO         4976    i.MPM_Clear         motor_power_measurement.o
    0x08003982   0x08003982   0x00000006   Code   RO         4977    i.MPM_GetAvrgElMotorPowerW  motor_power_measurement.o
    0x08003988   0x08003988   0x000000b8   Code   RO           17    i.MX_ADC1_Init      main.o
    0x08003a40   0x08003a40   0x000000a4   Code   RO           18    i.MX_ADC2_Init      main.o
    0x08003ae4   0x08003ae4   0x000000f0   Code   RO           19    i.MX_GPIO_Init      main.o
    0x08003bd4   0x08003bd4   0x00000038   Code   RO          353    i.MX_MotorControl_Init  motorcontrol.o
    0x08003c0c   0x08003c0c   0x00000066   Code   RO           20    i.MX_NVIC_Init      main.o
    0x08003c72   0x08003c72   0x00000002   PAD
    0x08003c74   0x08003c74   0x0000005c   Code   RO           21    i.MX_TIM2_Init      main.o
    0x08003cd0   0x08003cd0   0x0000005c   Code   RO           22    i.MX_TIM3_Init      main.o
    0x08003d2c   0x08003d2c   0x000000d4   Code   RO           23    i.MX_TIM8_Init      main.o
    0x08003e00   0x08003e00   0x0000003e   Code   RO         5017    i.NTC_CalcAvTemp    ntc_temperature_sensor.o
    0x08003e3e   0x08003e3e   0x00000006   Code   RO         5019    i.NTC_Clear         ntc_temperature_sensor.o
    0x08003e44   0x08003e44   0x00000026   Code   RO         5020    i.NTC_GetAvTemp_C   ntc_temperature_sensor.o
    0x08003e6a   0x08003e6a   0x00000028   Code   RO         5022    i.NTC_Init          ntc_temperature_sensor.o
    0x08003e92   0x08003e92   0x0000001a   Code   RO         5023    i.NTC_SetFaultState  ntc_temperature_sensor.o
    0x08003eac   0x08003eac   0x00000006   Code   RO         5127    i.PID_GetKD         pid_regulator.o
    0x08003eb2   0x08003eb2   0x00000006   Code   RO         5129    i.PID_GetKI         pid_regulator.o
    0x08003eb8   0x08003eb8   0x00000004   Code   RO         5130    i.PID_GetKIDivisor  pid_regulator.o
    0x08003ebc   0x08003ebc   0x00000006   Code   RO         5131    i.PID_GetKP         pid_regulator.o
    0x08003ec2   0x08003ec2   0x00000004   Code   RO         5132    i.PID_GetKPDivisor  pid_regulator.o
    0x08003ec6   0x08003ec6   0x00000014   Code   RO         5133    i.PID_HandleInit    pid_regulator.o
    0x08003eda   0x08003eda   0x00000004   Code   RO         5134    i.PID_SetIntegralTerm  pid_regulator.o
    0x08003ede   0x08003ede   0x00000004   Code   RO         5135    i.PID_SetKD         pid_regulator.o
    0x08003ee2   0x08003ee2   0x00000004   Code   RO         5136    i.PID_SetKI         pid_regulator.o
    0x08003ee6   0x08003ee6   0x00000004   Code   RO         5138    i.PID_SetKP         pid_regulator.o
    0x08003eea   0x08003eea   0x00000002   PAD
    0x08003eec   0x08003eec   0x0000008c   Code   RO         5145    i.PI_Controller     pid_regulator.o
    0x08003f78   0x08003f78   0x00000078   Code   RO         5269    i.PQD_CalcElMotorPower  pqd_motor_power_measurement.o
    0x08003ff0   0x08003ff0   0x00000004   Code   RO         5293    i.PWMC_CheckOverCurrent  pwm_curr_fdbk.o
    0x08003ff4   0x08003ff4   0x0000004a   Code   RO         5294    i.PWMC_CurrentReadingCalibr  pwm_curr_fdbk.o
    0x0800403e   0x0800403e   0x00000004   Code   RO         5295    i.PWMC_GetPhaseCurrents  pwm_curr_fdbk.o
    0x08004042   0x08004042   0x000001f2   Code   RO         5318    i.PWMC_SetPhaseVoltage  pwm_curr_fdbk.o
    0x08004234   0x08004234   0x00000004   Code   RO         5319    i.PWMC_SwitchOffPWM  pwm_curr_fdbk.o
    0x08004238   0x08004238   0x00000034   Code   RO         6087    i.R3F4XX_BRK_IRQHandler  r3_f4xx_pwm_curr_fdbk.o
    0x0800426c   0x0800426c   0x000000f8   Code   RO         6088    i.R3F4XX_CurrentReadingCalibration  r3_f4xx_pwm_curr_fdbk.o
    0x08004364   0x08004364   0x0000012c   Code   RO         6090    i.R3F4XX_GetPhaseCurrents  r3_f4xx_pwm_curr_fdbk.o
    0x08004490   0x08004490   0x00000044   Code   RO         6091    i.R3F4XX_HFCurrentsCalibrationAB  r3_f4xx_pwm_curr_fdbk.o
    0x080044d4   0x080044d4   0x00000040   Code   RO         6092    i.R3F4XX_HFCurrentsCalibrationC  r3_f4xx_pwm_curr_fdbk.o
    0x08004514   0x08004514   0x000000b0   Code   RO         6093    i.R3F4XX_Init       r3_f4xx_pwm_curr_fdbk.o
    0x080045c4   0x080045c4   0x00000016   Code   RO         6094    i.R3F4XX_IsOverCurrentOccurred  r3_f4xx_pwm_curr_fdbk.o
    0x080045da   0x080045da   0x00000002   PAD
    0x080045dc   0x080045dc   0x000000f0   Code   RO         6095    i.R3F4XX_RLDetectionModeDisable  r3_f4xx_pwm_curr_fdbk.o
    0x080046cc   0x080046cc   0x000000c0   Code   RO         6096    i.R3F4XX_RLDetectionModeEnable  r3_f4xx_pwm_curr_fdbk.o
    0x0800478c   0x0800478c   0x000000a0   Code   RO         6097    i.R3F4XX_RLDetectionModeSetDuty  r3_f4xx_pwm_curr_fdbk.o
    0x0800482c   0x0800482c   0x00000030   Code   RO         6098    i.R3F4XX_RLGetPhaseCurrents  r3_f4xx_pwm_curr_fdbk.o
    0x0800485c   0x0800485c   0x000000cc   Code   RO         6099    i.R3F4XX_RLSwitchOnPWM  r3_f4xx_pwm_curr_fdbk.o
    0x08004928   0x08004928   0x0000004a   Code   RO         6100    i.R3F4XX_RLTurnOnLowSides  r3_f4xx_pwm_curr_fdbk.o
    0x08004972   0x08004972   0x000000a8   Code   RO         6101    i.R3F4XX_SetADCSampPointSect1  r3_f4xx_pwm_curr_fdbk.o
    0x08004a1a   0x08004a1a   0x000000a8   Code   RO         6102    i.R3F4XX_SetADCSampPointSect2  r3_f4xx_pwm_curr_fdbk.o
    0x08004ac2   0x08004ac2   0x000000a8   Code   RO         6103    i.R3F4XX_SetADCSampPointSect3  r3_f4xx_pwm_curr_fdbk.o
    0x08004b6a   0x08004b6a   0x000000a8   Code   RO         6104    i.R3F4XX_SetADCSampPointSect4  r3_f4xx_pwm_curr_fdbk.o
    0x08004c12   0x08004c12   0x000000a8   Code   RO         6105    i.R3F4XX_SetADCSampPointSect5  r3_f4xx_pwm_curr_fdbk.o
    0x08004cba   0x08004cba   0x000000a8   Code   RO         6106    i.R3F4XX_SetADCSampPointSect6  r3_f4xx_pwm_curr_fdbk.o
    0x08004d62   0x08004d62   0x00000078   Code   RO         6107    i.R3F4XX_SwitchOffPWM  r3_f4xx_pwm_curr_fdbk.o
    0x08004dda   0x08004dda   0x00000002   PAD
    0x08004ddc   0x08004ddc   0x00000090   Code   RO         6108    i.R3F4XX_SwitchOnPWM  r3_f4xx_pwm_curr_fdbk.o
    0x08004e6c   0x08004e6c   0x00000094   Code   RO         6109    i.R3F4XX_TIMxInit   r3_f4xx_pwm_curr_fdbk.o
    0x08004f00   0x08004f00   0x00000080   Code   RO         6110    i.R3F4XX_TIMx_UP_IRQHandler  r3_f4xx_pwm_curr_fdbk.o
    0x08004f80   0x08004f80   0x00000050   Code   RO         6111    i.R3F4XX_TurnOnLowSides  r3_f4xx_pwm_curr_fdbk.o
    0x08004fd0   0x08004fd0   0x00000028   Code   RO         6112    i.R3F4XX_WriteTIMRegisters  r3_f4xx_pwm_curr_fdbk.o
    0x08004ff8   0x08004ff8   0x0000007c   Code   RO          937    i.RCM_ExecRegularConv  regular_conversion_manager.o
    0x08005074   0x08005074   0x00000040   Code   RO          938    i.RCM_ExecUserConv  regular_conversion_manager.o
    0x080050b4   0x080050b4   0x000000cc   Code   RO          941    i.RCM_RegisterRegConv  regular_conversion_manager.o
    0x08005180   0x08005180   0x00000010   Code   RO         5571    i.REMNG_Init        ramp_ext_mngr.o
    0x08005190   0x08005190   0x00000006   Code   RO         5632    i.RUC_GetNumberOfPhases  revup_ctrl.o
    0x08005196   0x08005196   0x0000000c   Code   RO         5633    i.RUC_GetPhaseDurationms  revup_ctrl.o
    0x080051a2   0x080051a2   0x0000000e   Code   RO         5634    i.RUC_GetPhaseFinalMecSpeed01Hz  revup_ctrl.o
    0x080051b0   0x080051b0   0x0000000e   Code   RO         5635    i.RUC_GetPhaseFinalTorque  revup_ctrl.o
    0x080051be   0x080051be   0x0000000c   Code   RO         5639    i.RUC_SetPhaseDurationms  revup_ctrl.o
    0x080051ca   0x080051ca   0x0000000c   Code   RO         5640    i.RUC_SetPhaseFinalMecSpeed01Hz  revup_ctrl.o
    0x080051d6   0x080051d6   0x0000000c   Code   RO         5641    i.RUC_SetPhaseFinalTorque  revup_ctrl.o
    0x080051e2   0x080051e2   0x00000068   Code   RO         5515    i.RVBS_CalcAvVbus   r_divider_bus_voltage_sensor.o
    0x0800524a   0x0800524a   0x0000001a   Code   RO         5517    i.RVBS_CheckFaultState  r_divider_bus_voltage_sensor.o
    0x08005264   0x08005264   0x0000002c   Code   RO         5518    i.RVBS_Clear        r_divider_bus_voltage_sensor.o
    0x08005290   0x08005290   0x0000001a   Code   RO         5520    i.RVBS_Init         r_divider_bus_voltage_sensor.o
    0x080052aa   0x080052aa   0x00000006   Code   RO         5737    i.SPD_GetAvrgMecSpeed01Hz  speed_pos_fdbk.o
    0x080052b0   0x080052b0   0x00000006   Code   RO         5738    i.SPD_GetElAngle    speed_pos_fdbk.o
    0x080052b6   0x080052b6   0x00000014   Code   RO         5742    i.SPD_GetS16Speed   speed_pos_fdbk.o
    0x080052ca   0x080052ca   0x00000064   Code   RO         5743    i.SPD_IsMecSpeedReliable  speed_pos_fdbk.o
    0x0800532e   0x0800532e   0x00000060   Code   RO         5808    i.STC_CalcTorqueReference  speed_torq_ctrl.o
    0x0800538e   0x0800538e   0x00000010   Code   RO         5809    i.STC_Clear         speed_torq_ctrl.o
    0x0800539e   0x0800539e   0x0000008e   Code   RO         5810    i.STC_ExecRamp      speed_torq_ctrl.o
    0x0800542c   0x0800542c   0x00000010   Code   RO         5811    i.STC_ForceSpeedReferenceToCurrentSpeed  speed_torq_ctrl.o
    0x0800543c   0x0800543c   0x00000014   Code   RO         5813    i.STC_GetDefaultIqdref  speed_torq_ctrl.o
    0x08005450   0x08005450   0x00000004   Code   RO         5814    i.STC_GetMaxAppPositiveMecSpeed01Hz  speed_torq_ctrl.o
    0x08005454   0x08005454   0x0000000c   Code   RO         5815    i.STC_GetMecSpeedRef01Hz  speed_torq_ctrl.o
    0x08005460   0x08005460   0x00000006   Code   RO         5816    i.STC_GetMecSpeedRef01HzDefault  speed_torq_ctrl.o
    0x08005466   0x08005466   0x00000006   Code   RO         5817    i.STC_GetMinAppNegativeMecSpeed01Hz  speed_torq_ctrl.o
    0x0800546c   0x0800546c   0x00000004   Code   RO         5818    i.STC_GetSpeedSensor  speed_torq_ctrl.o
    0x08005470   0x08005470   0x0000000c   Code   RO         5819    i.STC_GetTorqueRef  speed_torq_ctrl.o
    0x0800547c   0x0800547c   0x00000020   Code   RO         5820    i.STC_Init          speed_torq_ctrl.o
    0x0800549c   0x0800549c   0x00000008   Code   RO         5822    i.STC_SetControlMode  speed_torq_ctrl.o
    0x080054a4   0x080054a4   0x00000004   Code   RO         5824    i.STC_SetSpeedSensor  speed_torq_ctrl.o
    0x080054a8   0x080054a8   0x00000010   Code   RO         5826    i.STC_StopSpeedRamp  speed_torq_ctrl.o
    0x080054b8   0x080054b8   0x00000016   Code   RO         5940    i.STM_FaultAcknowledged  state_machine.o
    0x080054ce   0x080054ce   0x00000036   Code   RO         5941    i.STM_FaultProcessing  state_machine.o
    0x08005504   0x08005504   0x0000000a   Code   RO         5942    i.STM_GetFaultState  state_machine.o
    0x0800550e   0x0800550e   0x00000004   Code   RO         5943    i.STM_GetState      state_machine.o
    0x08005512   0x08005512   0x0000000a   Code   RO         5944    i.STM_Init          state_machine.o
    0x0800551c   0x0800551c   0x0000012a   Code   RO         5945    i.STM_NextState     state_machine.o
    0x08005646   0x08005646   0x00000002   PAD
    0x08005648   0x08005648   0x00000028   Code   RO         1011    i.SysTick_Handler   stm32f4xx_mc_it.o
    0x08005670   0x08005670   0x00000088   Code   RO           24    i.SystemClock_Config  main.o
    0x080056f8   0x080056f8   0x0000001c   Code   RO         1484    i.SystemInit        system_stm32f4xx.o
    0x08005714   0x08005714   0x00000028   Code   RO         1012    i.TIM2_IRQHandler   stm32f4xx_mc_it.o
    0x0800573c   0x0800573c   0x0000000c   Code   RO         1354    i.TIM3_IRQHandler   stm32f4xx_it.o
    0x08005748   0x08005748   0x0000002c   Code   RO         1013    i.TIM8_BRK_TIM12_IRQHandler  stm32f4xx_mc_it.o
    0x08005774   0x08005774   0x00000018   Code   RO         1014    i.TIM8_UP_TIM13_IRQHandler  stm32f4xx_mc_it.o
    0x0800578c   0x0800578c   0x000000cc   Code   RO         3283    i.TIM_Base_SetConfig  stm32f4xx_hal_tim.o
    0x08005858   0x08005858   0x0000001e   Code   RO         3284    i.TIM_CCxChannelCmd  stm32f4xx_hal_tim.o
    0x08005876   0x08005876   0x00000016   Code   RO         3294    i.TIM_ETR_SetConfig  stm32f4xx_hal_tim.o
    0x0800588c   0x0800588c   0x00000070   Code   RO         3296    i.TIM_OC1_SetConfig  stm32f4xx_hal_tim.o
    0x080058fc   0x080058fc   0x00000078   Code   RO         3297    i.TIM_OC2_SetConfig  stm32f4xx_hal_tim.o
    0x08005974   0x08005974   0x00000078   Code   RO         3298    i.TIM_OC3_SetConfig  stm32f4xx_hal_tim.o
    0x080059ec   0x080059ec   0x00000058   Code   RO         3299    i.TIM_OC4_SetConfig  stm32f4xx_hal_tim.o
    0x08005a44   0x08005a44   0x00000094   Code   RO         3300    i.TIM_SlaveTimer_SetConfig  stm32f4xx_hal_tim.o
    0x08005ad8   0x08005ad8   0x00000026   Code   RO         3301    i.TIM_TI1_ConfigInputStage  stm32f4xx_hal_tim.o
    0x08005afe   0x08005afe   0x00000024   Code   RO         3303    i.TIM_TI2_ConfigInputStage  stm32f4xx_hal_tim.o
    0x08005b22   0x08005b22   0x00000002   PAD
    0x08005b24   0x08005b24   0x00000014   Code   RO          821    i.TSK_ChargeBootCapDelayHasElapsedM1  mc_tasks.o
    0x08005b38   0x08005b38   0x00000020   Code   RO          822    i.TSK_HardwareFaultTask  mc_tasks.o
    0x08005b58   0x08005b58   0x0000002c   Code   RO          823    i.TSK_HighFrequencyTask  mc_tasks.o
    0x08005b84   0x08005b84   0x000001d4   Code   RO          824    i.TSK_MediumFrequencyTaskM1  mc_tasks.o
    0x08005d58   0x08005d58   0x00000020   Code   RO          825    i.TSK_SafetyTask    mc_tasks.o
    0x08005d78   0x08005d78   0x00000088   Code   RO          826    i.TSK_SafetyTask_PWMOFF  mc_tasks.o
    0x08005e00   0x08005e00   0x0000000c   Code   RO         1355    i.UART5_IRQHandler  stm32f4xx_it.o
    0x08005e0c   0x08005e0c   0x00000010   Code   RO         4170    i.UART_DMAAbortOnError  stm32f4xx_hal_uart.o
    0x08005e1c   0x08005e1c   0x0000001c   Code   RO         4180    i.UART_EndRxTransfer  stm32f4xx_hal_uart.o
    0x08005e38   0x08005e38   0x0000001a   Code   RO         4181    i.UART_EndTransmit_IT  stm32f4xx_hal_uart.o
    0x08005e52   0x08005e52   0x0000009c   Code   RO         4183    i.UART_Receive_IT   stm32f4xx_hal_uart.o
    0x08005eee   0x08005eee   0x00000002   PAD
    0x08005ef0   0x08005ef0   0x0000019c   Code   RO         4184    i.UART_SetConfig    stm32f4xx_hal_uart.o
    0x0800608c   0x0800608c   0x00000066   Code   RO         4185    i.UART_Transmit_IT  stm32f4xx_hal_uart.o
    0x080060f2   0x080060f2   0x00000078   Code   RO         4186    i.UART_WaitOnFlagUntilTimeout  stm32f4xx_hal_uart.o
    0x0800616a   0x0800616a   0x00000008   Code   RO         6433    i.UFCP_AbortReceive  usart_frame_communication_protocol.o
    0x08006172   0x08006172   0x00000004   Code   RO         6434    i.UFCP_Init         usart_frame_communication_protocol.o
    0x08006176   0x08006176   0x00000012   Code   RO         6435    i.UFCP_OVR_IRQ_Handler  usart_frame_communication_protocol.o
    0x08006188   0x08006188   0x000000b4   Code   RO         6436    i.UFCP_RX_IRQ_Handler  usart_frame_communication_protocol.o
    0x0800623c   0x0800623c   0x00000028   Code   RO         6437    i.UFCP_Receive      usart_frame_communication_protocol.o
    0x08006264   0x08006264   0x00000054   Code   RO         6438    i.UFCP_Send         usart_frame_communication_protocol.o
    0x080062b8   0x080062b8   0x00000064   Code   RO         6440    i.UFCP_TX_IRQ_Handler  usart_frame_communication_protocol.o
    0x0800631c   0x0800631c   0x0000000a   Code   RO         1222    i.UI_DACExec        user_interface.o
    0x08006326   0x08006326   0x0000000a   Code   RO         1223    i.UI_DACInit        user_interface.o
    0x08006330   0x08006330   0x00000020   Code   RO         1116    i.UI_DACUpdate      ui_task.o
    0x08006350   0x08006350   0x0000006e   Code   RO         1224    i.UI_ExecCmd        user_interface.o
    0x080063be   0x080063be   0x0000001c   Code   RO         1225    i.UI_ExecSpeedRamp  user_interface.o
    0x080063da   0x080063da   0x00000010   Code   RO         1228    i.UI_GetDAC         user_interface.o
    0x080063ea   0x080063ea   0x00000004   Code   RO         1229    i.UI_GetMPInfo      user_interface.o
    0x080063ee   0x080063ee   0x00000002   PAD
    0x080063f0   0x080063f0   0x00000284   Code   RO         1230    i.UI_GetReg         user_interface.o
    0x08006674   0x08006674   0x00000048   Code   RO         1231    i.UI_GetRevupData   user_interface.o
    0x080066bc   0x080066bc   0x00000006   Code   RO         1232    i.UI_GetSelectedMC  user_interface.o
    0x080066c2   0x080066c2   0x00000018   Code   RO         1117    i.UI_HandleStartStopButton_cb  ui_task.o
    0x080066da   0x080066da   0x00000014   Code   RO         1234    i.UI_Init           user_interface.o
    0x080066ee   0x080066ee   0x00000002   PAD
    0x080066f0   0x080066f0   0x0000002c   Code   RO         1119    i.UI_Scheduler      ui_task.o
    0x0800671c   0x0800671c   0x00000014   Code   RO         1235    i.UI_SelectMC       user_interface.o
    0x08006730   0x08006730   0x0000000c   Code   RO         1122    i.UI_SerialCommunicationTimeOutStart  ui_task.o
    0x0800673c   0x0800673c   0x0000000c   Code   RO         1123    i.UI_SerialCommunicationTimeOutStop  ui_task.o
    0x08006748   0x08006748   0x0000001c   Code   RO         1236    i.UI_SetCurrentReferences  user_interface.o
    0x08006764   0x08006764   0x0000000a   Code   RO         1237    i.UI_SetDAC         user_interface.o
    0x0800676e   0x0800676e   0x00000100   Code   RO         1238    i.UI_SetReg         user_interface.o
    0x0800686e   0x0800686e   0x00000038   Code   RO         1239    i.UI_SetRevupData   user_interface.o
    0x080068a6   0x080068a6   0x00000002   PAD
    0x080068a8   0x080068a8   0x000000a0   Code   RO         1125    i.UI_TaskInit       ui_task.o
    0x08006948   0x08006948   0x0000006c   Code   RO         1015    i.USART1_IRQHandler  stm32f4xx_mc_it.o
    0x080069b4   0x080069b4   0x0000000a   Code   RO         4464    i.VBS_GetAvBusVoltage_V  bus_voltage_sensor.o
    0x080069be   0x080069be   0x0000002c   Code   RO         5996    i.VSS_Clear         virtual_speed_sensor.o
    0x080069ea   0x080069ea   0x00000004   Code   RO         5998    i.VSS_Init          virtual_speed_sensor.o
    0x080069ee   0x080069ee   0x00000072   Code   RO         6003    i.VSS_SetMecAcceleration  virtual_speed_sensor.o
    0x08006a60   0x08006a60   0x0000000e   Code   RO         6004    i.VSS_SetMecAngle   virtual_speed_sensor.o
    0x08006a6e   0x08006a6e   0x00000002   PAD
    0x08006a70   0x08006a70   0x00000020   Code   RO         6805    i.__0printf         mc_w.l(printfa.o)
    0x08006a90   0x08006a90   0x00000030   Code   RO         6868    i.__ARM_fpclassify  m_wm.l(fpclassify.o)
    0x08006ac0   0x08006ac0   0x00000358   Code   RO         6507    i.__hardfp_exp      m_wm.l(exp.o)
    0x08006e18   0x08006e18   0x000003c4   Code   RO         6521    i.__hardfp_log      m_wm.l(log.o)
    0x080071dc   0x080071dc   0x00000004   PAD
    0x080071e0   0x080071e0   0x00000c50   Code   RO         6535    i.__hardfp_pow      m_wm.l(pow.o)
    0x08007e30   0x08007e30   0x000000c8   Code   RO         6549    i.__hardfp_sin      m_wm.l(sin.o)
    0x08007ef8   0x08007ef8   0x00000438   Code   RO         6873    i.__ieee754_rem_pio2  m_wm.l(rred.o)
    0x08008330   0x08008330   0x00000170   Code   RO         6845    i.__kernel_cos      m_wm.l(cos_i.o)
    0x080084a0   0x080084a0   0x000000f8   Code   RO         6870    i.__kernel_poly     m_wm.l(poly.o)
    0x08008598   0x08008598   0x00000130   Code   RO         6878    i.__kernel_sin      m_wm.l(sin_i.o)
    0x080086c8   0x080086c8   0x00000030   Code   RO         6848    i.__mathlib_dbl_divzero  m_wm.l(dunder.o)
    0x080086f8   0x080086f8   0x00000014   Code   RO         6849    i.__mathlib_dbl_infnan  m_wm.l(dunder.o)
    0x0800870c   0x0800870c   0x00000014   Code   RO         6850    i.__mathlib_dbl_infnan2  m_wm.l(dunder.o)
    0x08008720   0x08008720   0x00000020   Code   RO         6851    i.__mathlib_dbl_invalid  m_wm.l(dunder.o)
    0x08008740   0x08008740   0x00000020   Code   RO         6852    i.__mathlib_dbl_overflow  m_wm.l(dunder.o)
    0x08008760   0x08008760   0x00000020   Code   RO         6854    i.__mathlib_dbl_underflow  m_wm.l(dunder.o)
    0x08008780   0x08008780   0x0000000e   Code   RO         6953    i.__scatterload_copy  mc_w.l(handlers.o)
    0x0800878e   0x0800878e   0x00000002   Code   RO         6954    i.__scatterload_null  mc_w.l(handlers.o)
    0x08008790   0x08008790   0x0000000e   Code   RO         6955    i.__scatterload_zeroinit  mc_w.l(handlers.o)
    0x0800879e   0x0800879e   0x00000002   PAD
    0x080087a0   0x080087a0   0x0000000c   Code   RO         6923    i.__set_errno       mc_w.l(errno.o)
    0x080087ac   0x080087ac   0x00000184   Code   RO         6812    i._fp_digits        mc_w.l(printfa.o)
    0x08008930   0x08008930   0x000006b4   Code   RO         6813    i._printf_core      mc_w.l(printfa.o)
    0x08008fe4   0x08008fe4   0x00000024   Code   RO         6814    i._printf_post_padding  mc_w.l(printfa.o)
    0x08009008   0x08009008   0x0000002e   Code   RO         6815    i._printf_pre_padding  mc_w.l(printfa.o)
    0x08009036   0x08009036   0x00000018   Code   RO         6864    i.fabs              m_wm.l(fabs.o)
    0x0800904e   0x0800904e   0x00000002   PAD
    0x08009050   0x08009050   0x00000018   Code   RO           27    i.fputc             main.o
    0x08009068   0x08009068   0x00000114   Code   RO           28    i.function_sweep_identification  main.o
    0x0800917c   0x0800917c   0x00000018   Code   RO           29    i.get_uint8_sum_check  main.o
    0x08009194   0x08009194   0x00000108   Code   RO           30    i.init_my_sweep     main.o
    0x0800929c   0x0800929c   0x000000ec   Code   RO           31    i.main              main.o
    0x08009388   0x08009388   0x000000a4   Code   RO          828    i.mc_lock_pins      mc_tasks.o
    0x0800942c   0x0800942c   0x000000b0   Code   RO           33    i.run_my_sweep      main.o
    0x080094dc   0x080094dc   0x0000005c   Code   RO           34    i.send_data_2_matlab  main.o
    0x08009538   0x08009538   0x0000006e   Code   RO         6886    i.sqrt              m_wm.l(sqrt.o)
    0x080095a6   0x080095a6   0x00000002   PAD
    0x080095a8   0x080095a8   0x00000068   Code   RO         5485    i.startTimers       pwm_common.o
    0x08009610   0x08009610   0x00000020   Data   RO          354    .constdata          motorcontrol.o
    0x08009630   0x08009630   0x00000034   Data   RO         1091    .constdata          mc_parameters.o
    0x08009664   0x08009664   0x00000010   Data   RO         1485    .constdata          system_stm32f4xx.o
    0x08009674   0x08009674   0x00000008   Data   RO         1486    .constdata          system_stm32f4xx.o
    0x0800967c   0x0800967c   0x00000200   Data   RO         4702    .constdata          mc_math.o
    0x0800987c   0x0800987c   0x0000000e   Data   RO         6113    .constdata          r3_f4xx_pwm_curr_fdbk.o
    0x0800988a   0x0800988a   0x00000006   Data   RO         6441    .constdata          usart_frame_communication_protocol.o
    0x08009890   0x08009890   0x00000058   Data   RO         6510    .constdata          m_wm.l(exp.o)
    0x080098e8   0x080098e8   0x00000038   Data   RO         6524    .constdata          m_wm.l(log.o)
    0x08009920   0x08009920   0x00000088   Data   RO         6538    .constdata          m_wm.l(pow.o)
    0x080099a8   0x080099a8   0x00000030   Data   RO         6846    .constdata          m_wm.l(cos_i.o)
    0x080099d8   0x080099d8   0x00000008   Data   RO         6872    .constdata          m_wm.l(qnan.o)
    0x080099e0   0x080099e0   0x000000c8   Data   RO         6875    .constdata          m_wm.l(rred.o)
    0x08009aa8   0x08009aa8   0x00000028   Data   RO         6879    .constdata          m_wm.l(sin_i.o)
    0x08009ad0   0x08009ad0   0x00000020   Data   RO         6951    Region$$Table       anon$$obj.o


    Execution Region RW_IRAM2 (Exec base: 0x10000000, Load base: 0x08009c98, Size: 0x00000000, Max: 0x00010000, ABSOLUTE)

    **** No section assigned to this execution region ****


    Execution Region RW_IRAM1 (Exec base: 0x20000000, Load base: 0x08009af0, Size: 0x00000e28, Max: 0x00020000, ABSOLUTE, COMPRESSED[0x000001a8])

    Exec Addr    Load Addr    Size         Type   Attr      Idx    E Section Name        Object

    0x20000000   COMPRESSED   0x00000028   Data   RW           36    .data               main.o
    0x20000028   COMPRESSED   0x0000000c   Data   RW          355    .data               motorcontrol.o
    0x20000034   COMPRESSED   0x00000008   Data   RW          701    .data               motor_control_protocol.o
    0x2000003c   COMPRESSED   0x00000114   Data   RW          767    .data               mc_config.o
    0x20000150   COMPRESSED   0x0000002c   Data   RW          769    .data               mc_config.o
    0x2000017c   COMPRESSED   0x0000002c   Data   RW          770    .data               mc_config.o
    0x200001a8   COMPRESSED   0x0000002c   Data   RW          771    .data               mc_config.o
    0x200001d4   COMPRESSED   0x00000034   Data   RW          772    .data               mc_config.o
    0x20000208   COMPRESSED   0x00000094   Data   RW          774    .data               mc_config.o
    0x2000029c   COMPRESSED   0x00000030   Data   RW          775    .data               mc_config.o
    0x200002cc   COMPRESSED   0x00000078   Data   RW          776    .data               mc_config.o
    0x20000344   COMPRESSED   0x0000001c   Data   RW          777    .data               mc_config.o
    0x20000360   COMPRESSED   0x00000028   Data   RW          778    .data               mc_config.o
    0x20000388   COMPRESSED   0x00000038   Data   RW          779    .data               mc_config.o
    0x200003c0   COMPRESSED   0x00000030   Data   RW          780    .data               mc_config.o
    0x200003f0   COMPRESSED   0x0000003c   Data   RW          781    .data               mc_config.o
    0x2000042c   COMPRESSED   0x00000014   Data   RW          782    .data               mc_config.o
    0x20000440   COMPRESSED   0x000000b2   Data   RW          783    .data               mc_config.o
    0x200004f2   COMPRESSED   0x00000002   PAD
    0x200004f4   COMPRESSED   0x0000013c   Data   RW          784    .data               mc_config.o
    0x20000630   COMPRESSED   0x0000003a   Data   RW          830    .data               mc_tasks.o
    0x2000066a   COMPRESSED   0x00000004   Data   RW          945    .data               regular_conversion_manager.o
    0x2000066e   COMPRESSED   0x00000001   Data   RW         1016    .data               stm32f4xx_mc_it.o
    0x2000066f   COMPRESSED   0x00000001   PAD
    0x20000670   COMPRESSED   0x00000010   Data   RW         1128    .data               ui_task.o
    0x20000680   COMPRESSED   0x00000004   Data   RW         1487    .data               system_stm32f4xx.o
    0x20000684   COMPRESSED   0x0000000c   Data   RW         2737    .data               stm32f4xx_hal.o
    0x20000690   COMPRESSED   0x00000004   Data   RW         6912    .data               mc_w.l(stdout.o)
    0x20000694   COMPRESSED   0x00000004   Data   RW         6924    .data               mc_w.l(errno.o)
    0x20000698        -       0x00000200   Zero   RW           35    .bss                main.o
    0x20000898        -       0x00000094   Zero   RW          829    .bss                mc_tasks.o
    0x2000092c        -       0x00000030   Zero   RW          944    .bss                regular_conversion_manager.o
    0x2000095c        -       0x000000cc   Zero   RW         1126    .bss                ui_task.o
    0x20000a28        -       0x00000400   Zero   RW            1    STACK               startup_stm32f417xx.o


==============================================================================

Image component sizes


      Code (inc. data)   RO Data    RW Data    ZI Data      Debug   Object Name

        10          0          0          0          0       1208   bus_voltage_sensor.o
        92          0          0          0          0       1436   circle_limitation.o
        34          0          0          0          0       3510   dac_common_ui.o
       172          8          0          0          0      10842   dac_ui.o
         0          0          0          0          0       4096   digital_output.o
       150          0          0          0          0       4791   enc_align_ctrl.o
       462          0          0          0          0      31609   encoder_speed_pos_fdbk.o
       110          0          0          0          0       2989   frame_communication_protocol.o
      2446        248          0         40        512     743707   main.o
       100         32          0          0          0       3843   mc_api.o
         0          0          0       1522          0       1702   mc_config.o
       380          0          0          0          0      17212   mc_interface.o
       436         16        512          0          0       6633   mc_math.o
         0          0         52          0          0        269   mc_parameters.o
      1754        188          0         58        148      16033   mc_tasks.o
      1598        602          0          8          0       6520   motor_control_protocol.o
       100          0          0          0          0       2774   motor_power_measurement.o
        56          8         32         12          0      29171   motorcontrol.o
       172          0          0          0          0       4286   ntc_temperature_sensor.o
       202          4          0          0          0       8285   pid_regulator.o
       120          6          0          0          0       1479   pqd_motor_power_measurement.o
       104          4          0          0          0      32278   pwm_common.o
       584          0          0          0          0       4939   pwm_curr_fdbk.o
      3700        134         14          0          0     103488   r3_f4xx_pwm_curr_fdbk.o
       200          0          0          0          0       3714   r_divider_bus_voltage_sensor.o
        16          0          0          0          0       1101   ramp_ext_mngr.o
       392         30          0          4         48      45150   regular_conversion_manager.o
        82          0          0          0          0       5514   revup_ctrl.o
       132          0          0          0          0       3698   speed_pos_fdbk.o
       394          0          0          0          0      11794   speed_torq_ctrl.o
        36          8        392          0       1024        884   startup_stm32f417xx.o
       398         20          0          0          0       5276   state_machine.o
       188         30          0         12          0       9781   stm32f4xx_hal.o
       762         22          0          0          0       3031   stm32f4xx_hal_adc.o
       520         12          0          0          0       1614   stm32f4xx_hal_adc_ex.o
       218         16          0          0          0      35095   stm32f4xx_hal_cortex.o
       124          0          0          0          0       2151   stm32f4xx_hal_dac.o
        36          0          0          0          0       1223   stm32f4xx_hal_dma.o
       638         26          0          0          0       3394   stm32f4xx_hal_gpio.o
      1004        118          0          0          0       6016   stm32f4xx_hal_msp.o
      1718        104          0          0          0       7412   stm32f4xx_hal_rcc.o
      1970         54          0          0          0      17936   stm32f4xx_hal_tim.o
       260          0          0          0          0       3677   stm32f4xx_hal_tim_ex.o
      1514         18          0          0          0      10907   stm32f4xx_hal_uart.o
        30         12          0          0          0       1508   stm32f4xx_it.o
       444         42          0          1          0      88011   stm32f4xx_mc_it.o
        28          6         24          4          0       1271   system_stm32f4xx.o
       284         50          0         16        204       4643   ui_task.o
       434         12          6          0          0      22374   usart_frame_communication_protocol.o
      1290         80          0          0          0      13056   user_interface.o
       176          0          0          0          0       3570   virtual_speed_sensor.o

    ----------------------------------------------------------------------
     26108       1910       1064       1680       1936    1356901   Object Totals
         0          0         32          0          0          0   (incl. Generated)
        38          0          0          3          0          0   (incl. Padding)

    ----------------------------------------------------------------------

      Code (inc. data)   RO Data    RW Data    ZI Data      Debug   Library Member Name

       368         46         48          0          0        200   cos_i.o
       184         44          0          0          0        744   dunder.o
       856        142         88          0          0        288   exp.o
        24          0          0          0          0        124   fabs.o
        48          0          0          0          0        124   fpclassify.o
       964         92         56          0          0        316   log.o
       248          0          0          0          0        152   poly.o
      3152        296        136          0          0        352   pow.o
         0          0          8          0          0          0   qnan.o
      1080        142        200          0          0        188   rred.o
       200         20          0          0          0        164   sin.o
       304         24         40          0          0        208   sin_i.o
       110          0          0          0          0        148   sqrt.o
        86          0          0          0          0          0   __dczerorl2.o
         0          0          0          0          0          0   entry.o
         0          0          0          0          0          0   entry10a.o
         0          0          0          0          0          0   entry11a.o
         4          0          0          0          0          0   entry12b.o
         8          4          0          0          0          0   entry2.o
         4          0          0          0          0          0   entry5.o
         0          0          0          0          0          0   entry7b.o
         0          0          0          0          0          0   entry8b.o
         8          4          0          0          0          0   entry9a.o
        12          6          0          4          0         68   errno.o
        30          0          0          0          0          0   handlers.o
        36          8          0          0          0         68   init.o
         0          0          0          0          0          0   iusefp.o
        30          0          0          0          0         68   llshl.o
        36          0          0          0          0         68   llsshr.o
        32          0          0          0          0         68   llushr.o
        36          0          0          0          0         68   memcpya.o
        36          0          0          0          0        108   memseta.o
      2218         90          0          0          0        464   printfa.o
         0          0          0          4          0          0   stdout.o
        44          0          0          0          0         80   uidiv.o
        98          0          0          0          0         92   uldiv.o
        48          0          0          0          0         68   cdcmple.o
        48          0          0          0          0         68   cdrcmple.o
        56          0          0          0          0         88   d2f.o
       334          0          0          0          0        148   dadd.o
       222          0          0          0          0        100   ddiv.o
       186          0          0          0          0        176   depilogue.o
        62          0          0          0          0         80   dfixi.o
        48          0          0          0          0         68   dfixul.o
        34          0          0          0          0         76   dflti.o
        26          0          0          0          0         76   dfltui.o
       228          0          0          0          0         96   dmul.o
        46          0          0          0          0         80   dscalb.o
       162          0          0          0          0        100   dsqrt.o
        38          0          0          0          0         68   f2d.o
       110          0          0          0          0        168   fepilogue.o

    ----------------------------------------------------------------------
     11916        922        576          8          0       5620   Library Totals
        12          4          0          0          0          0   (incl. Padding)

    ----------------------------------------------------------------------

      Code (inc. data)   RO Data    RW Data    ZI Data      Debug   Library Name

      7538        806        576          0          0       3008   m_wm.l
      2718        112          0          8          0       1152   mc_w.l
      1648          0          0          0          0       1460   mf_w.l

    ----------------------------------------------------------------------
     11916        922        576          8          0       5620   Library Totals

    ----------------------------------------------------------------------

==============================================================================


      Code (inc. data)   RO Data    RW Data    ZI Data      Debug   

     38024       2832       1640       1688       1936    1330053   Grand Totals
     38024       2832       1640        424       1936    1330053   ELF Image Totals (compressed)
     38024       2832       1640        424          0          0   ROM Totals

==============================================================================

    Total RO  Size (Code + RO Data)                39664 (  38.73kB)
    Total RW  Size (RW Data + ZI Data)              3624 (   3.54kB)
    Total ROM Size (Code + RO Data + RW Data)      40088 (  39.15kB)

==============================================================================

