Component: ARM Compiler 5.06 update 7 (build 960) Tool: armlink [4d3601]

==============================================================================

Section Cross References

    startup_stm32f417xx.o(RESET) refers to startup_stm32f417xx.o(STACK) for __initial_sp
    startup_stm32f417xx.o(RESET) refers to startup_stm32f417xx.o(.text) for Reset_Handler
    startup_stm32f417xx.o(RESET) refers to stm32f4xx_mc_it.o(i.HardFault_Handler) for HardFault_Handler
    startup_stm32f417xx.o(RESET) refers to stm32f4xx_mc_it.o(i.SysTick_Handler) for SysTick_Handler
    startup_stm32f417xx.o(RESET) refers to stm32f4xx_mc_it.o(i.EXTI0_IRQHandler) for EXTI0_IRQHandler
    startup_stm32f417xx.o(RESET) refers to stm32f4xx_it.o(i.EXTI1_IRQHandler) for EXTI1_IRQHandler
    startup_stm32f417xx.o(RESET) refers to stm32f4xx_mc_it.o(i.ADC_IRQHandler) for ADC_IRQHandler
    startup_stm32f417xx.o(RESET) refers to stm32f4xx_mc_it.o(i.TIM2_IRQHandler) for TIM2_IRQHandler
    startup_stm32f417xx.o(RESET) refers to stm32f4xx_it.o(i.TIM3_IRQHandler) for TIM3_IRQHandler
    startup_stm32f417xx.o(RESET) refers to stm32f4xx_mc_it.o(i.USART1_IRQHandler) for USART1_IRQHandler
    startup_stm32f417xx.o(RESET) refers to stm32f4xx_mc_it.o(i.TIM8_BRK_TIM12_IRQHandler) for TIM8_BRK_TIM12_IRQHandler
    startup_stm32f417xx.o(RESET) refers to stm32f4xx_mc_it.o(i.TIM8_UP_TIM13_IRQHandler) for TIM8_UP_TIM13_IRQHandler
    startup_stm32f417xx.o(RESET) refers to stm32f4xx_it.o(i.UART5_IRQHandler) for UART5_IRQHandler
    startup_stm32f417xx.o(.text) refers to system_stm32f4xx.o(i.SystemInit) for SystemInit
    startup_stm32f417xx.o(.text) refers to entry.o(.ARM.Collect$$$$00000000) for __main
    main.o(i.Get_Encoder_Ruler_Count) refers to main.o(.bss) for .bss
    main.o(i.Get_Encoder_Ruler_Count) refers to main.o(.data) for .data
    main.o(i.HAL_GPIO_EXTI_Callback) refers to printfa.o(i.__0printf) for __2printf
    main.o(i.HAL_GPIO_EXTI_Callback) refers to stm32f4xx_hal_gpio.o(i.HAL_GPIO_ReadPin) for HAL_GPIO_ReadPin
    main.o(i.HAL_GPIO_EXTI_Callback) refers to main.o(.data) for .data
    main.o(i.HAL_TIM_PeriodElapsedCallback) refers to main.o(.bss) for .bss
    main.o(i.HAL_TIM_PeriodElapsedCallback) refers to main.o(.data) for .data
    main.o(i.MX_ADC1_Init) refers to memseta.o(.text) for __aeabi_memclr4
    main.o(i.MX_ADC1_Init) refers to stm32f4xx_hal_adc.o(i.HAL_ADC_Init) for HAL_ADC_Init
    main.o(i.MX_ADC1_Init) refers to stm32f4xx_hal_adc_ex.o(i.HAL_ADCEx_InjectedConfigChannel) for HAL_ADCEx_InjectedConfigChannel
    main.o(i.MX_ADC1_Init) refers to stm32f4xx_hal_adc.o(i.HAL_ADC_ConfigChannel) for HAL_ADC_ConfigChannel
    main.o(i.MX_ADC1_Init) refers to main.o(.bss) for .bss
    main.o(i.MX_ADC2_Init) refers to memseta.o(.text) for __aeabi_memclr4
    main.o(i.MX_ADC2_Init) refers to stm32f4xx_hal_adc.o(i.HAL_ADC_Init) for HAL_ADC_Init
    main.o(i.MX_ADC2_Init) refers to stm32f4xx_hal_adc_ex.o(i.HAL_ADCEx_InjectedConfigChannel) for HAL_ADCEx_InjectedConfigChannel
    main.o(i.MX_ADC2_Init) refers to stm32f4xx_hal_adc.o(i.HAL_ADC_ConfigChannel) for HAL_ADC_ConfigChannel
    main.o(i.MX_ADC2_Init) refers to main.o(.bss) for .bss
    main.o(i.MX_GPIO_Init) refers to memseta.o(.text) for __aeabi_memclr4
    main.o(i.MX_GPIO_Init) refers to stm32f4xx_hal_gpio.o(i.HAL_GPIO_Init) for HAL_GPIO_Init
    main.o(i.MX_GPIO_Init) refers to stm32f4xx_hal_cortex.o(i.HAL_NVIC_SetPriority) for HAL_NVIC_SetPriority
    main.o(i.MX_GPIO_Init) refers to stm32f4xx_hal_cortex.o(i.HAL_NVIC_EnableIRQ) for HAL_NVIC_EnableIRQ
    main.o(i.MX_NVIC_Init) refers to stm32f4xx_hal_cortex.o(i.HAL_NVIC_SetPriority) for HAL_NVIC_SetPriority
    main.o(i.MX_NVIC_Init) refers to stm32f4xx_hal_cortex.o(i.HAL_NVIC_EnableIRQ) for HAL_NVIC_EnableIRQ
    main.o(i.MX_TIM2_Init) refers to memseta.o(.text) for __aeabi_memclr4
    main.o(i.MX_TIM2_Init) refers to stm32f4xx_hal_tim.o(i.HAL_TIM_Encoder_Init) for HAL_TIM_Encoder_Init
    main.o(i.MX_TIM2_Init) refers to stm32f4xx_hal_tim_ex.o(i.HAL_TIMEx_MasterConfigSynchronization) for HAL_TIMEx_MasterConfigSynchronization
    main.o(i.MX_TIM2_Init) refers to main.o(.bss) for .bss
    main.o(i.MX_TIM3_Init) refers to memseta.o(.text) for __aeabi_memclr4
    main.o(i.MX_TIM3_Init) refers to stm32f4xx_hal_tim.o(i.HAL_TIM_Encoder_Init) for HAL_TIM_Encoder_Init
    main.o(i.MX_TIM3_Init) refers to stm32f4xx_hal_tim_ex.o(i.HAL_TIMEx_MasterConfigSynchronization) for HAL_TIMEx_MasterConfigSynchronization
    main.o(i.MX_TIM3_Init) refers to main.o(.bss) for .bss
    main.o(i.MX_TIM8_Init) refers to memseta.o(.text) for __aeabi_memclr4
    main.o(i.MX_TIM8_Init) refers to stm32f4xx_hal_tim.o(i.HAL_TIM_Base_Init) for HAL_TIM_Base_Init
    main.o(i.MX_TIM8_Init) refers to stm32f4xx_hal_tim.o(i.HAL_TIM_PWM_Init) for HAL_TIM_PWM_Init
    main.o(i.MX_TIM8_Init) refers to stm32f4xx_hal_tim.o(i.HAL_TIM_SlaveConfigSynchro) for HAL_TIM_SlaveConfigSynchro
[...]
    ENC_IRQHandler                           0x08000d5f   Thumb Code    10  encoder_speed_pos_fdbk.o(i.ENC_IRQHandler)
    ENC_Init                                 0x08000d69   Thumb Code    82  encoder_speed_pos_fdbk.o(i.ENC_Init)
    ENC_SetMecAngle                          0x08000dbb   Thumb Code    34  encoder_speed_pos_fdbk.o(i.ENC_SetMecAngle)
    EXTI0_IRQHandler                         0x08000ddd   Thumb Code    10  stm32f4xx_mc_it.o(i.EXTI0_IRQHandler)
    EXTI1_IRQHandler                         0x08000ded   Thumb Code     6  stm32f4xx_it.o(i.EXTI1_IRQHandler)
    FCP_CalcCRC                              0x08000df3   Thumb Code    48  frame_communication_protocol.o(i.FCP_CalcCRC)
    FCP_Init                                 0x08000e23   Thumb Code    42  frame_communication_protocol.o(i.FCP_Init)
    FCP_SetClient                            0x08000e4d   Thumb Code    20  frame_communication_protocol.o(i.FCP_SetClient)
    Get_Encoder_Ruler_Count                  0x08000fb1   Thumb Code    36  main.o(i.Get_Encoder_Ruler_Count)
    HAL_ADCEx_InjectedConfigChannel          0x08000fe1   Thumb Code   508  stm32f4xx_hal_adc_ex.o(i.HAL_ADCEx_InjectedConfigChannel)
    HAL_ADC_ConfigChannel                    0x080011e9   Thumb Code   356  stm32f4xx_hal_adc.o(i.HAL_ADC_ConfigChannel)
    HAL_ADC_Init                             0x0800135d   Thumb Code    86  stm32f4xx_hal_adc.o(i.HAL_ADC_Init)
    HAL_ADC_MspInit                          0x080013b5   Thumb Code   210  stm32f4xx_hal_msp.o(i.HAL_ADC_MspInit)
    HAL_DAC_ConfigChannel                    0x080014a1   Thumb Code    82  stm32f4xx_hal_dac.o(i.HAL_DAC_ConfigChannel)
    HAL_DAC_Init                             0x080014f3   Thumb Code    42  stm32f4xx_hal_dac.o(i.HAL_DAC_Init)
    HAL_DAC_MspInit                          0x0800151d   Thumb Code    84  stm32f4xx_hal_msp.o(i.HAL_DAC_MspInit)
    HAL_DMA_Abort_IT                         0x0800157d   Thumb Code    36  stm32f4xx_hal_dma.o(i.HAL_DMA_Abort_IT)
    HAL_Delay                                0x080015a1   Thumb Code    34  stm32f4xx_hal.o(i.HAL_Delay)
    HAL_GPIO_EXTI_Callback                   0x080015c9   Thumb Code    40  main.o(i.HAL_GPIO_EXTI_Callback)
    HAL_GPIO_EXTI_IRQHandler                 0x08001615   Thumb Code    18  stm32f4xx_hal_gpio.o(i.HAL_GPIO_EXTI_IRQHandler)
    HAL_GPIO_Init                            0x0800162d   Thumb Code   580  stm32f4xx_hal_gpio.o(i.HAL_GPIO_Init)
    HAL_GPIO_ReadPin                         0x08001885   Thumb Code    14  stm32f4xx_hal_gpio.o(i.HAL_GPIO_ReadPin)
    HAL_GetTick                              0x08001895   Thumb Code     6  stm32f4xx_hal.o(i.HAL_GetTick)
    HAL_IncTick                              0x080018a1   Thumb Code    12  stm32f4xx_hal.o(i.HAL_IncTick)
    HAL_Init                                 0x080018b1   Thumb Code    48  stm32f4xx_hal.o(i.HAL_Init)
    HAL_InitTick                             0x080018e5   Thumb Code    58  stm32f4xx_hal.o(i.HAL_InitTick)
    HAL_MspInit                              0x08001929   Thumb Code    48  stm32f4xx_hal_msp.o(i.HAL_MspInit)
    HAL_NVIC_EnableIRQ                       0x0800195d   Thumb Code    28  stm32f4xx_hal_cortex.o(i.HAL_NVIC_EnableIRQ)
    HAL_NVIC_SetPriority                     0x08001979   Thumb Code    98  stm32f4xx_hal_cortex.o(i.HAL_NVIC_SetPriority)
    HAL_NVIC_SetPriorityGrouping             0x080019e1   Thumb Code    30  stm32f4xx_hal_cortex.o(i.HAL_NVIC_SetPriorityGrouping)
    HAL_RCC_ClockConfig                      0x08001a05   Thumb Code   354  stm32f4xx_hal_rcc.o(i.HAL_RCC_ClockConfig)
    HAL_RCC_EnableCSS                        0x08001b81   Thumb Code     8  stm32f4xx_hal_rcc.o(i.HAL_RCC_EnableCSS)
    HAL_RCC_GetHCLKFreq                      0x08001b8d   Thumb Code     6  stm32f4xx_hal_rcc.o(i.HAL_RCC_GetHCLKFreq)
    HAL_RCC_GetPCLK1Freq                     0x08001b99   Thumb Code    22  stm32f4xx_hal_rcc.o(i.HAL_RCC_GetPCLK1Freq)
    HAL_RCC_GetPCLK2Freq                     0x08001bb9   Thumb Code    22  stm32f4xx_hal_rcc.o(i.HAL_RCC_GetPCLK2Freq)
    HAL_RCC_GetSysClockFreq                  0x08001bd9   Thumb Code    94  stm32f4xx_hal_rcc.o(i.HAL_RCC_GetSysClockFreq)
    HAL_RCC_OscConfig                        0x08001c45   Thumb Code  1142  stm32f4xx_hal_rcc.o(i.HAL_RCC_OscConfig)
    HAL_SYSTICK_Callback                     0x080020bb   Thumb Code     2  stm32f4xx_hal_cortex.o(i.HAL_SYSTICK_Callback)
    HAL_SYSTICK_Config                       0x080020bd   Thumb Code    36  stm32f4xx_hal_cortex.o(i.HAL_SYSTICK_Config)
    HAL_SYSTICK_IRQHandler                   0x080020e5   Thumb Code     8  stm32f4xx_hal_cortex.o(i.HAL_SYSTICK_IRQHandler)
    HAL_TIMEx_BreakCallback                  0x080020ed   Thumb Code     2  stm32f4xx_hal_tim_ex.o(i.HAL_TIMEx_BreakCallback)
    HAL_TIMEx_CommutCallback                 0x080020ef   Thumb Code     2  stm32f4xx_hal_tim_ex.o(i.HAL_TIMEx_CommutCallback)
    HAL_TIMEx_ConfigBreakDeadTime            0x080020f1   Thumb Code   102  stm32f4xx_hal_tim_ex.o(i.HAL_TIMEx_ConfigBreakDeadTime)
    HAL_TIMEx_MasterConfigSynchronization    0x08002157   Thumb Code   154  stm32f4xx_hal_tim_ex.o(i.HAL_TIMEx_MasterConfigSynchronization)
    HAL_TIM_Base_Init                        0x080021f1   Thumb Code    56  stm32f4xx_hal_tim.o(i.HAL_TIM_Base_Init)
    HAL_TIM_Base_MspInit                     0x08002229   Thumb Code    30  stm32f4xx_hal_msp.o(i.HAL_TIM_Base_MspInit)
    HAL_TIM_Encoder_Init                     0x08002251   Thumb Code   190  stm32f4xx_hal_tim.o(i.HAL_TIM_Encoder_Init)
    HAL_TIM_Encoder_MspInit                  0x08002311   Thumb Code   202  stm32f4xx_hal_msp.o(i.HAL_TIM_Encoder_MspInit)
    HAL_TIM_Encoder_Start                    0x080023f1   Thumb Code    66  stm32f4xx_hal_tim.o(i.HAL_TIM_Encoder_Start)
    HAL_TIM_IC_CaptureCallback               0x08002433   Thumb Code     2  stm32f4xx_hal_tim.o(i.HAL_TIM_IC_CaptureCallback)
    HAL_TIM_IRQHandler                       0x08002435   Thumb Code   372  stm32f4xx_hal_tim.o(i.HAL_TIM_IRQHandler)
    HAL_TIM_MspPostInit                      0x080025a9   Thumb Code   106  stm32f4xx_hal_msp.o(i.HAL_TIM_MspPostInit)
    HAL_TIM_OC_DelayElapsedCallback          0x08002625   Thumb Code     2  stm32f4xx_hal_tim.o(i.HAL_TIM_OC_DelayElapsedCallback)
    HAL_TIM_PWM_ConfigChannel                0x08002627   Thumb Code   220  stm32f4xx_hal_tim.o(i.HAL_TIM_PWM_ConfigChannel)
    HAL_TIM_PWM_Init                         0x08002703   Thumb Code    56  stm32f4xx_hal_tim.o(i.HAL_TIM_PWM_Init)
    HAL_TIM_PWM_MspInit                      0x0800273b   Thumb Code     2  stm32f4xx_hal_tim.o(i.HAL_TIM_PWM_MspInit)
    HAL_TIM_PWM_PulseFinishedCallback        0x0800273d   Thumb Code     2  stm32f4xx_hal_tim.o(i.HAL_TIM_PWM_PulseFinishedCallback)
    HAL_TIM_PeriodElapsedCallback            0x08002741   Thumb Code    32  main.o(i.HAL_TIM_PeriodElapsedCallback)
    HAL_TIM_SlaveConfigSynchro               0x0800276d   Thumb Code    82  stm32f4xx_hal_tim.o(i.HAL_TIM_SlaveConfigSynchro)
    HAL_TIM_TriggerCallback                  0x080027bf   Thumb Code     2  stm32f4xx_hal_tim.o(i.HAL_TIM_TriggerCallback)
    HAL_UART_ErrorCallback                   0x080027c1   Thumb Code     2  stm32f4xx_hal_uart.o(i.HAL_UART_ErrorCallback)
    HAL_UART_IRQHandler                      0x080027c5   Thumb Code   318  stm32f4xx_hal_uart.o(i.HAL_UART_IRQHandler)
    HAL_UART_Init                            0x08002909   Thumb Code   100  stm32f4xx_hal_uart.o(i.HAL_UART_Init)
    HAL_UART_MspInit                         0x0800296d   Thumb Code   206  stm32f4xx_hal_msp.o(i.HAL_UART_MspInit)
    HAL_UART_RxCpltCallback                  0x08002a55   Thumb Code     2  stm32f4xx_hal_uart.o(i.HAL_UART_RxCpltCallback)
    HAL_UART_Transmit                        0x08002a57   Thumb Code   224  stm32f4xx_hal_uart.o(i.HAL_UART_Transmit)
    HAL_UART_TxCpltCallback                  0x08002b37   Thumb Code     2  stm32f4xx_hal_uart.o(i.HAL_UART_TxCpltCallback)
    HardFault_Handler                        0x08002b39   Thumb Code   102  stm32f4xx_mc_it.o(i.HardFault_Handler)
    MCI_Clear_Iqdref                         0x08002c7d   Thumb Code    16  mc_interface.o(i.MCI_Clear_Iqdref)
    MCI_EncoderAlign                         0x08002c8d   Thumb Code     8  mc_interface.o(i.MCI_EncoderAlign)
    MCI_ExecBufferedCommands                 0x08002c95   Thumb Code   126  mc_interface.o(i.MCI_ExecBufferedCommands)
    MCI_ExecSpeedRamp                        0x08002d13   Thumb Code    14  mc_interface.o(i.MCI_ExecSpeedRamp)
    MCI_ExecTorqueRamp                       0x08002d21   Thumb Code    18  mc_interface.o(i.MCI_ExecTorqueRamp)
    MCI_FaultAcknowledged                    0x08002d33   Thumb Code     6  mc_interface.o(i.MCI_FaultAcknowledged)
    MCI_GetAvrgMecSpeed01Hz                  0x08002d39   Thumb Code    16  mc_interface.o(i.MCI_GetAvrgMecSpeed01Hz)
    MCI_GetControlMode                       0x08002d49   Thumb Code     4  mc_interface.o(i.MCI_GetControlMode)
    MCI_GetIab                               0x08002d4d   Thumb Code     6  mc_interface.o(i.MCI_GetIab)
    MCI_GetIalphabeta                        0x08002d53   Thumb Code     6  mc_interface.o(i.MCI_GetIalphabeta)
    MCI_GetIqd                               0x08002d59   Thumb Code     6  mc_interface.o(i.MCI_GetIqd)
    MCI_GetIqdref                            0x08002d5f   Thumb Code     6  mc_interface.o(i.MCI_GetIqdref)
    MCI_GetLastRampFinalSpeed                0x08002d65   Thumb Code    16  mc_interface.o(i.MCI_GetLastRampFinalSpeed)
    MCI_GetMecSpeedRef01Hz                   0x08002d75   Thumb Code     6  mc_interface.o(i.MCI_GetMecSpeedRef01Hz)
    MCI_GetSTMState                          0x08002d7b   Thumb Code     6  mc_interface.o(i.MCI_GetSTMState)
    MCI_GetTeref                             0x08002d81   Thumb Code     8  mc_interface.o(i.MCI_GetTeref)
    MCI_GetValphabeta                        0x08002d89   Thumb Code     8  mc_interface.o(i.MCI_GetValphabeta)
    MCI_GetVqd                               0x08002d91   Thumb Code     8  mc_interface.o(i.MCI_GetVqd)
    MCI_Init                                 0x08002d99   Thumb Code    20  mc_interface.o(i.MCI_Init)
    MCI_SetCurrentReferences                 0x08002dad   Thumb Code    30  mc_interface.o(i.MCI_SetCurrentReferences)
    MCI_SetIdref                             0x08002dcb   Thumb Code    10  mc_interface.o(i.MCI_SetIdref)
    MCI_StartMotor                           0x08002dd5   Thumb Code    22  mc_interface.o(i.MCI_StartMotor)
    MCI_StopMotor                            0x08002deb   Thumb Code     8  mc_interface.o(i.MCI_StopMotor)
    MCI_StopSpeedRamp                        0x08002df3   Thumb Code     6  mc_interface.o(i.MCI_StopSpeedRamp)
    MCM_Clarke                               0x08002df9   Thumb Code    88  mc_math.o(i.MCM_Clarke)
    MCM_Park                                 0x08002e55   Thumb Code   132  mc_math.o(i.MCM_Park)
    MCM_Rev_Park                             0x08002ee1   Thumb Code    68  mc_math.o(i.MCM_Rev_Park)
    MCM_Trig_Functions                       0x08002f25   Thumb Code   132  mc_math.o(i.MCM_Trig_Functions)
    MCP_Init                                 0x08002fad   Thumb Code    58  motor_control_protocol.o(i.MCP_Init)
    MCP_OnTimeOut                            0x08002ff5   Thumb Code     4  motor_control_protocol.o(i.MCP_OnTimeOut)
    MCP_ReceivedFrame                        0x08002ff9   Thumb Code  1488  motor_control_protocol.o(i.MCP_ReceivedFrame)
    MCP_SentFrame                            0x080035cd   Thumb Code     4  motor_control_protocol.o(i.MCP_SentFrame)
    MCP_WaitNextFrame                        0x080035d1   Thumb Code    26  motor_control_protocol.o(i.MCP_WaitNextFrame)
    MC_AlignEncoderMotor1                    0x080035ed   Thumb Code     8  mc_api.o(i.MC_AlignEncoderMotor1)
    MC_GetSTMStateMotor1                     0x080035f9   Thumb Code     8  mc_api.o(i.MC_GetSTMStateMotor1)
    MC_ProgramSpeedRampMotor1                0x08003605   Thumb Code    14  mc_api.o(i.MC_ProgramSpeedRampMotor1)
    MC_ProgramTorqueRampMotor1               0x08003619   Thumb Code    14  mc_api.o(i.MC_ProgramTorqueRampMotor1)
    MC_RunMotorControlTasks                  0x0800362d   Thumb Code    28  mc_tasks.o(i.MC_RunMotorControlTasks)
    MC_Scheduler                             0x0800364d   Thumb Code    52  mc_tasks.o(i.MC_Scheduler)
    MC_StartMotor1                           0x08003685   Thumb Code     8  mc_api.o(i.MC_StartMotor1)
    MC_StopMotor1                            0x08003691   Thumb Code     8  mc_api.o(i.MC_StopMotor1)
    MCboot                                   0x0800369d   Thumb Code   354  mc_tasks.o(i.MCboot)
    MPM_CalcElMotorPower                     0x0800383d   Thumb Code    68  motor_power_measurement.o(i.MPM_CalcElMotorPower)
    MPM_Clear                                0x08003881   Thumb Code    26  motor_power_measurement.o(i.MPM_Clear)
    MPM_GetAvrgElMotorPowerW                 0x0800389b   Thumb Code     6  motor_power_measurement.o(i.MPM_GetAvrgElMotorPowerW)
    MX_MotorControl_Init                     0x08003aed   Thumb Code    48  motorcontrol.o(i.MX_MotorControl_Init)
    NTC_CalcAvTemp                           0x08003d19   Thumb Code    62  ntc_temperature_sensor.o(i.NTC_CalcAvTemp)
    NTC_Clear                                0x08003d57   Thumb Code     6  ntc_temperature_sensor.o(i.NTC_Clear)
    NTC_GetAvTemp_C                          0x08003d5d   Thumb Code    38  ntc_temperature_sensor.o(i.NTC_GetAvTemp_C)
    NTC_Init                                 0x08003d83   Thumb Code    40  ntc_temperature_sensor.o(i.NTC_Init)
    NTC_SetFaultState                        0x08003dab   Thumb Code    26  ntc_temperature_sensor.o(i.NTC_SetFaultState)
    PID_GetKD                                0x08003dc5   Thumb Code     6  pid_regulator.o(i.PID_GetKD)
    PID_GetKI                                0x08003dcb   Thumb Code     6  pid_regulator.o(i.PID_GetKI)
    PID_GetKIDivisor                         0x08003dd1   Thumb Code     4  pid_regulator.o(i.PID_GetKIDivisor)
    PID_GetKP                                0x08003dd5   Thumb Code     6  pid_regulator.o(i.PID_GetKP)
    PID_GetKPDivisor                         0x08003ddb   Thumb Code     4  pid_regulator.o(i.PID_GetKPDivisor)
    PID_HandleInit                           0x08003ddf   Thumb Code    20  pid_regulator.o(i.PID_HandleInit)
    PID_SetIntegralTerm                      0x08003df3   Thumb Code     4  pid_regulator.o(i.PID_SetIntegralTerm)
    PID_SetKD                                0x08003df7   Thumb Code     4  pid_regulator.o(i.PID_SetKD)
    PID_SetKI                                0x08003dfb   Thumb Code     4  pid_regulator.o(i.PID_SetKI)
    PID_SetKP                                0x08003dff   Thumb Code     4  pid_regulator.o(i.PID_SetKP)
    PI_Controller                            0x08003e05   Thumb Code   136  pid_regulator.o(i.PI_Controller)
    PQD_CalcElMotorPower                     0x08003e91   Thumb Code   114  pqd_motor_power_measurement.o(i.PQD_CalcElMotorPower)
    PWMC_CheckOverCurrent                    0x08003f09   Thumb Code     4  pwm_curr_fdbk.o(i.PWMC_CheckOverCurrent)
    PWMC_CurrentReadingCalibr                0x08003f0d   Thumb Code    74  pwm_curr_fdbk.o(i.PWMC_CurrentReadingCalibr)
    PWMC_GetPhaseCurrents                    0x08003f57   Thumb Code     4  pwm_curr_fdbk.o(i.PWMC_GetPhaseCurrents)
    PWMC_SetPhaseVoltage                     0x08003f5b   Thumb Code   498  pwm_curr_fdbk.o(i.PWMC_SetPhaseVoltage)
    PWMC_SwitchOffPWM                        0x0800414d   Thumb Code     4  pwm_curr_fdbk.o(i.PWMC_SwitchOffPWM)
    R3F4XX_BRK_IRQHandler                    0x08004151   Thumb Code    52  r3_f4xx_pwm_curr_fdbk.o(i.R3F4XX_BRK_IRQHandler)
    R3F4XX_CurrentReadingCalibration         0x08004185   Thumb Code   234  r3_f4xx_pwm_curr_fdbk.o(i.R3F4XX_CurrentReadingCalibration)
    R3F4XX_GetPhaseCurrents                  0x0800427d   Thumb Code   292  r3_f4xx_pwm_curr_fdbk.o(i.R3F4XX_GetPhaseCurrents)
    R3F4XX_Init                              0x0800442d   Thumb Code   158  r3_f4xx_pwm_curr_fdbk.o(i.R3F4XX_Init)
    R3F4XX_IsOverCurrentOccurred             0x080044dd   Thumb Code    22  r3_f4xx_pwm_curr_fdbk.o(i.R3F4XX_IsOverCurrentOccurred)
    R3F4XX_RLDetectionModeDisable            0x080044f5   Thumb Code   224  r3_f4xx_pwm_curr_fdbk.o(i.R3F4XX_RLDetectionModeDisable)
    R3F4XX_RLDetectionModeEnable             0x080045e5   Thumb Code   174  r3_f4xx_pwm_curr_fdbk.o(i.R3F4XX_RLDetectionModeEnable)
    R3F4XX_RLDetectionModeSetDuty            0x080046a5   Thumb Code   154  r3_f4xx_pwm_curr_fdbk.o(i.R3F4XX_RLDetectionModeSetDuty)
    R3F4XX_SetADCSampPointSect1              0x0800488b   Thumb Code   168  r3_f4xx_pwm_curr_fdbk.o(i.R3F4XX_SetADCSampPointSect1)
    R3F4XX_SetADCSampPointSect2              0x08004933   Thumb Code   168  r3_f4xx_pwm_curr_fdbk.o(i.R3F4XX_SetADCSampPointSect2)
    R3F4XX_SetADCSampPointSect3              0x080049db   Thumb Code   168  r3_f4xx_pwm_curr_fdbk.o(i.R3F4XX_SetADCSampPointSect3)
    R3F4XX_SetADCSampPointSect4              0x08004a83   Thumb Code   168  r3_f4xx_pwm_curr_fdbk.o(i.R3F4XX_SetADCSampPointSect4)
    R3F4XX_SetADCSampPointSect5              0x08004b2b   Thumb Code   168  r3_f4xx_pwm_curr_fdbk.o(i.R3F4XX_SetADCSampPointSect5)
    R3F4XX_SetADCSampPointSect6              0x08004bd3   Thumb Code   168  r3_f4xx_pwm_curr_fdbk.o(i.R3F4XX_SetADCSampPointSect6)
    R3F4XX_SwitchOffPWM                      0x08004c7b   Thumb Code   120  r3_f4xx_pwm_curr_fdbk.o(i.R3F4XX_SwitchOffPWM)
    R3F4XX_SwitchOnPWM                       0x08004cf5   Thumb Code   138  r3_f4xx_pwm_curr_fdbk.o(i.R3F4XX_SwitchOnPWM)
    R3F4XX_TIMx_UP_IRQHandler                0x08004e19   Thumb Code   124  r3_f4xx_pwm_curr_fdbk.o(i.R3F4XX_TIMx_UP_IRQHandler)
    R3F4XX_TurnOnLowSides                    0x08004e99   Thumb Code    80  r3_f4xx_pwm_curr_fdbk.o(i.R3F4XX_TurnOnLowSides)
    RCM_ExecRegularConv                      0x08004f11   Thumb Code   114  regular_conversion_manager.o(i.RCM_ExecRegularConv)
    RCM_ExecUserConv                         0x08004f8d   Thumb Code    54  regular_conversion_manager.o(i.RCM_ExecUserConv)
    RCM_RegisterRegConv                      0x08004fcd   Thumb Code   194  regular_conversion_manager.o(i.RCM_RegisterRegConv)
    REMNG_Init                               0x08005099   Thumb Code    16  ramp_ext_mngr.o(i.REMNG_Init)
    RUC_GetNumberOfPhases                    0x080050a9   Thumb Code     6  revup_ctrl.o(i.RUC_GetNumberOfPhases)
    RUC_GetPhaseDurationms                   0x080050af   Thumb Code    12  revup_ctrl.o(i.RUC_GetPhaseDurationms)
    RUC_GetPhaseFinalMecSpeed01Hz            0x080050bb   Thumb Code    14  revup_ctrl.o(i.RUC_GetPhaseFinalMecSpeed01Hz)
    RUC_GetPhaseFinalTorque                  0x080050c9   Thumb Code    14  revup_ctrl.o(i.RUC_GetPhaseFinalTorque)
    RUC_SetPhaseDurationms                   0x080050d7   Thumb Code    12  revup_ctrl.o(i.RUC_SetPhaseDurationms)
    RUC_SetPhaseFinalMecSpeed01Hz            0x080050e3   Thumb Code    12  revup_ctrl.o(i.RUC_SetPhaseFinalMecSpeed01Hz)
    RUC_SetPhaseFinalTorque                  0x080050ef   Thumb Code    12  revup_ctrl.o(i.RUC_SetPhaseFinalTorque)
    RVBS_CalcAvVbus                          0x080050fb   Thumb Code   104  r_divider_bus_voltage_sensor.o(i.RVBS_CalcAvVbus)
    RVBS_CheckFaultState                     0x08005163   Thumb Code    26  r_divider_bus_voltage_sensor.o(i.RVBS_CheckFaultState)
    RVBS_Clear                               0x0800517d   Thumb Code    44  r_divider_bus_voltage_sensor.o(i.RVBS_Clear)
    RVBS_Init                                0x080051a9   Thumb Code    26  r_divider_bus_voltage_sensor.o(i.RVBS_Init)
    SPD_GetAvrgMecSpeed01Hz                  0x080051c3   Thumb Code     6  speed_pos_fdbk.o(i.SPD_GetAvrgMecSpeed01Hz)
    SPD_GetElAngle                           0x080051c9   Thumb Code     6  speed_pos_fdbk.o(i.SPD_GetElAngle)
    SPD_GetS16Speed                          0x080051cf   Thumb Code    20  speed_pos_fdbk.o(i.SPD_GetS16Speed)
    SPD_IsMecSpeedReliable                   0x080051e3   Thumb Code   100  speed_pos_fdbk.o(i.SPD_IsMecSpeedReliable)
    STC_CalcTorqueReference                  0x08005247   Thumb Code    96  speed_torq_ctrl.o(i.STC_CalcTorqueReference)
    STC_Clear                                0x080052a7   Thumb Code    16  speed_torq_ctrl.o(i.STC_Clear)
    STC_ExecRamp                             0x080052b7   Thumb Code   142  speed_torq_ctrl.o(i.STC_ExecRamp)
    STC_ForceSpeedReferenceToCurrentSpeed    0x08005345   Thumb Code    16  speed_torq_ctrl.o(i.STC_ForceSpeedReferenceToCurrentSpeed)
    STC_GetDefaultIqdref                     0x08005355   Thumb Code    20  speed_torq_ctrl.o(i.STC_GetDefaultIqdref)
    STC_GetMaxAppPositiveMecSpeed01Hz        0x08005369   Thumb Code     4  speed_torq_ctrl.o(i.STC_GetMaxAppPositiveMecSpeed01Hz)
    STC_GetMecSpeedRef01Hz                   0x0800536d   Thumb Code    12  speed_torq_ctrl.o(i.STC_GetMecSpeedRef01Hz)
    STC_GetMecSpeedRef01HzDefault            0x08005379   Thumb Code     6  speed_torq_ctrl.o(i.STC_GetMecSpeedRef01HzDefault)
    STC_GetMinAppNegativeMecSpeed01Hz        0x0800537f   Thumb Code     6  speed_torq_ctrl.o(i.STC_GetMinAppNegativeMecSpeed01Hz)
    STC_GetSpeedSensor                       0x08005385   Thumb Code     4  speed_torq_ctrl.o(i.STC_GetSpeedSensor)
    STC_GetTorqueRef                         0x08005389   Thumb Code    12  speed_torq_ctrl.o(i.STC_GetTorqueRef)
    STC_Init                                 0x08005395   Thumb Code    32  speed_torq_ctrl.o(i.STC_Init)
    STC_SetControlMode                       0x080053b5   Thumb Code     8  speed_torq_ctrl.o(i.STC_SetControlMode)
    STC_SetSpeedSensor                       0x080053bd   Thumb Code     4  speed_torq_ctrl.o(i.STC_SetSpeedSensor)
    STC_StopSpeedRamp                        0x080053c1   Thumb Code    16  speed_torq_ctrl.o(i.STC_StopSpeedRamp)
    STM_FaultAcknowledged                    0x080053d1   Thumb Code    22  state_machine.o(i.STM_FaultAcknowledged)
    STM_FaultProcessing                      0x080053e7   Thumb Code    54  state_machine.o(i.STM_FaultProcessing)
    STM_GetFaultState                        0x0800541d   Thumb Code    10  state_machine.o(i.STM_GetFaultState)
    STM_GetState                             0x08005427   Thumb Code     4  state_machine.o(i.STM_GetState)
    STM_Init                                 0x0800542b   Thumb Code    10  state_machine.o(i.STM_Init)
    STM_NextState                            0x08005435   Thumb Code   298  state_machine.o(i.STM_NextState)
    SysTick_Handler                          0x08005561   Thumb Code    36  stm32f4xx_mc_it.o(i.SysTick_Handler)
    SystemClock_Config                       0x08005589   Thumb Code   126  main.o(i.SystemClock_Config)
    SystemInit                               0x08005611   Thumb Code    22  system_stm32f4xx.o(i.SystemInit)
    TIM2_IRQHandler                          0x0800562d   Thumb Code    34  stm32f4xx_mc_it.o(i.TIM2_IRQHandler)
    TIM3_IRQHandler                          0x08005655   Thumb Code     6  stm32f4xx_it.o(i.TIM3_IRQHandler)
    TIM8_BRK_TIM12_IRQHandler                0x08005661   Thumb Code    38  stm32f4xx_mc_it.o(i.TIM8_BRK_TIM12_IRQHandler)
    TIM8_UP_TIM13_IRQHandler                 0x0800568d   Thumb Code    20  stm32f4xx_mc_it.o(i.TIM8_UP_TIM13_IRQHandler)
    TIM_Base_SetConfig                       0x080056a5   Thumb Code   182  stm32f4xx_hal_tim.o(i.TIM_Base_SetConfig)
    TIM_CCxChannelCmd                        0x08005771   Thumb Code    30  stm32f4xx_hal_tim.o(i.TIM_CCxChannelCmd)
    TIM_ETR_SetConfig                        0x0800578f   Thumb Code    22  stm32f4xx_hal_tim.o(i.TIM_ETR_SetConfig)
    TIM_OC2_SetConfig                        0x08005815   Thumb Code   112  stm32f4xx_hal_tim.o(i.TIM_OC2_SetConfig)
    TSK_ChargeBootCapDelayHasElapsedM1       0x08005a3d   Thumb Code    14  mc_tasks.o(i.TSK_ChargeBootCapDelayHasElapsedM1)
    TSK_HardwareFaultTask                    0x08005a51   Thumb Code    26  mc_tasks.o(i.TSK_HardwareFaultTask)
    TSK_HighFrequencyTask                    0x08005a71   Thumb Code    34  mc_tasks.o(i.TSK_HighFrequencyTask)
    TSK_SafetyTask                           0x08005c71   Thumb Code    26  mc_tasks.o(i.TSK_SafetyTask)
    TSK_SafetyTask_PWMOFF                    0x08005c91   Thumb Code   130  mc_tasks.o(i.TSK_SafetyTask_PWMOFF)
    UART5_IRQHandler                         0x08005d19   Thumb Code     6  stm32f4xx_it.o(i.UART5_IRQHandler)
    UFCP_AbortReceive                        0x08006083   Thumb Code     8  usart_frame_communication_protocol.o(i.UFCP_AbortReceive)
    UFCP_Init                                0x0800608b   Thumb Code     4  usart_frame_communication_protocol.o(i.UFCP_Init)
    UFCP_OVR_IRQ_Handler                     0x0800608f   Thumb Code    18  usart_frame_communication_protocol.o(i.UFCP_OVR_IRQ_Handler)
    UFCP_RX_IRQ_Handler                      0x080060a1   Thumb Code   168  usart_frame_communication_protocol.o(i.UFCP_RX_IRQ_Handler)
    UFCP_Receive                             0x08006155   Thumb Code    40  usart_frame_communication_protocol.o(i.UFCP_Receive)
    UFCP_Send                                0x0800617d   Thumb Code    84  usart_frame_communication_protocol.o(i.UFCP_Send)
    UFCP_TX_IRQ_Handler                      0x080061d1   Thumb Code   100  usart_frame_communication_protocol.o(i.UFCP_TX_IRQ_Handler)
    UI_DACExec                               0x08006235   Thumb Code    10  user_interface.o(i.UI_DACExec)
    UI_DACInit                               0x0800623f   Thumb Code    10  user_interface.o(i.UI_DACInit)
    UI_DACUpdate                             0x08006249   Thumb Code    28  ui_task.o(i.UI_DACUpdate)
    UI_ExecCmd                               0x08006269   Thumb Code   110  user_interface.o(i.UI_ExecCmd)
    UI_ExecSpeedRamp                         0x080062d7   Thumb Code    28  user_interface.o(i.UI_ExecSpeedRamp)
    UI_GetDAC                                0x080062f3   Thumb Code    16  user_interface.o(i.UI_GetDAC)
    UI_GetMPInfo                             0x08006303   Thumb Code     4  user_interface.o(i.UI_GetMPInfo)
    UI_GetReg                                0x08006309   Thumb Code   638  user_interface.o(i.UI_GetReg)
    UI_GetRevupData                          0x0800658d   Thumb Code    72  user_interface.o(i.UI_GetRevupData)
    UI_GetSelectedMC                         0x080065d5   Thumb Code     6  user_interface.o(i.UI_GetSelectedMC)
    UI_HandleStartStopButton_cb              0x080065db   Thumb Code    24  ui_task.o(i.UI_HandleStartStopButton_cb)
    UI_Init                                  0x080065f3   Thumb Code    20  user_interface.o(i.UI_Init)
    UI_Scheduler                             0x08006609   Thumb Code    38  ui_task.o(i.UI_Scheduler)
    UI_SelectMC                              0x08006635   Thumb Code    20  user_interface.o(i.UI_SelectMC)
    UI_SerialCommunicationTimeOutStart       0x08006649   Thumb Code     8  ui_task.o(i.UI_SerialCommunicationTimeOutStart)
    UI_SerialCommunicationTimeOutStop        0x08006655   Thumb Code     8  ui_task.o(i.UI_SerialCommunicationTimeOutStop)
    UI_SetCurrentReferences                  0x08006661   Thumb Code    28  user_interface.o(i.UI_SetCurrentReferences)
    UI_SetDAC                                0x0800667d   Thumb Code    10  user_interface.o(i.UI_SetDAC)
    UI_SetReg                                0x08006687   Thumb Code   256  user_interface.o(i.UI_SetReg)
    UI_SetRevupData                          0x08006787   Thumb Code    56  user_interface.o(i.UI_SetRevupData)
    UI_TaskInit                              0x080067c1   Thumb Code   128  ui_task.o(i.UI_TaskInit)
    USART1_IRQHandler                        0x08006861   Thumb Code   104  stm32f4xx_mc_it.o(i.USART1_IRQHandler)
    VBS_GetAvBusVoltage_V                    0x080068cd   Thumb Code    10  bus_voltage_sensor.o(i.VBS_GetAvBusVoltage_V)
    VSS_Clear                                0x080068d7   Thumb Code    44  virtual_speed_sensor.o(i.VSS_Clear)
    VSS_Init                                 0x08006903   Thumb Code     4  virtual_speed_sensor.o(i.VSS_Init)
    VSS_SetMecAcceleration                   0x08006907   Thumb Code   114  virtual_speed_sensor.o(i.VSS_SetMecAcceleration)
    VSS_SetMecAngle                          0x08006979   Thumb Code    14  virtual_speed_sensor.o(i.VSS_SetMecAngle)
    __0printf                                0x08006989   Thumb Code    22  printfa.o(i.__0printf)
    __1printf                                0x08006989   Thumb Code     0  printfa.o(i.__0printf)
    __2printf                                0x08006989   Thumb Code     0  printfa.o(i.__0printf)
    __c89printf                              0x08006989   Thumb Code     0  printfa.o(i.__0printf)
    printf                                   0x08006989   Thumb Code     0  printfa.o(i.__0printf)
    __ARM_fpclassify                         0x080069a9   Thumb Code    48  fpclassify.o(i.__ARM_fpclassify)
    __hardfp_sin                             0x080069d9   Thumb Code   180  sin.o(i.__hardfp_sin)
    __ieee754_rem_pio2                       0x08006aa1   Thumb Code   938  rred.o(i.__ieee754_rem_pio2)
    __kernel_cos                             0x08006ed9   Thumb Code   322  cos_i.o(i.__kernel_cos)
    __kernel_poly                            0x08007049   Thumb Code   248  poly.o(i.__kernel_poly)
    __kernel_sin                             0x08007141   Thumb Code   280  sin_i.o(i.__kernel_sin)
    __mathlib_dbl_infnan                     0x08007271   Thumb Code    20  dunder.o(i.__mathlib_dbl_infnan)
    __mathlib_dbl_invalid                    0x08007289   Thumb Code    24  dunder.o(i.__mathlib_dbl_invalid)
    __mathlib_dbl_underflow                  0x080072a9   Thumb Code    24  dunder.o(i.__mathlib_dbl_underflow)
    __scatterload_copy                       0x080072c9   Thumb Code    14  handlers.o(i.__scatterload_copy)
    __scatterload_null                       0x080072d7   Thumb Code     2  handlers.o(i.__scatterload_null)
    __scatterload_zeroinit                   0x080072d9   Thumb Code    14  handlers.o(i.__scatterload_zeroinit)
    __set_errno                              0x080072e9   Thumb Code     6  errno.o(i.__set_errno)
    fabs                                     0x08007b7f   Thumb Code    24  fabs.o(i.fabs)
    fputc                                    0x08007b99   Thumb Code    20  main.o(i.fputc)
    function_step_test                       0x08007bb1   Thumb Code   242  main.o(i.function_step_test)
    function_sweep_follow_test               0x08007ccd   Thumb Code   322  main.o(i.function_sweep_follow_test)
    get_uint8_sum_check                      0x08007e65   Thumb Code    24  main.o(i.get_uint8_sum_check)
    main                                     0x08007e7d   Thumb Code   266  main.o(i.main)
    mc_lock_pins                             0x08007fa1   Thumb Code   144  mc_tasks.o(i.mc_lock_pins)
    send_data_2_matlab                       0x08008045   Thumb Code    88  main.o(i.send_data_2_matlab)
    startTimers                              0x080080a1   Thumb Code   100  pwm_common.o(i.startTimers)
    s_fwVer                                  0x08008108   Data          32  motorcontrol.o(.constdata)
    R3_F4_ParamsM1                           0x08008128   Data          52  mc_parameters.o(.constdata)
    AHBPrescTable                            0x0800815c   Data          16  system_stm32f4xx.o(.constdata)
    APBPrescTable                            0x0800816c   Data           8  system_stm32f4xx.o(.constdata)
    hSin_Cos_Table                           0x08008174   Data         512  mc_math.o(.constdata)
    Region$$Table$$Base                      0x080084a8   Number         0  anon$$obj.o(Region$$Table)
    Region$$Table$$Limit                     0x080084c8   Number         0  anon$$obj.o(Region$$Table)
    encoder_ruler_overflow_count             0x20000004   Data           4  main.o(.data)
    start_status                             0x20000008   Data           4  main.o(.data)
    now_position                             0x2000000c   Data           4  main.o(.data)
    left_position                            0x20000010   Data           4  main.o(.data)
    right_position                           0x20000014   Data           4  main.o(.data)
    mid_position                             0x20000018   Data           4  main.o(.data)
    limit_position                           0x2000001c   Data           4  main.o(.data)
    find_home_flag                           0x20000020   Data           4  main.o(.data)
    function_mode                            0x20000024   Data           4  main.o(.data)
    function_start                           0x20000028   Data           4  main.o(.data)
    wConfig                                  0x2000005c   Data           4  motorcontrol.o(.data)
    pMCI                                     0x20000060   Data           4  motorcontrol.o(.data)
    pMCT                                     0x20000064   Data           4  motorcontrol.o(.data)
    MPInfo                                   0x20000068   Data           8  motor_control_protocol.o(.data)
    PQD_MotorPowMeasM1                       0x20000070   Data         276  mc_config.o(.data)
    PIDSpeedHandle_M1                        0x20000184   Data          44  mc_config.o(.data)
    PIDIqHandle_M1                           0x200001b0   Data          44  mc_config.o(.data)
    PIDIdHandle_M1                           0x200001dc   Data          44  mc_config.o(.data)
    SpeednTorqCtrlM1                         0x20000208   Data          52  mc_config.o(.data)
    PWM_Handle_M1                            0x2000023c   Data         148  mc_config.o(.data)
    VirtualSpeedSensorM1                     0x200002d0   Data          48  mc_config.o(.data)
    ENCODER_M1                               0x20000300   Data         120  mc_config.o(.data)
    EncAlignCtrlM1                           0x20000378   Data          28  mc_config.o(.data)
    TempSensorParamsM1                       0x20000394   Data          40  mc_config.o(.data)
    RealBusVoltageSensorParamsM1             0x200003bc   Data          56  mc_config.o(.data)
    UI_Params                                0x200003f4   Data          48  mc_config.o(.data)
    DAC_UI_Params                            0x20000424   Data          60  mc_config.o(.data)
    RampExtMngrHFParamsM1                    0x20000460   Data          20  mc_config.o(.data)
    CircleLimitationM1                       0x20000474   Data         178  mc_config.o(.data)
    pUSART                                   0x20000528   Data         316  mc_config.o(.data)
    bMCBootCompleted                         0x20000664   Data           1  mc_tasks.o(.data)
    oMCInterface                             0x2000066c   Data           4  mc_tasks.o(.data)
    pSTC                                     0x20000670   Data           4  mc_tasks.o(.data)
    pPIDSpeed                                0x20000674   Data           4  mc_tasks.o(.data)
    pPIDIq                                   0x20000678   Data           4  mc_tasks.o(.data)
    pPIDId                                   0x2000067c   Data           4  mc_tasks.o(.data)
    pBusSensorM1                             0x20000680   Data           4  mc_tasks.o(.data)
    pTemperatureSensor                       0x20000684   Data           4  mc_tasks.o(.data)
    pwmcHandle                               0x20000688   Data           4  mc_tasks.o(.data)
    pMPM                                     0x2000068c   Data           4  mc_tasks.o(.data)
    pCLM                                     0x20000690   Data           4  mc_tasks.o(.data)
    pREMNG                                   0x20000694   Data           4  mc_tasks.o(.data)
    STM                                      0x20000698   Data           6  mc_tasks.o(.data)
    RCM_UserConvHandle                       0x2000069e   Data           1  regular_conversion_manager.o(.data)
    RCM_UserConvState                        0x2000069f   Data           1  regular_conversion_manager.o(.data)
    RCM_UserConvValue                        0x200006a0   Data           2  regular_conversion_manager.o(.data)
    pDAC                                     0x200006ac   Data           4  ui_task.o(.data)
    pMCP                                     0x200006b0   Data           4  ui_task.o(.data)
    SystemCoreClock                          0x200006b4   Data           4  system_stm32f4xx.o(.data)
    uwTickFreq                               0x200006b8   Data           1  stm32f4xx_hal.o(.data)
    uwTickPrio                               0x200006bc   Data           4  stm32f4xx_hal.o(.data)
    uwTick                                   0x200006c0   Data           4  stm32f4xx_hal.o(.data)
    __stdout                                 0x200006c4   Data           4  stdout.o(.data)
    hadc1                                    0x200006e8   Data          72  main.o(.bss)
    hadc2                                    0x20000730   Data          72  main.o(.bss)
    hdac                                     0x20000778   Data          20  main.o(.bss)
    htim2                                    0x2000078c   Data          64  main.o(.bss)
    htim3                                    0x200007cc   Data          64  main.o(.bss)
    htim8                                    0x2000080c   Data          64  main.o(.bss)
    huart5                                   0x2000084c   Data          64  main.o(.bss)
    huart1                                   0x2000088c   Data          64  main.o(.bss)
    FOCVars                                  0x200008cc   Data          38  mc_tasks.o(.bss)
    Mci                                      0x200008f4   Data          28  mc_tasks.o(.bss)
    MCT                                      0x20000910   Data          80  mc_tasks.o(.bss)
    RCM_handle_array                         0x20000960   Data          16  regular_conversion_manager.o(.bss)
    RCM_CB_array                             0x20000970   Data          32  regular_conversion_manager.o(.bss)
    MCP_UI_Params                            0x20000990   Data         204  ui_task.o(.bss)
    __initial_sp                             0x20000e60   Data           0  startup_stm32f417xx.o(STACK)



==============================================================================

Memory Map of the image

  Image Entry point : 0x08000189

  Load Region LR_IROM1 (Base: 0x08000000, Size: 0x00008b94, Max: 0x00100000, ABSOLUTE, COMPRESSED[0x00008674])

    Execution Region ER_IROM1 (Exec base: 0x08000000, Load base: 0x08000000, Size: 0x000084c8, Max: 0x00100000, ABSOLUTE)

    Exec Addr    Load Addr    Size         Type   Attr      Idx    E Section Name        Object

    0x08000000   0x08000000   0x00000188   Data   RO            3    RESET               startup_stm32f417xx.o
    0x08000188   0x08000188   0x00000000   Code   RO         6569  * .ARM.Collect$$$$00000000  mc_w.l(entry.o)
    0x08000188   0x08000188   0x00000004   Code   RO         6886    .ARM.Collect$$$$00000001  mc_w.l(entry2.o)
    0x0800018c   0x0800018c   0x00000004   Code   RO         6889    .ARM.Collect$$$$00000004  mc_w.l(entry5.o)
    0x08000190   0x08000190   0x00000000   Code   RO         6891    .ARM.Collect$$$$00000008  mc_w.l(entry7b.o)
    0x08000190   0x08000190   0x00000000   Code   RO         6893    .ARM.Collect$$$$0000000A  mc_w.l(entry8b.o)
    0x08000190   0x08000190   0x00000008   Code   RO         6894    .ARM.Collect$$$$0000000B  mc_w.l(entry9a.o)
    0x08000198   0x08000198   0x00000004   Code   RO         6901    .ARM.Collect$$$$0000000E  mc_w.l(entry12b.o)
    0x0800019c   0x0800019c   0x00000000   Code   RO         6896    .ARM.Collect$$$$0000000F  mc_w.l(entry10a.o)
    0x0800019c   0x0800019c   0x00000000   Code   RO         6898    .ARM.Collect$$$$00000011  mc_w.l(entry11a.o)
    0x0800019c   0x0800019c   0x00000004   Code   RO         6887    .ARM.Collect$$$$00002712  mc_w.l(entry2.o)
    0x080001a0   0x080001a0   0x00000024   Code   RO            4    .text               startup_stm32f417xx.o
    0x080001c4   0x080001c4   0x00000062   Code   RO         6572    .text               mc_w.l(uldiv.o)
    0x08000226   0x08000226   0x00000024   Code   RO         6574    .text               mc_w.l(memcpya.o)
    0x0800024a   0x0800024a   0x00000024   Code   RO         6576    .text               mc_w.l(memseta.o)
    0x0800026e   0x0800026e   0x0000014e   Code   RO         6841    .text               mf_w.l(dadd.o)
    0x080003bc   0x080003bc   0x000000e4   Code   RO         6843    .text               mf_w.l(dmul.o)
    0x080004a0   0x080004a0   0x000000de   Code   RO         6845    .text               mf_w.l(ddiv.o)
    0x0800057e   0x0800057e   0x0000001a   Code   RO         6847    .text               mf_w.l(dfltui.o)
    0x08000598   0x08000598   0x00000026   Code   RO         6849    .text               mf_w.l(f2d.o)
    0x080005be   0x080005be   0x00000038   Code   RO         6851    .text               mf_w.l(d2f.o)
    0x080005f6   0x080005f6   0x0000002c   Code   RO         6903    .text               mc_w.l(uidiv.o)
    0x08000622   0x08000622   0x0000001e   Code   RO         6905    .text               mc_w.l(llshl.o)
    0x08000640   0x08000640   0x00000020   Code   RO         6907    .text               mc_w.l(llushr.o)
    0x08000660   0x08000660   0x00000024   Code   RO         6909    .text               mc_w.l(llsshr.o)
    0x08000684   0x08000684   0x00000000   Code   RO         6918    .text               mc_w.l(iusefp.o)
    0x08000684   0x08000684   0x0000006e   Code   RO         6919    .text               mf_w.l(fepilogue.o)
    0x080006f2   0x080006f2   0x000000ba   Code   RO         6921    .text               mf_w.l(depilogue.o)
    0x080007ac   0x080007ac   0x00000022   Code   RO         6925    .text               mf_w.l(dflti.o)
    0x080007ce   0x080007ce   0x0000003e   Code   RO         6927    .text               mf_w.l(dfixi.o)
    0x0800080c   0x0800080c   0x00000030   Code   RO         6929    .text               mf_w.l(dfixul.o)
    0x0800083c   0x0800083c   0x00000030   Code   RO         6933    .text               mf_w.l(cdrcmple.o)
    0x0800086c   0x0800086c   0x00000024   Code   RO         6941    .text               mc_w.l(init.o)
    0x08000890   0x08000890   0x00000056   Code   RO         6951    .text               mc_w.l(__dczerorl2.o)
    0x080008e6   0x080008e6   0x00000002   PAD
    0x080008e8   0x080008e8   0x00000034   Code   RO         1029    i.ADC_IRQHandler    stm32f4xx_mc_it.o
    0x0800091c   0x0800091c   0x00000130   Code   RO         1546    i.ADC_Init          stm32f4xx_hal_adc.o
    0x08000a4c   0x08000a4c   0x0000005c   Code   RO         4527    i.Circle_Limitation  circle_limitation.o
    0x08000aa8   0x08000aa8   0x00000088   Code   RO         6300    i.DAC_Exec          dac_ui.o
    0x08000b30   0x08000b30   0x00000008   Code   RO         6333    i.DAC_GetChannelConfig  dac_common_ui.o
    0x08000b38   0x08000b38   0x0000000a   Code   RO         6334    i.DAC_GetUserChannelValue  dac_common_ui.o
    0x08000b42   0x08000b42   0x00000002   PAD
    0x08000b44   0x08000b44   0x00000024   Code   RO         6301    i.DAC_Init          dac_ui.o
    0x08000b68   0x08000b68   0x00000008   Code   RO         6335    i.DAC_SetChannelConfig  dac_common_ui.o
    0x08000b70   0x08000b70   0x00000008   Code   RO         6336    i.DAC_SetUserChannelValue  dac_common_ui.o
    0x08000b78   0x08000b78   0x00000032   Code   RO         4584    i.EAC_Exec          enc_align_ctrl.o
    0x08000baa   0x08000baa   0x00000004   Code   RO         4585    i.EAC_GetRestartState  enc_align_ctrl.o
    0x08000bae   0x08000bae   0x0000000e   Code   RO         4586    i.EAC_Init          enc_align_ctrl.o
    0x08000bbc   0x08000bbc   0x00000004   Code   RO         4587    i.EAC_IsAligned     enc_align_ctrl.o
    0x08000bc0   0x08000bc0   0x00000004   Code   RO         4588    i.EAC_SetRestartState  enc_align_ctrl.o
    0x08000bc4   0x08000bc4   0x0000004a   Code   RO         4589    i.EAC_StartAlignment  enc_align_ctrl.o
    0x08000c0e   0x08000c0e   0x00000024   Code   RO         4638    i.ENC_CalcAngle     encoder_speed_pos_fdbk.o
    0x08000c32   0x08000c32   0x0000010a   Code   RO         4639    i.ENC_CalcAvrgMecSpeed01Hz  encoder_speed_pos_fdbk.o
    0x08000d3c   0x08000d3c   0x00000022   Code   RO         4640    i.ENC_Clear         encoder_speed_pos_fdbk.o
    0x08000d5e   0x08000d5e   0x0000000a   Code   RO         4641    i.ENC_IRQHandler    encoder_speed_pos_fdbk.o
    0x08000d68   0x08000d68   0x00000052   Code   RO         4642    i.ENC_Init          encoder_speed_pos_fdbk.o
    0x08000dba   0x08000dba   0x00000022   Code   RO         4643    i.ENC_SetMecAngle   encoder_speed_pos_fdbk.o
    0x08000ddc   0x08000ddc   0x00000010   Code   RO         1030    i.EXTI0_IRQHandler  stm32f4xx_mc_it.o
    0x08000dec   0x08000dec   0x00000006   Code   RO         1375    i.EXTI1_IRQHandler  stm32f4xx_it.o
    0x08000df2   0x08000df2   0x00000030   Code   RO         6375    i.FCP_CalcCRC       frame_communication_protocol.o
    0x08000e22   0x08000e22   0x0000002a   Code   RO         6376    i.FCP_Init          frame_communication_protocol.o
    0x08000e4c   0x08000e4c   0x00000014   Code   RO         6378    i.FCP_SetClient     frame_communication_protocol.o
    0x08000e60   0x08000e60   0x00000030   Code   RO          834    i.FOC_CalcCurrRef   mc_tasks.o
    0x08000e90   0x08000e90   0x00000064   Code   RO          835    i.FOC_Clear         mc_tasks.o
    0x08000ef4   0x08000ef4   0x000000bc   Code   RO          836    i.FOC_CurrController  mc_tasks.o
    0x08000fb0   0x08000fb0   0x00000030   Code   RO           14    i.Get_Encoder_Ruler_Count  main.o
    0x08000fe0   0x08000fe0   0x00000208   Code   RO         1716    i.HAL_ADCEx_InjectedConfigChannel  stm32f4xx_hal_adc_ex.o
    0x080011e8   0x080011e8   0x00000174   Code   RO         1548    i.HAL_ADC_ConfigChannel  stm32f4xx_hal_adc.o
    0x0800135c   0x0800135c   0x00000056   Code   RO         1557    i.HAL_ADC_Init      stm32f4xx_hal_adc.o
    0x080013b2   0x080013b2   0x00000002   PAD
    0x080013b4   0x080013b4   0x000000ec   Code   RO         1416    i.HAL_ADC_MspInit   stm32f4xx_hal_msp.o
    0x080014a0   0x080014a0   0x00000052   Code   RO         2993    i.HAL_DAC_ConfigChannel  stm32f4xx_hal_dac.o
    0x080014f2   0x080014f2   0x0000002a   Code   RO         3003    i.HAL_DAC_Init      stm32f4xx_hal_dac.o
    0x0800151c   0x0800151c   0x00000060   Code   RO         1418    i.HAL_DAC_MspInit   stm32f4xx_hal_msp.o
    0x0800157c   0x0800157c   0x00000024   Code   RO         2326    i.HAL_DMA_Abort_IT  stm32f4xx_hal_dma.o
    0x080015a0   0x080015a0   0x00000028   Code   RO         2739    i.HAL_Delay         stm32f4xx_hal.o
    0x080015c8   0x080015c8   0x0000004c   Code   RO           15    i.HAL_GPIO_EXTI_Callback  main.o
    0x08001614   0x08001614   0x00000018   Code   RO         2217    i.HAL_GPIO_EXTI_IRQHandler  stm32f4xx_hal_gpio.o
    0x0800162c   0x0800162c   0x00000258   Code   RO         2218    i.HAL_GPIO_Init     stm32f4xx_hal_gpio.o
    0x08001884   0x08001884   0x0000000e   Code   RO         2220    i.HAL_GPIO_ReadPin  stm32f4xx_hal_gpio.o
    0x08001892   0x08001892   0x00000002   PAD
    0x08001894   0x08001894   0x0000000c   Code   RO         2745    i.HAL_GetTick       stm32f4xx_hal.o
    0x080018a0   0x080018a0   0x00000010   Code   RO         2751    i.HAL_IncTick       stm32f4xx_hal.o
    0x080018b0   0x080018b0   0x00000034   Code   RO         2752    i.HAL_Init          stm32f4xx_hal.o
    0x080018e4   0x080018e4   0x00000044   Code   RO         2753    i.HAL_InitTick      stm32f4xx_hal.o
    0x08001928   0x08001928   0x00000034   Code   RO         1419    i.HAL_MspInit       stm32f4xx_hal_msp.o
    0x0800195c   0x0800195c   0x0000001c   Code   RO         2607    i.HAL_NVIC_EnableIRQ  stm32f4xx_hal_cortex.o
    0x08001978   0x08001978   0x00000068   Code   RO         2613    i.HAL_NVIC_SetPriority  stm32f4xx_hal_cortex.o
    0x080019e0   0x080019e0   0x00000024   Code   RO         2614    i.HAL_NVIC_SetPriorityGrouping  stm32f4xx_hal_cortex.o
    0x08001a04   0x08001a04   0x0000017c   Code   RO         1819    i.HAL_RCC_ClockConfig  stm32f4xx_hal_rcc.o
    0x08001b80   0x08001b80   0x0000000c   Code   RO         1822    i.HAL_RCC_EnableCSS  stm32f4xx_hal_rcc.o
    0x08001b8c   0x08001b8c   0x0000000c   Code   RO         1824    i.HAL_RCC_GetHCLKFreq  stm32f4xx_hal_rcc.o
    0x08001b98   0x08001b98   0x00000020   Code   RO         1826    i.HAL_RCC_GetPCLK1Freq  stm32f4xx_hal_rcc.o
    0x08001bb8   0x08001bb8   0x00000020   Code   RO         1827    i.HAL_RCC_GetPCLK2Freq  stm32f4xx_hal_rcc.o
    0x08001bd8   0x08001bd8   0x0000006c   Code   RO         1828    i.HAL_RCC_GetSysClockFreq  stm32f4xx_hal_rcc.o
    0x08001c44   0x08001c44   0x00000476   Code   RO         1831    i.HAL_RCC_OscConfig  stm32f4xx_hal_rcc.o
    0x080020ba   0x080020ba   0x00000002   Code   RO         2617    i.HAL_SYSTICK_Callback  stm32f4xx_hal_cortex.o
    0x080020bc   0x080020bc   0x00000028   Code   RO         2618    i.HAL_SYSTICK_Config  stm32f4xx_hal_cortex.o
    0x080020e4   0x080020e4   0x00000008   Code   RO         2619    i.HAL_SYSTICK_IRQHandler  stm32f4xx_hal_cortex.o
    0x080020ec   0x080020ec   0x00000002   Code   RO         3903    i.HAL_TIMEx_BreakCallback  stm32f4xx_hal_tim_ex.o
    0x080020ee   0x080020ee   0x00000002   Code   RO         3904    i.HAL_TIMEx_CommutCallback  stm32f4xx_hal_tim_ex.o
    0x080020f0   0x080020f0   0x00000066   Code   RO         3906    i.HAL_TIMEx_ConfigBreakDeadTime  stm32f4xx_hal_tim_ex.o
    0x08002156   0x08002156   0x0000009a   Code   RO         3921    i.HAL_TIMEx_MasterConfigSynchronization  stm32f4xx_hal_tim_ex.o
    0x080021f0   0x080021f0   0x00000038   Code   RO         3217    i.HAL_TIM_Base_Init  stm32f4xx_hal_tim.o
    0x08002228   0x08002228   0x00000028   Code   RO         1421    i.HAL_TIM_Base_MspInit  stm32f4xx_hal_msp.o
    0x08002250   0x08002250   0x000000be   Code   RO         3235    i.HAL_TIM_Encoder_Init  stm32f4xx_hal_tim.o
    0x0800230e   0x0800230e   0x00000002   PAD
    0x08002310   0x08002310   0x000000e0   Code   RO         1423    i.HAL_TIM_Encoder_MspInit  stm32f4xx_hal_msp.o
    0x080023f0   0x080023f0   0x00000042   Code   RO         3238    i.HAL_TIM_Encoder_Start  stm32f4xx_hal_tim.o
    0x08002432   0x08002432   0x00000002   Code   RO         3246    i.HAL_TIM_IC_CaptureCallback  stm32f4xx_hal_tim.o
    0x08002434   0x08002434   0x00000174   Code   RO         3260    i.HAL_TIM_IRQHandler  stm32f4xx_hal_tim.o
    0x080025a8   0x080025a8   0x0000007c   Code   RO         1424    i.HAL_TIM_MspPostInit  stm32f4xx_hal_msp.o
    0x08002624   0x08002624   0x00000002   Code   RO         3263    i.HAL_TIM_OC_DelayElapsedCallback  stm32f4xx_hal_tim.o
    0x08002626   0x08002626   0x000000dc   Code   RO         3284    i.HAL_TIM_PWM_ConfigChannel  stm32f4xx_hal_tim.o
    0x08002702   0x08002702   0x00000038   Code   RO         3287    i.HAL_TIM_PWM_Init  stm32f4xx_hal_tim.o
    0x0800273a   0x0800273a   0x00000002   Code   RO         3289    i.HAL_TIM_PWM_MspInit  stm32f4xx_hal_tim.o
    0x0800273c   0x0800273c   0x00000002   Code   RO         3290    i.HAL_TIM_PWM_PulseFinishedCallback  stm32f4xx_hal_tim.o
    0x0800273e   0x0800273e   0x00000002   PAD
    0x08002740   0x08002740   0x0000002c   Code   RO           16    i.HAL_TIM_PeriodElapsedCallback  main.o
    0x0800276c   0x0800276c   0x00000052   Code   RO         3301    i.HAL_TIM_SlaveConfigSynchro  stm32f4xx_hal_tim.o
    0x080027be   0x080027be   0x00000002   Code   RO         3303    i.HAL_TIM_TriggerCallback  stm32f4xx_hal_tim.o
    0x080027c0   0x080027c0   0x00000002   Code   RO         4175    i.HAL_UART_ErrorCallback  stm32f4xx_hal_uart.o
    0x080027c2   0x080027c2   0x00000002   PAD
    0x080027c4   0x080027c4   0x00000144   Code   RO         4178    i.HAL_UART_IRQHandler  stm32f4xx_hal_uart.o
    0x08002908   0x08002908   0x00000064   Code   RO         4179    i.HAL_UART_Init     stm32f4xx_hal_uart.o
    0x0800296c   0x0800296c   0x000000e8   Code   RO         1426    i.HAL_UART_MspInit  stm32f4xx_hal_msp.o
    0x08002a54   0x08002a54   0x00000002   Code   RO         4185    i.HAL_UART_RxCpltCallback  stm32f4xx_hal_uart.o
    0x08002a56   0x08002a56   0x000000e0   Code   RO         4187    i.HAL_UART_Transmit  stm32f4xx_hal_uart.o
    0x08002b36   0x08002b36   0x00000002   Code   RO         4190    i.HAL_UART_TxCpltCallback  stm32f4xx_hal_uart.o
    0x08002b38   0x08002b38   0x0000006c   Code   RO         1031    i.HardFault_Handler  stm32f4xx_mc_it.o
    0x08002ba4   0x08002ba4   0x00000012   Code   RO          839    i.LL_GPIO_LockPin   mc_tasks.o
    0x08002bb6   0x08002bb6   0x00000002   PAD
    0x08002bb8   0x08002bb8   0x00000058   Code   RO         6106    i.LL_TIM_OC_EnablePreload  r3_f4xx_pwm_curr_fdbk.o
    0x08002c10   0x08002c10   0x00000060   Code   RO         6107    i.LL_TIM_OC_SetMode  r3_f4xx_pwm_curr_fdbk.o
    0x08002c70   0x08002c70   0x0000000c   Code   RO         1032    i.LL_USART_ClearFlag_ORE  stm32f4xx_mc_it.o
    0x08002c7c   0x08002c7c   0x00000010   Code   RO         4775    i.MCI_Clear_Iqdref  mc_interface.o
    0x08002c8c   0x08002c8c   0x00000008   Code   RO         4776    i.MCI_EncoderAlign  mc_interface.o
    0x08002c94   0x08002c94   0x0000007e   Code   RO         4777    i.MCI_ExecBufferedCommands  mc_interface.o
    0x08002d12   0x08002d12   0x0000000e   Code   RO         4778    i.MCI_ExecSpeedRamp  mc_interface.o
    0x08002d20   0x08002d20   0x00000012   Code   RO         4779    i.MCI_ExecTorqueRamp  mc_interface.o
    0x08002d32   0x08002d32   0x00000006   Code   RO         4780    i.MCI_FaultAcknowledged  mc_interface.o
    0x08002d38   0x08002d38   0x00000010   Code   RO         4781    i.MCI_GetAvrgMecSpeed01Hz  mc_interface.o
    0x08002d48   0x08002d48   0x00000004   Code   RO         4782    i.MCI_GetControlMode  mc_interface.o
    0x08002d4c   0x08002d4c   0x00000006   Code   RO         4785    i.MCI_GetIab        mc_interface.o
    0x08002d52   0x08002d52   0x00000006   Code   RO         4786    i.MCI_GetIalphabeta  mc_interface.o
    0x08002d58   0x08002d58   0x00000006   Code   RO         4788    i.MCI_GetIqd        mc_interface.o
    0x08002d5e   0x08002d5e   0x00000006   Code   RO         4790    i.MCI_GetIqdref     mc_interface.o
    0x08002d64   0x08002d64   0x00000010   Code   RO         4791    i.MCI_GetLastRampFinalSpeed  mc_interface.o
    0x08002d74   0x08002d74   0x00000006   Code   RO         4792    i.MCI_GetMecSpeedRef01Hz  mc_interface.o
    0x08002d7a   0x08002d7a   0x00000006   Code   RO         4796    i.MCI_GetSTMState   mc_interface.o
    0x08002d80   0x08002d80   0x00000008   Code   RO         4798    i.MCI_GetTeref      mc_interface.o
    0x08002d88   0x08002d88   0x00000008   Code   RO         4799    i.MCI_GetValphabeta  mc_interface.o
    0x08002d90   0x08002d90   0x00000008   Code   RO         4800    i.MCI_GetVqd        mc_interface.o
    0x08002d98   0x08002d98   0x00000014   Code   RO         4801    i.MCI_Init          mc_interface.o
    0x08002dac   0x08002dac   0x0000001e   Code   RO         4804    i.MCI_SetCurrentReferences  mc_interface.o
    0x08002dca   0x08002dca   0x0000000a   Code   RO         4805    i.MCI_SetIdref      mc_interface.o
    0x08002dd4   0x08002dd4   0x00000016   Code   RO         4806    i.MCI_StartMotor    mc_interface.o
    0x08002dea   0x08002dea   0x00000008   Code   RO         4807    i.MCI_StopMotor     mc_interface.o
    0x08002df2   0x08002df2   0x00000006   Code   RO         4808    i.MCI_StopSpeedRamp  mc_interface.o
    0x08002df8   0x08002df8   0x0000005c   Code   RO         4718    i.MCM_Clarke        mc_math.o
    0x08002e54   0x08002e54   0x0000008c   Code   RO         4719    i.MCM_Park          mc_math.o
    0x08002ee0   0x08002ee0   0x00000044   Code   RO         4720    i.MCM_Rev_Park      mc_math.o
    0x08002f24   0x08002f24   0x00000088   Code   RO         4722    i.MCM_Trig_Functions  mc_math.o
    0x08002fac   0x08002fac   0x00000048   Code   RO          714    i.MCP_Init          motor_control_protocol.o
    0x08002ff4   0x08002ff4   0x00000004   Code   RO          715    i.MCP_OnTimeOut     motor_control_protocol.o
    0x08002ff8   0x08002ff8   0x000005d4   Code   RO          716    i.MCP_ReceivedFrame  motor_control_protocol.o
    0x080035cc   0x080035cc   0x00000004   Code   RO          721    i.MCP_SentFrame     motor_control_protocol.o
    0x080035d0   0x080035d0   0x0000001a   Code   RO          722    i.MCP_WaitNextFrame  motor_control_protocol.o
    0x080035ea   0x080035ea   0x00000002   PAD
    0x080035ec   0x080035ec   0x0000000c   Code   RO          510    i.MC_AlignEncoderMotor1  mc_api.o
    0x080035f8   0x080035f8   0x0000000c   Code   RO          527    i.MC_GetSTMStateMotor1  mc_api.o
    0x08003604   0x08003604   0x00000014   Code   RO          533    i.MC_ProgramSpeedRampMotor1  mc_api.o
    0x08003618   0x08003618   0x00000014   Code   RO          534    i.MC_ProgramTorqueRampMotor1  mc_api.o
    0x0800362c   0x0800362c   0x00000020   Code   RO          840    i.MC_RunMotorControlTasks  mc_tasks.o
    0x0800364c   0x0800364c   0x00000038   Code   RO          841    i.MC_Scheduler      mc_tasks.o
    0x08003684   0x08003684   0x0000000c   Code   RO          537    i.MC_StartMotor1    mc_api.o
    0x08003690   0x08003690   0x0000000c   Code   RO          538    i.MC_StopMotor1     mc_api.o
    0x0800369c   0x0800369c   0x000001a0   Code   RO          842    i.MCboot            mc_tasks.o
    0x0800383c   0x0800383c   0x00000044   Code   RO         4997    i.MPM_CalcElMotorPower  motor_power_measurement.o
    0x08003880   0x08003880   0x0000001a   Code   RO         4998    i.MPM_Clear         motor_power_measurement.o
    0x0800389a   0x0800389a   0x00000006   Code   RO         4999    i.MPM_GetAvrgElMotorPowerW  motor_power_measurement.o
    0x080038a0   0x080038a0   0x000000b8   Code   RO           17    i.MX_ADC1_Init      main.o
    0x08003958   0x08003958   0x000000a4   Code   RO           18    i.MX_ADC2_Init      main.o
    0x080039fc   0x080039fc   0x000000f0   Code   RO           19    i.MX_GPIO_Init      main.o
    0x08003aec   0x08003aec   0x00000038   Code   RO          375    i.MX_MotorControl_Init  motorcontrol.o
    0x08003b24   0x08003b24   0x00000066   Code   RO           20    i.MX_NVIC_Init      main.o
    0x08003b8a   0x08003b8a   0x00000002   PAD
    0x08003b8c   0x08003b8c   0x0000005c   Code   RO           21    i.MX_TIM2_Init      main.o
    0x08003be8   0x08003be8   0x0000005c   Code   RO           22    i.MX_TIM3_Init      main.o
    0x08003c44   0x08003c44   0x000000d4   Code   RO           23    i.MX_TIM8_Init      main.o
    0x08003d18   0x08003d18   0x0000003e   Code   RO         5039    i.NTC_CalcAvTemp    ntc_temperature_sensor.o
    0x08003d56   0x08003d56   0x00000006   Code   RO         5041    i.NTC_Clear         ntc_temperature_sensor.o
    0x08003d5c   0x08003d5c   0x00000026   Code   RO         5042    i.NTC_GetAvTemp_C   ntc_temperature_sensor.o
    0x08003d82   0x08003d82   0x00000028   Code   RO         5044    i.NTC_Init          ntc_temperature_sensor.o
    0x08003daa   0x08003daa   0x0000001a   Code   RO         5045    i.NTC_SetFaultState  ntc_temperature_sensor.o
    0x08003dc4   0x08003dc4   0x00000006   Code   RO         5149    i.PID_GetKD         pid_regulator.o
    0x08003dca   0x08003dca   0x00000006   Code   RO         5151    i.PID_GetKI         pid_regulator.o
    0x08003dd0   0x08003dd0   0x00000004   Code   RO         5152    i.PID_GetKIDivisor  pid_regulator.o
    0x08003dd4   0x08003dd4   0x00000006   Code   RO         5153    i.PID_GetKP         pid_regulator.o
    0x08003dda   0x08003dda   0x00000004   Code   RO         5154    i.PID_GetKPDivisor  pid_regulator.o
    0x08003dde   0x08003dde   0x00000014   Code   RO         5155    i.PID_HandleInit    pid_regulator.o
    0x08003df2   0x08003df2   0x00000004   Code   RO         5156    i.PID_SetIntegralTerm  pid_regulator.o
    0x08003df6   0x08003df6   0x00000004   Code   RO         5157    i.PID_SetKD         pid_regulator.o
    0x08003dfa   0x08003dfa   0x00000004   Code   RO         5158    i.PID_SetKI         pid_regulator.o
    0x08003dfe   0x08003dfe   0x00000004   Code   RO         5160    i.PID_SetKP         pid_regulator.o
    0x08003e02   0x08003e02   0x00000002   PAD
    0x08003e04   0x08003e04   0x0000008c   Code   RO         5167    i.PI_Controller     pid_regulator.o
    0x08003e90   0x08003e90   0x00000078   Code   RO         5291    i.PQD_CalcElMotorPower  pqd_motor_power_measurement.o
    0x08003f08   0x08003f08   0x00000004   Code   RO         5315    i.PWMC_CheckOverCurrent  pwm_curr_fdbk.o
    0x08003f0c   0x08003f0c   0x0000004a   Code   RO         5316    i.PWMC_CurrentReadingCalibr  pwm_curr_fdbk.o
    0x08003f56   0x08003f56   0x00000004   Code   RO         5317    i.PWMC_GetPhaseCurrents  pwm_curr_fdbk.o
    0x08003f5a   0x08003f5a   0x000001f2   Code   RO         5340    i.PWMC_SetPhaseVoltage  pwm_curr_fdbk.o
    0x0800414c   0x0800414c   0x00000004   Code   RO         5341    i.PWMC_SwitchOffPWM  pwm_curr_fdbk.o
    0x08004150   0x08004150   0x00000034   Code   RO         6109    i.R3F4XX_BRK_IRQHandler  r3_f4xx_pwm_curr_fdbk.o
    0x08004184   0x08004184   0x000000f8   Code   RO         6110    i.R3F4XX_CurrentReadingCalibration  r3_f4xx_pwm_curr_fdbk.o
    0x0800427c   0x0800427c   0x0000012c   Code   RO         6112    i.R3F4XX_GetPhaseCurrents  r3_f4xx_pwm_curr_fdbk.o
    0x080043a8   0x080043a8   0x00000044   Code   RO         6113    i.R3F4XX_HFCurrentsCalibrationAB  r3_f4xx_pwm_curr_fdbk.o
    0x080043ec   0x080043ec   0x00000040   Code   RO         6114    i.R3F4XX_HFCurrentsCalibrationC  r3_f4xx_pwm_curr_fdbk.o
    0x0800442c   0x0800442c   0x000000b0   Code   RO         6115    i.R3F4XX_Init       r3_f4xx_pwm_curr_fdbk.o
    0x080044dc   0x080044dc   0x00000016   Code   RO         6116    i.R3F4XX_IsOverCurrentOccurred  r3_f4xx_pwm_curr_fdbk.o
    0x080044f2   0x080044f2   0x00000002   PAD
    0x080044f4   0x080044f4   0x000000f0   Code   RO         6117    i.R3F4XX_RLDetectionModeDisable  r3_f4xx_pwm_curr_fdbk.o
    0x080045e4   0x080045e4   0x000000c0   Code   RO         6118    i.R3F4XX_RLDetectionModeEnable  r3_f4xx_pwm_curr_fdbk.o
    0x080046a4   0x080046a4   0x000000a0   Code   RO         6119    i.R3F4XX_RLDetectionModeSetDuty  r3_f4xx_pwm_curr_fdbk.o
    0x08004744   0x08004744   0x00000030   Code   RO         6120    i.R3F4XX_RLGetPhaseCurrents  r3_f4xx_pwm_curr_fdbk.o
    0x08004774   0x08004774   0x000000cc   Code   RO         6121    i.R3F4XX_RLSwitchOnPWM  r3_f4xx_pwm_curr_fdbk.o
    0x08004840   0x08004840   0x0000004a   Code   RO         6122    i.R3F4XX_RLTurnOnLowSides  r3_f4xx_pwm_curr_fdbk.o
    0x0800488a   0x0800488a   0x000000a8   Code   RO         6123    i.R3F4XX_SetADCSampPointSect1  r3_f4xx_pwm_curr_fdbk.o
    0x08004932   0x08004932   0x000000a8   Code   RO         6124    i.R3F4XX_SetADCSampPointSect2  r3_f4xx_pwm_curr_fdbk.o
    0x080049da   0x080049da   0x000000a8   Code   RO         6125    i.R3F4XX_SetADCSampPointSect3  r3_f4xx_pwm_curr_fdbk.o
    0x08004a82   0x08004a82   0x000000a8   Code   RO         6126    i.R3F4XX_SetADCSampPointSect4  r3_f4xx_pwm_curr_fdbk.o
    0x08004b2a   0x08004b2a   0x000000a8   Code   RO         6127    i.R3F4XX_SetADCSampPointSect5  r3_f4xx_pwm_curr_fdbk.o
    0x08004bd2   0x08004bd2   0x000000a8   Code   RO         6128    i.R3F4XX_SetADCSampPointSect6  r3_f4xx_pwm_curr_fdbk.o
    0x08004c7a   0x08004c7a   0x00000078   Code   RO         6129    i.R3F4XX_SwitchOffPWM  r3_f4xx_pwm_curr_fdbk.o
    0x08004cf2   0x08004cf2   0x00000002   PAD
    0x08004cf4   0x08004cf4   0x00000090   Code   RO         6130    i.R3F4XX_SwitchOnPWM  r3_f4xx_pwm_curr_fdbk.o
    0x08004d84   0x08004d84   0x00000094   Code   RO         6131    i.R3F4XX_TIMxInit   r3_f4xx_pwm_curr_fdbk.o
    0x08004e18   0x08004e18   0x00000080   Code   RO         6132    i.R3F4XX_TIMx_UP_IRQHandler  r3_f4xx_pwm_curr_fdbk.o
    0x08004e98   0x08004e98   0x00000050   Code   RO         6133    i.R3F4XX_TurnOnLowSides  r3_f4xx_pwm_curr_fdbk.o
    0x08004ee8   0x08004ee8   0x00000028   Code   RO         6134    i.R3F4XX_WriteTIMRegisters  r3_f4xx_pwm_curr_fdbk.o
    0x08004f10   0x08004f10   0x0000007c   Code   RO          959    i.RCM_ExecRegularConv  regular_conversion_manager.o
    0x08004f8c   0x08004f8c   0x00000040   Code   RO          960    i.RCM_ExecUserConv  regular_conversion_manager.o
    0x08004fcc   0x08004fcc   0x000000cc   Code   RO          963    i.RCM_RegisterRegConv  regular_conversion_manager.o
    0x08005098   0x08005098   0x00000010   Code   RO         5593    i.REMNG_Init        ramp_ext_mngr.o
    0x080050a8   0x080050a8   0x00000006   Code   RO         5654    i.RUC_GetNumberOfPhases  revup_ctrl.o
    0x080050ae   0x080050ae   0x0000000c   Code   RO         5655    i.RUC_GetPhaseDurationms  revup_ctrl.o
    0x080050ba   0x080050ba   0x0000000e   Code   RO         5656    i.RUC_GetPhaseFinalMecSpeed01Hz  revup_ctrl.o
    0x080050c8   0x080050c8   0x0000000e   Code   RO         5657    i.RUC_GetPhaseFinalTorque  revup_ctrl.o
    0x080050d6   0x080050d6   0x0000000c   Code   RO         5661    i.RUC_SetPhaseDurationms  revup_ctrl.o
    0x080050e2   0x080050e2   0x0000000c   Code   RO         5662    i.RUC_SetPhaseFinalMecSpeed01Hz  revup_ctrl.o
    0x080050ee   0x080050ee   0x0000000c   Code   RO         5663    i.RUC_SetPhaseFinalTorque  revup_ctrl.o
    0x080050fa   0x080050fa   0x00000068   Code   RO         5537    i.RVBS_CalcAvVbus   r_divider_bus_voltage_sensor.o
    0x08005162   0x08005162   0x0000001a   Code   RO         5539    i.RVBS_CheckFaultState  r_divider_bus_voltage_sensor.o
    0x0800517c   0x0800517c   0x0000002c   Code   RO         5540    i.RVBS_Clear        r_divider_bus_voltage_sensor.o
    0x080051a8   0x080051a8   0x0000001a   Code   RO         5542    i.RVBS_Init         r_divider_bus_voltage_sensor.o
    0x080051c2   0x080051c2   0x00000006   Code   RO         5759    i.SPD_GetAvrgMecSpeed01Hz  speed_pos_fdbk.o
    0x080051c8   0x080051c8   0x00000006   Code   RO         5760    i.SPD_GetElAngle    speed_pos_fdbk.o
    0x080051ce   0x080051ce   0x00000014   Code   RO         5764    i.SPD_GetS16Speed   speed_pos_fdbk.o
    0x080051e2   0x080051e2   0x00000064   Code   RO         5765    i.SPD_IsMecSpeedReliable  speed_pos_fdbk.o
    0x08005246   0x08005246   0x00000060   Code   RO         5830    i.STC_CalcTorqueReference  speed_torq_ctrl.o
    0x080052a6   0x080052a6   0x00000010   Code   RO         5831    i.STC_Clear         speed_torq_ctrl.o
    0x080052b6   0x080052b6   0x0000008e   Code   RO         5832    i.STC_ExecRamp      speed_torq_ctrl.o
    0x08005344   0x08005344   0x00000010   Code   RO         5833    i.STC_ForceSpeedReferenceToCurrentSpeed  speed_torq_ctrl.o
    0x08005354   0x08005354   0x00000014   Code   RO         5835    i.STC_GetDefaultIqdref  speed_torq_ctrl.o
    0x08005368   0x08005368   0x00000004   Code   RO         5836    i.STC_GetMaxAppPositiveMecSpeed01Hz  speed_torq_ctrl.o
    0x0800536c   0x0800536c   0x0000000c   Code   RO         5837    i.STC_GetMecSpeedRef01Hz  speed_torq_ctrl.o
    0x08005378   0x08005378   0x00000006   Code   RO         5838    i.STC_GetMecSpeedRef01HzDefault  speed_torq_ctrl.o
    0x0800537e   0x0800537e   0x00000006   Code   RO         5839    i.STC_GetMinAppNegativeMecSpeed01Hz  speed_torq_ctrl.o
    0x08005384   0x08005384   0x00000004   Code   RO         5840    i.STC_GetSpeedSensor  speed_torq_ctrl.o
    0x08005388   0x08005388   0x0000000c   Code   RO         5841    i.STC_GetTorqueRef  speed_torq_ctrl.o
    0x08005394   0x08005394   0x00000020   Code   RO         5842    i.STC_Init          speed_torq_ctrl.o
    0x080053b4   0x080053b4   0x00000008   Code   RO         5844    i.STC_SetControlMode  speed_torq_ctrl.o
    0x080053bc   0x080053bc   0x00000004   Code   RO         5846    i.STC_SetSpeedSensor  speed_torq_ctrl.o
    0x080053c0   0x080053c0   0x00000010   Code   RO         5848    i.STC_StopSpeedRamp  speed_torq_ctrl.o
    0x080053d0   0x080053d0   0x00000016   Code   RO         5962    i.STM_FaultAcknowledged  state_machine.o
    0x080053e6   0x080053e6   0x00000036   Code   RO         5963    i.STM_FaultProcessing  state_machine.o
    0x0800541c   0x0800541c   0x0000000a   Code   RO         5964    i.STM_GetFaultState  state_machine.o
    0x08005426   0x08005426   0x00000004   Code   RO         5965    i.STM_GetState      state_machine.o
    0x0800542a   0x0800542a   0x0000000a   Code   RO         5966    i.STM_Init          state_machine.o
    0x08005434   0x08005434   0x0000012a   Code   RO         5967    i.STM_NextState     state_machine.o
    0x0800555e   0x0800555e   0x00000002   PAD
    0x08005560   0x08005560   0x00000028   Code   RO         1033    i.SysTick_Handler   stm32f4xx_mc_it.o
    0x08005588   0x08005588   0x00000088   Code   RO           24    i.SystemClock_Config  main.o
    0x08005610   0x08005610   0x0000001c   Code   RO         1506    i.SystemInit        system_stm32f4xx.o
    0x0800562c   0x0800562c   0x00000028   Code   RO         1034    i.TIM2_IRQHandler   stm32f4xx_mc_it.o
    0x08005654   0x08005654   0x0000000c   Code   RO         1376    i.TIM3_IRQHandler   stm32f4xx_it.o
    0x08005660   0x08005660   0x0000002c   Code   RO         1035    i.TIM8_BRK_TIM12_IRQHandler  stm32f4xx_mc_it.o
    0x0800568c   0x0800568c   0x00000018   Code   RO         1036    i.TIM8_UP_TIM13_IRQHandler  stm32f4xx_mc_it.o
    0x080056a4   0x080056a4   0x000000cc   Code   RO         3305    i.TIM_Base_SetConfig  stm32f4xx_hal_tim.o
    0x08005770   0x08005770   0x0000001e   Code   RO         3306    i.TIM_CCxChannelCmd  stm32f4xx_hal_tim.o
    0x0800578e   0x0800578e   0x00000016   Code   RO         3316    i.TIM_ETR_SetConfig  stm32f4xx_hal_tim.o
    0x080057a4   0x080057a4   0x00000070   Code   RO         3318    i.TIM_OC1_SetConfig  stm32f4xx_hal_tim.o
    0x08005814   0x08005814   0x00000078   Code   RO         3319    i.TIM_OC2_SetConfig  stm32f4xx_hal_tim.o
    0x0800588c   0x0800588c   0x00000078   Code   RO         3320    i.TIM_OC3_SetConfig  stm32f4xx_hal_tim.o
    0x08005904   0x08005904   0x00000058   Code   RO         3321    i.TIM_OC4_SetConfig  stm32f4xx_hal_tim.o
    0x0800595c   0x0800595c   0x00000094   Code   RO         3322    i.TIM_SlaveTimer_SetConfig  stm32f4xx_hal_tim.o
    0x080059f0   0x080059f0   0x00000026   Code   RO         3323    i.TIM_TI1_ConfigInputStage  stm32f4xx_hal_tim.o
    0x08005a16   0x08005a16   0x00000024   Code   RO         3325    i.TIM_TI2_ConfigInputStage  stm32f4xx_hal_tim.o
    0x08005a3a   0x08005a3a   0x00000002   PAD
    0x08005a3c   0x08005a3c   0x00000014   Code   RO          843    i.TSK_ChargeBootCapDelayHasElapsedM1  mc_tasks.o
    0x08005a50   0x08005a50   0x00000020   Code   RO          844    i.TSK_HardwareFaultTask  mc_tasks.o
    0x08005a70   0x08005a70   0x0000002c   Code   RO          845    i.TSK_HighFrequencyTask  mc_tasks.o
    0x08005a9c   0x08005a9c   0x000001d4   Code   RO          846    i.TSK_MediumFrequencyTaskM1  mc_tasks.o
    0x08005c70   0x08005c70   0x00000020   Code   RO          847    i.TSK_SafetyTask    mc_tasks.o
    0x08005c90   0x08005c90   0x00000088   Code   RO          848    i.TSK_SafetyTask_PWMOFF  mc_tasks.o
    0x08005d18   0x08005d18   0x0000000c   Code   RO         1377    i.UART5_IRQHandler  stm32f4xx_it.o
    0x08005d24   0x08005d24   0x00000010   Code   RO         4192    i.UART_DMAAbortOnError  stm32f4xx_hal_uart.o
    0x08005d34   0x08005d34   0x0000001c   Code   RO         4202    i.UART_EndRxTransfer  stm32f4xx_hal_uart.o
    0x08005d50   0x08005d50   0x0000001a   Code   RO         4203    i.UART_EndTransmit_IT  stm32f4xx_hal_uart.o
    0x08005d6a   0x08005d6a   0x0000009c   Code   RO         4205    i.UART_Receive_IT   stm32f4xx_hal_uart.o
    0x08005e06   0x08005e06   0x00000002   PAD
    0x08005e08   0x08005e08   0x0000019c   Code   RO         4206    i.UART_SetConfig    stm32f4xx_hal_uart.o
    0x08005fa4   0x08005fa4   0x00000066   Code   RO         4207    i.UART_Transmit_IT  stm32f4xx_hal_uart.o
    0x0800600a   0x0800600a   0x00000078   Code   RO         4208    i.UART_WaitOnFlagUntilTimeout  stm32f4xx_hal_uart.o
    0x08006082   0x08006082   0x00000008   Code   RO         6455    i.UFCP_AbortReceive  usart_frame_communication_protocol.o
    0x0800608a   0x0800608a   0x00000004   Code   RO         6456    i.UFCP_Init         usart_frame_communication_protocol.o
    0x0800608e   0x0800608e   0x00000012   Code   RO         6457    i.UFCP_OVR_IRQ_Handler  usart_frame_communication_protocol.o
    0x080060a0   0x080060a0   0x000000b4   Code   RO         6458    i.UFCP_RX_IRQ_Handler  usart_frame_communication_protocol.o
    0x08006154   0x08006154   0x00000028   Code   RO         6459    i.UFCP_Receive      usart_frame_communication_protocol.o
    0x0800617c   0x0800617c   0x00000054   Code   RO         6460    i.UFCP_Send         usart_frame_communication_protocol.o
    0x080061d0   0x080061d0   0x00000064   Code   RO         6462    i.UFCP_TX_IRQ_Handler  usart_frame_communication_protocol.o
    0x08006234   0x08006234   0x0000000a   Code   RO         1244    i.UI_DACExec        user_interface.o
    0x0800623e   0x0800623e   0x0000000a   Code   RO         1245    i.UI_DACInit        user_interface.o
    0x08006248   0x08006248   0x00000020   Code   RO         1138    i.UI_DACUpdate      ui_task.o
    0x08006268   0x08006268   0x0000006e   Code   RO         1246    i.UI_ExecCmd        user_interface.o
    0x080062d6   0x080062d6   0x0000001c   Code   RO         1247    i.UI_ExecSpeedRamp  user_interface.o
    0x080062f2   0x080062f2   0x00000010   Code   RO         1250    i.UI_GetDAC         user_interface.o
    0x08006302   0x08006302   0x00000004   Code   RO         1251    i.UI_GetMPInfo      user_interface.o
    0x08006306   0x08006306   0x00000002   PAD
    0x08006308   0x08006308   0x00000284   Code   RO         1252    i.UI_GetReg         user_interface.o
    0x0800658c   0x0800658c   0x00000048   Code   RO         1253    i.UI_GetRevupData   user_interface.o
    0x080065d4   0x080065d4   0x00000006   Code   RO         1254    i.UI_GetSelectedMC  user_interface.o
    0x080065da   0x080065da   0x00000018   Code   RO         1139    i.UI_HandleStartStopButton_cb  ui_task.o
    0x080065f2   0x080065f2   0x00000014   Code   RO         1256    i.UI_Init           user_interface.o
    0x08006606   0x08006606   0x00000002   PAD
    0x08006608   0x08006608   0x0000002c   Code   RO         1141    i.UI_Scheduler      ui_task.o
    0x08006634   0x08006634   0x00000014   Code   RO         1257    i.UI_SelectMC       user_interface.o
    0x08006648   0x08006648   0x0000000c   Code   RO         1144    i.UI_SerialCommunicationTimeOutStart  ui_task.o
    0x08006654   0x08006654   0x0000000c   Code   RO         1145    i.UI_SerialCommunicationTimeOutStop  ui_task.o
    0x08006660   0x08006660   0x0000001c   Code   RO         1258    i.UI_SetCurrentReferences  user_interface.o
    0x0800667c   0x0800667c   0x0000000a   Code   RO         1259    i.UI_SetDAC         user_interface.o
    0x08006686   0x08006686   0x00000100   Code   RO         1260    i.UI_SetReg         user_interface.o
    0x08006786   0x08006786   0x00000038   Code   RO         1261    i.UI_SetRevupData   user_interface.o
    0x080067be   0x080067be   0x00000002   PAD
    0x080067c0   0x080067c0   0x000000a0   Code   RO         1147    i.UI_TaskInit       ui_task.o
    0x08006860   0x08006860   0x0000006c   Code   RO         1037    i.USART1_IRQHandler  stm32f4xx_mc_it.o
    0x080068cc   0x080068cc   0x0000000a   Code   RO         4486    i.VBS_GetAvBusVoltage_V  bus_voltage_sensor.o
    0x080068d6   0x080068d6   0x0000002c   Code   RO         6018    i.VSS_Clear         virtual_speed_sensor.o
    0x08006902   0x08006902   0x00000004   Code   RO         6020    i.VSS_Init          virtual_speed_sensor.o
    0x08006906   0x08006906   0x00000072   Code   RO         6025    i.VSS_SetMecAcceleration  virtual_speed_sensor.o
    0x08006978   0x08006978   0x0000000e   Code   RO         6026    i.VSS_SetMecAngle   virtual_speed_sensor.o
    0x08006986   0x08006986   0x00000002   PAD
    0x08006988   0x08006988   0x00000020   Code   RO         6813    i.__0printf         mc_w.l(printfa.o)
    0x080069a8   0x080069a8   0x00000030   Code   RO         6870    i.__ARM_fpclassify  m_wm.l(fpclassify.o)
    0x080069d8   0x080069d8   0x000000c8   Code   RO         6557    i.__hardfp_sin      m_wm.l(sin.o)
    0x08006aa0   0x08006aa0   0x00000438   Code   RO         6875    i.__ieee754_rem_pio2  m_wm.l(rred.o)
    0x08006ed8   0x08006ed8   0x00000170   Code   RO         6853    i.__kernel_cos      m_wm.l(cos_i.o)
    0x08007048   0x08007048   0x000000f8   Code   RO         6872    i.__kernel_poly     m_wm.l(poly.o)
    0x08007140   0x08007140   0x00000130   Code   RO         6880    i.__kernel_sin      m_wm.l(sin_i.o)
    0x08007270   0x08007270   0x00000014   Code   RO         6857    i.__mathlib_dbl_infnan  m_wm.l(dunder.o)
    0x08007284   0x08007284   0x00000004   PAD
    0x08007288   0x08007288   0x00000020   Code   RO         6859    i.__mathlib_dbl_invalid  m_wm.l(dunder.o)
    0x080072a8   0x080072a8   0x00000020   Code   RO         6862    i.__mathlib_dbl_underflow  m_wm.l(dunder.o)
    0x080072c8   0x080072c8   0x0000000e   Code   RO         6945    i.__scatterload_copy  mc_w.l(handlers.o)
    0x080072d6   0x080072d6   0x00000002   Code   RO         6946    i.__scatterload_null  mc_w.l(handlers.o)
    0x080072d8   0x080072d8   0x0000000e   Code   RO         6947    i.__scatterload_zeroinit  mc_w.l(handlers.o)
    0x080072e6   0x080072e6   0x00000002   PAD
    0x080072e8   0x080072e8   0x0000000c   Code   RO         6913    i.__set_errno       mc_w.l(errno.o)
    0x080072f4   0x080072f4   0x00000184   Code   RO         6820    i._fp_digits        mc_w.l(printfa.o)
    0x08007478   0x08007478   0x000006b4   Code   RO         6821    i._printf_core      mc_w.l(printfa.o)
    0x08007b2c   0x08007b2c   0x00000024   Code   RO         6822    i._printf_post_padding  mc_w.l(printfa.o)
    0x08007b50   0x08007b50   0x0000002e   Code   RO         6823    i._printf_pre_padding  mc_w.l(printfa.o)
    0x08007b7e   0x08007b7e   0x00000018   Code   RO         6937    i.fabs              m_wm.l(fabs.o)
    0x08007b96   0x08007b96   0x00000002   PAD
    0x08007b98   0x08007b98   0x00000018   Code   RO           27    i.fputc             main.o
    0x08007bb0   0x08007bb0   0x0000011c   Code   RO           28    i.function_step_test  main.o
    0x08007ccc   0x08007ccc   0x00000198   Code   RO           29    i.function_sweep_follow_test  main.o
    0x08007e64   0x08007e64   0x00000018   Code   RO           31    i.get_uint8_sum_check  main.o
    0x08007e7c   0x08007e7c   0x00000124   Code   RO           33    i.main              main.o
    0x08007fa0   0x08007fa0   0x000000a4   Code   RO          850    i.mc_lock_pins      mc_tasks.o
    0x08008044   0x08008044   0x0000005c   Code   RO           36    i.send_data_2_matlab  main.o
    0x080080a0   0x080080a0   0x00000068   Code   RO         5507    i.startTimers       pwm_common.o
    0x08008108   0x08008108   0x00000020   Data   RO          376    .constdata          motorcontrol.o
    0x08008128   0x08008128   0x00000034   Data   RO         1113    .constdata          mc_parameters.o
    0x0800815c   0x0800815c   0x00000010   Data   RO         1507    .constdata          system_stm32f4xx.o
    0x0800816c   0x0800816c   0x00000008   Data   RO         1508    .constdata          system_stm32f4xx.o
    0x08008174   0x08008174   0x00000200   Data   RO         4724    .constdata          mc_math.o
    0x08008374   0x08008374   0x0000000e   Data   RO         6135    .constdata          r3_f4xx_pwm_curr_fdbk.o
    0x08008382   0x08008382   0x00000006   Data   RO         6463    .constdata          usart_frame_communication_protocol.o
    0x08008388   0x08008388   0x00000030   Data   RO         6854    .constdata          m_wm.l(cos_i.o)
    0x080083b8   0x080083b8   0x000000c8   Data   RO         6877    .constdata          m_wm.l(rred.o)
    0x08008480   0x08008480   0x00000028   Data   RO         6881    .constdata          m_wm.l(sin_i.o)
    0x080084a8   0x080084a8   0x00000020   Data   RO         6943    Region$$Table       anon$$obj.o


    Execution Region RW_IRAM2 (Exec base: 0x10000000, Load base: 0x08008674, Size: 0x00000000, Max: 0x00010000, ABSOLUTE)

    **** No section assigned to this execution region ****


    Execution Region RW_IRAM1 (Exec base: 0x20000000, Load base: 0x080084c8, Size: 0x00000e60, Max: 0x00020000, ABSOLUTE, COMPRESSED[0x000001ac])

    Exec Addr    Load Addr    Size         Type   Attr      Idx    E Section Name        Object

    0x20000000   COMPRESSED   0x0000005c   Data   RW           38    .data               main.o
    0x2000005c   COMPRESSED   0x0000000c   Data   RW          377    .data               motorcontrol.o
    0x20000068   COMPRESSED   0x00000008   Data   RW          723    .data               motor_control_protocol.o
    0x20000070   COMPRESSED   0x00000114   Data   RW          789    .data               mc_config.o
    0x20000184   COMPRESSED   0x0000002c   Data   RW          791    .data               mc_config.o
    0x200001b0   COMPRESSED   0x0000002c   Data   RW          792    .data               mc_config.o
    0x200001dc   COMPRESSED   0x0000002c   Data   RW          793    .data               mc_config.o
    0x20000208   COMPRESSED   0x00000034   Data   RW          794    .data               mc_config.o
    0x2000023c   COMPRESSED   0x00000094   Data   RW          796    .data               mc_config.o
    0x200002d0   COMPRESSED   0x00000030   Data   RW          797    .data               mc_config.o
    0x20000300   COMPRESSED   0x00000078   Data   RW          798    .data               mc_config.o
    0x20000378   COMPRESSED   0x0000001c   Data   RW          799    .data               mc_config.o
    0x20000394   COMPRESSED   0x00000028   Data   RW          800    .data               mc_config.o
    0x200003bc   COMPRESSED   0x00000038   Data   RW          801    .data               mc_config.o
    0x200003f4   COMPRESSED   0x00000030   Data   RW          802    .data               mc_config.o
    0x20000424   COMPRESSED   0x0000003c   Data   RW          803    .data               mc_config.o
    0x20000460   COMPRESSED   0x00000014   Data   RW          804    .data               mc_config.o
    0x20000474   COMPRESSED   0x000000b2   Data   RW          805    .data               mc_config.o
    0x20000526   COMPRESSED   0x00000002   PAD
    0x20000528   COMPRESSED   0x0000013c   Data   RW          806    .data               mc_config.o
    0x20000664   COMPRESSED   0x0000003a   Data   RW          852    .data               mc_tasks.o
    0x2000069e   COMPRESSED   0x00000004   Data   RW          967    .data               regular_conversion_manager.o
    0x200006a2   COMPRESSED   0x00000001   Data   RW         1038    .data               stm32f4xx_mc_it.o
    0x200006a3   COMPRESSED   0x00000001   PAD
    0x200006a4   COMPRESSED   0x00000010   Data   RW         1150    .data               ui_task.o
    0x200006b4   COMPRESSED   0x00000004   Data   RW         1509    .data               system_stm32f4xx.o
    0x200006b8   COMPRESSED   0x0000000c   Data   RW         2759    .data               stm32f4xx_hal.o
    0x200006c4   COMPRESSED   0x00000004   Data   RW         6902    .data               mc_w.l(stdout.o)
    0x200006c8   COMPRESSED   0x00000004   Data   RW         6914    .data               mc_w.l(errno.o)
    0x200006cc        -       0x00000200   Zero   RW           37    .bss                main.o
    0x200008cc        -       0x00000094   Zero   RW          851    .bss                mc_tasks.o
    0x20000960        -       0x00000030   Zero   RW          966    .bss                regular_conversion_manager.o
    0x20000990        -       0x000000cc   Zero   RW         1148    .bss                ui_task.o
    0x20000a5c   COMPRESSED   0x00000004   PAD
    0x20000a60        -       0x00000400   Zero   RW            1    STACK               startup_stm32f417xx.o


==============================================================================

Image component sizes


      Code (inc. data)   RO Data    RW Data    ZI Data      Debug   Object Name

        10          0          0          0          0       1208   bus_voltage_sensor.o
        92          0          0          0          0       1436   circle_limitation.o
        34          0          0          0          0       3510   dac_common_ui.o
       172          8          0          0          0      10842   dac_ui.o
         0          0          0          0          0       4096   digital_output.o
       150          0          0          0          0       4791   enc_align_ctrl.o
       462          0          0          0          0      31609   encoder_speed_pos_fdbk.o
       110          0          0          0          0       2989   frame_communication_protocol.o
      2514        300          0         92        512     745050   main.o
        88         28          0          0          0       3305   mc_api.o
         0          0          0       1522          0       1702   mc_config.o
       380          0          0          0          0      17212   mc_interface.o
       436         16        512          0          0       6633   mc_math.o
         0          0         52          0          0        269   mc_parameters.o
      1754        188          0         58        148      16033   mc_tasks.o
      1598        602          0          8          0       6520   motor_control_protocol.o
       100          0          0          0          0       2774   motor_power_measurement.o
        56          8         32         12          0      29171   motorcontrol.o
       172          0          0          0          0       4286   ntc_temperature_sensor.o
       202          4          0          0          0       8285   pid_regulator.o
       120          6          0          0          0       1479   pqd_motor_power_measurement.o
       104          4          0          0          0      32278   pwm_common.o
       584          0          0          0          0       4939   pwm_curr_fdbk.o
      3700        134         14          0          0     103488   r3_f4xx_pwm_curr_fdbk.o
       200          0          0          0          0       3714   r_divider_bus_voltage_sensor.o
        16          0          0          0          0       1101   ramp_ext_mngr.o
       392         30          0          4         48      45150   regular_conversion_manager.o
        82          0          0          0          0       5514   revup_ctrl.o
       132          0          0          0          0       3698   speed_pos_fdbk.o
       394          0          0          0          0      11794   speed_torq_ctrl.o
        36          8        392          0       1024        884   startup_stm32f417xx.o
       398         20          0          0          0       5276   state_machine.o
       188         30          0         12          0       9781   stm32f4xx_hal.o
       762         22          0          0          0       3031   stm32f4xx_hal_adc.o
       520         12          0          0          0       1614   stm32f4xx_hal_adc_ex.o
       218         16          0          0          0      35095   stm32f4xx_hal_cortex.o
       124          0          0          0          0       2151   stm32f4xx_hal_dac.o
        36          0          0          0          0       1223   stm32f4xx_hal_dma.o
       638         26          0          0          0       3394   stm32f4xx_hal_gpio.o
      1004        118          0          0          0       6016   stm32f4xx_hal_msp.o
      1718        104          0          0          0       7412   stm32f4xx_hal_rcc.o
      1970         54          0          0          0      17936   stm32f4xx_hal_tim.o
       260          0          0          0          0       3677   stm32f4xx_hal_tim_ex.o
      1514         18          0          0          0      10907   stm32f4xx_hal_uart.o
        30         12          0          0          0       1508   stm32f4xx_it.o
       444         42          0          1          0      88011   stm32f4xx_mc_it.o
        28          6         24          4          0       1271   system_stm32f4xx.o
       284         50          0         16        204       4643   ui_task.o
       434         12          6          0          0      22374   usart_frame_communication_protocol.o
      1290         80          0          0          0      13056   user_interface.o
       176          0          0          0          0       3570   virtual_speed_sensor.o

    ----------------------------------------------------------------------
     26164       1958       1064       1732       1940    1357706   Object Totals
         0          0         32          0          0          0   (incl. Generated)
        38          0          0          3          4          0   (incl. Padding)

    ----------------------------------------------------------------------

      Code (inc. data)   RO Data    RW Data    ZI Data      Debug   Library Member Name

       368         46         48          0          0        200   cos_i.o
        84         16          0          0          0        372   dunder.o
        24          0          0          0          0        124   fabs.o
        48          0          0          0          0        124   fpclassify.o
       248          0          0          0          0        152   poly.o
      1080        142        200          0          0        188   rred.o
       200         20          0          0          0        164   sin.o
       304         24         40          0          0        208   sin_i.o
        86          0          0          0          0          0   __dczerorl2.o
         0          0          0          0          0          0   entry.o
         0          0          0          0          0          0   entry10a.o
         0          0          0          0          0          0   entry11a.o
         4          0          0          0          0          0   entry12b.o
         8          4          0          0          0          0   entry2.o
         4          0          0          0          0          0   entry5.o
         0          0          0          0          0          0   entry7b.o
         0          0          0          0          0          0   entry8b.o
         8          4          0          0          0          0   entry9a.o
        12          6          0          4          0         68   errno.o
        30          0          0          0          0          0   handlers.o
        36          8          0          0          0         68   init.o
         0          0          0          0          0          0   iusefp.o
        30          0          0          0          0         68   llshl.o
        36          0          0          0          0         68   llsshr.o
        32          0          0          0          0         68   llushr.o
        36          0          0          0          0         68   memcpya.o
        36          0          0          0          0        108   memseta.o
      2218         90          0          0          0        464   printfa.o
         0          0          0          4          0          0   stdout.o
        44          0          0          0          0         80   uidiv.o
        98          0          0          0          0         92   uldiv.o
        48          0          0          0          0         68   cdrcmple.o
        56          0          0          0          0         88   d2f.o
       334          0          0          0          0        148   dadd.o
       222          0          0          0          0        100   ddiv.o
       186          0          0          0          0        176   depilogue.o
        62          0          0          0          0         80   dfixi.o
        48          0          0          0          0         68   dfixul.o
        34          0          0          0          0         76   dflti.o
        26          0          0          0          0         76   dfltui.o
       228          0          0          0          0         96   dmul.o
        38          0          0          0          0         68   f2d.o
       110          0          0          0          0        168   fepilogue.o

    ----------------------------------------------------------------------
      6476        360        288          8          0       3896   Library Totals
        10          0          0          0          0          0   (incl. Padding)

    ----------------------------------------------------------------------

      Code (inc. data)   RO Data    RW Data    ZI Data      Debug   Library Name

      2356        248        288          0          0       1532   m_wm.l
      2718        112          0          8          0       1152   mc_w.l
      1392          0          0          0          0       1212   mf_w.l

    ----------------------------------------------------------------------
      6476        360        288          8          0       3896   Library Totals

    ----------------------------------------------------------------------

==============================================================================


      Code (inc. data)   RO Data    RW Data    ZI Data      Debug   

     32640       2318       1352       1740       1940    1330190   Grand Totals
     32640       2318       1352        428       1940    1330190   ELF Image Totals (compressed)
     32640       2318       1352        428          0          0   ROM Totals

==============================================================================

    Total RO  Size (Code + RO Data)                33992 (  33.20kB)
    Total RW  Size (RW Data + ZI Data)              3680 (   3.59kB)
    Total ROM Size (Code + RO Data + RW Data)      34420 (  33.61kB)

==============================================================================

